 PhysXCooking_64

 Timestamp is 6493aa98 (Thu Jun 22 03:57:44 2023)

 Preferred load address is 0000000180000000

 Start         Length     Name                   Class
 0001:00000000 00000060H .text$di                CODE
 0001:00000060 000046e0H .text$mn                CODE
 0001:00004740 00000036H .text$mn$00             CODE
 0001:00004776 00000092H .text$x                 CODE
 0002:00000000 00000150H .idata$5                DATA
 0002:00000150 00000028H .00cfg                  DATA
 0002:00000178 00000008H .CRT$XCA                DATA
 0002:00000180 00000030H .CRT$XCU                DATA
 0002:000001b0 00000008H .CRT$XCZ                DATA
 0002:000001b8 00000008H .CRT$XIA                DATA
 0002:000001c0 00000008H .CRT$XIZ                DATA
 0002:000001c8 00000008H .CRT$XPA                DATA
 0002:000001d0 00000008H .CRT$XPZ                DATA
 0002:000001d8 00000008H .CRT$XTA                DATA
 0002:000001e0 00000010H .CRT$XTZ                DATA
 0002:000001e8 00000000H .gehcont$y              DATA
 0002:000001e8 00000000H .gfids$y                DATA
 0002:000001f0 00000690H .rdata                  DATA
 0002:00000880 00000000H .rdata$CastGuardVftablesA DATA
 0002:00000880 00000000H .rdata$CastGuardVftablesC DATA
 0002:00000880 00000074H .rdata$r                DATA
 0002:000008f4 000003bcH .rdata$zzzdbg           DATA
 0002:00000cb0 00000008H .rtc$IAA                DATA
 0002:00000cb8 00000008H .rtc$IZZ                DATA
 0002:00000cc0 00000008H .rtc$TAA                DATA
 0002:00000cc8 00000008H .rtc$TZZ                DATA
 0002:00000cd0 000003c0H .xdata                  DATA
 0002:00001090 00000040H .didat$2                DATA
 0002:000010d0 00000020H .didat$3                DATA
 0002:000010f0 000000f0H .didat$4                DATA
 0002:000011e0 000002c8H .didat$6                DATA
 0002:000014a8 000000f8H .didat$7                DATA
 0002:000015a0 00000e04H .edata                  DATA
 0002:000023a4 00000050H .idata$2                DATA
 0002:000023f4 00000014H .idata$3                DATA
 0002:00002408 00000150H .idata$4                DATA
 0002:00002558 00000368H .idata$6                DATA
 0003:00000000 00000058H .data                   DATA
 0003:00000058 000000d8H .data$r                 DATA
 0003:00000130 000000f0H .didat$5                DATA
 0003:00000220 00000140H .bss                    DATA
 0004:00000000 00000384H .pdata                  DATA
 0005:00000000 00002208H _RDATA                  DATA
 0006:00000000 000000a0H .rsrc$01                DATA
 0006:000000a0 000004b0H .rsrc$02                DATA

  Address         Publics by Value              Rva+Base               Lib:Object

 0000:00000000       __guard_iat_table          0000000000000000     <absolute>
 0000:00000000       __x64_code_ranges_to_entry_points 0000000000000000     <absolute>
 0000:00000000       __hybrid_auxiliary_iat     0000000000000000     <absolute>
 0000:00000000       __guard_eh_cont_count      0000000000000000     <absolute>
 0000:00000000       __guard_longjmp_count      0000000000000000     <absolute>
 0000:00000000       __guard_fids_count         0000000000000000     <absolute>
 0000:00000000       __guard_iat_count          0000000000000000     <absolute>
 0000:00000000       __guard_longjmp_table      0000000000000000     <absolute>
 0000:00000000       __AbsoluteZero             0000000000000000     <absolute>
 0000:00000000       __hybrid_code_map_count    0000000000000000     <absolute>
 0000:00000000       __arm64x_extra_rfe_table   0000000000000000     <absolute>
 0000:00000000       ___safe_se_handler_table   0000000000000000     <absolute>
 0000:00000000       __dynamic_value_reloc_table 0000000000000000     <absolute>
 0000:00000000       __guard_fids_table         0000000000000000     <absolute>
 0000:00000000       __hybrid_code_map          0000000000000000     <absolute>
 0000:00000000       __arm64x_redirection_metadata 0000000000000000     <absolute>
 0000:00000000       __volatile_metadata        0000000000000000     <absolute>
 0000:00000000       __arm64x_extra_rfe_table_size 0000000000000000     <absolute>
 0000:00000000       __x64_code_ranges_to_entry_points_count 0000000000000000     <absolute>
 0000:00000000       __arm64x_redirection_metadata_count 0000000000000000     <absolute>
 0000:00000000       __arm64x_native_entrypoint 0000000000000000     <absolute>
 0000:00000000       __enclave_config           0000000000000000     <absolute>
 0000:00000000       __guard_eh_cont_table      0000000000000000     <absolute>
 0000:00000000       ___safe_se_handler_count   0000000000000000     <absolute>
 0000:00000100       __guard_flags              0000000000000100     <absolute>
 0000:00000000       __ImageBase                0000000180000000     <linker-defined>
 0001:00000060       ??$copy@V?$PxReflectionAllocator@USlab@NodeAllocator@Gu@physx@@@physx@@@?$PxArray@USlab@NodeAllocator@Gu@physx@@V?$PxReflectionAllocator@USlab@NodeAllocator@Gu@physx@@@4@@physx@@IEAAXAEBV01@@Z 0000000180001060 f i Cooking.obj
 0001:000000e0       ??0AABBTreeBounds@Gu@physx@@QEAA@XZ 00000001800010e0 f i Cooking.obj
 0001:000000f0       ??0AABBTreeBuildNode@Gu@physx@@QEAA@AEBV012@@Z 00000001800010f0 f i Cooking.obj
 0001:000000f0       ??4AABBTreeBuildNode@Gu@physx@@QEAAAEAV012@AEBV012@@Z 00000001800010f0 f i Cooking.obj
 0001:00000130       ?getAABB@AABBTreeBuildNode@Gu@physx@@QEBAAEBVPxBounds3@3@XZ 0000000180001130 f i Cooking.obj
 0001:00000130       ??0AABBTreeBuildNode@Gu@physx@@QEAA@XZ 0000000180001130 f i Cooking.obj
 0001:00000130       ??4PxFoundation@physx@@QEAAAEAV01@AEBV01@@Z 0000000180001130 f i Cooking.obj
 0001:00000140       ??0AABBTreeBuildParams@Gu@physx@@QEAA@IIPEBVAABBTreeBounds@12@W4BVHBuildStrategy@12@@Z 0000000180001140 f i Cooking.obj
 0001:00000160       ??0NodeAllocator@Gu@physx@@QEAA@AEBV012@@Z 0000000180001160 f i Cooking.obj
 0001:000001a0       ??0PxFoundation@physx@@QEAA@XZ 00000001800011a0 f i Cooking.obj
 0001:000001a0       ??0PxFoundation@physx@@QEAA@AEBV01@@Z 00000001800011a0 f i Cooking.obj
 0001:000001b0       ??0PxRenderOutput@physx@@QEAA@AEAVPxRenderBuffer@1@@Z 00000001800011b0 f i Cooking.obj
 0001:00000200       ??0PxRenderOutput@physx@@QEAA@AEBV01@@Z 0000000180001200 f i Cooking.obj
 0001:000002a0       ??1AABBTreeBounds@Gu@physx@@QEAA@XZ 00000001800012a0 f i Cooking.obj
 0001:000002b0       _guard_check_icall_nop     00000001800012b0 f i MSVCRT:guard_support.obj
 0001:000002b0       ??1AABBTreeBuildNode@Gu@physx@@QEAA@XZ 00000001800012b0 f i Cooking.obj
 0001:000002c0       ?reset@AABBTreeBuildParams@Gu@physx@@QEAAXXZ 00000001800012c0 f i Cooking.obj
 0001:000002c0       ??1AABBTreeBuildParams@Gu@physx@@QEAA@XZ 00000001800012c0 f i Cooking.obj
 0001:00000310       ??1PxFoundation@physx@@MEAA@XZ 0000000180001310 f i Cooking.obj
 0001:00000320       ??4AABBTreeBounds@Gu@physx@@QEAAAEAV012@AEBV012@@Z 0000000180001320 f i Cooking.obj
 0001:00000330       ??4AABBTreeBuildParams@Gu@physx@@QEAAAEAV012@AEBV012@@Z 0000000180001330 f i Cooking.obj
 0001:00000350       ??4NodeAllocator@Gu@physx@@QEAAAEAV012@AEBV012@@Z 0000000180001350 f i Cooking.obj
 0001:00000400       ??6PxRenderOutput@physx@@QEAAAEAV01@AEBV?$PxMat44T@M@1@@Z 0000000180001400 f i Cooking.obj
 0001:00000470       ??6PxRenderOutput@physx@@QEAAAEAV01@AEBV?$PxTransformT@M@1@@Z 0000000180001470 f i Cooking.obj
 0001:000005f0       ??6PxRenderOutput@physx@@QEAAAEAV01@AEBV?$PxVec3T@M@1@@Z 00000001800015f0 f i Cooking.obj
 0001:000008f0       ??6PxRenderOutput@physx@@QEAAAEAV01@I@Z 00000001800018f0 f i Cooking.obj
 0001:00000900       ??6PxRenderOutput@physx@@QEAAAEAV01@W4Primitive@01@@Z 0000000180001900 f i Cooking.obj
 0001:00000910       ??_EPxFoundation@physx@@MEAAPEAXI@Z 0000000180001910 f i Cooking.obj
 0001:000009a0       ??_FAABBTreeBuildParams@Gu@physx@@QEAAXXZ 00000001800019a0 f i Cooking.obj
 0001:000009c0       ??_GCooking@physx@@UEAAPEAXI@Z 00000001800019c0 f i Cooking.obj
 0001:000009c0       ??_ECooking@physx@@UEAAPEAXI@Z 00000001800019c0 f i Cooking.obj
 0001:00000a10       ??_GPxCooking@physx@@MEAAPEAXI@Z 0000000180001a10 f i Cooking.obj
 0001:00000a10       ??_EPxCooking@physx@@MEAAPEAXI@Z 0000000180001a10 f i Cooking.obj
 0001:00000a40       ?allocate@?$PxArray@USlab@NodeAllocator@Gu@physx@@V?$PxReflectionAllocator@USlab@NodeAllocator@Gu@physx@@@4@@physx@@IEAAPEAUSlab@NodeAllocator@Gu@2@I@Z 0000000180001a40 f i Cooking.obj
 0001:00000ae0       ?assembleSoftBodyMesh@Cooking@physx@@UEBAPEAVPxSoftBodyMesh@2@AEAVPxSimulationTetrahedronMeshData@2@AEAVPxCollisionTetrahedronMeshData@2@AEAVPxCollisionMeshMappingData@2@AEAVPxInsertionCallback@2@@Z 0000000180001ae0 f   Cooking.obj
 0001:00000b00       ?assembleSoftBodyMesh@Cooking@physx@@UEBAPEAVPxSoftBodyMesh@2@AEAVPxTetrahedronMeshData@2@AEAVPxSoftBodySimulationData@2@0AEAVPxSoftBodyCollisionData@2@AEAVPxCollisionMeshMappingData@2@AEAVPxInsertionCallback@2@@Z 0000000180001b00 f   Cooking.obj
 0001:00000b40       ?computeCollisionData@Cooking@physx@@UEBAPEAVPxCollisionTetrahedronMeshData@2@AEBVPxTetrahedronMeshDesc@2@@Z 0000000180001b40 f   Cooking.obj
 0001:00000b50       ?computeHullPolygons@Cooking@physx@@UEBA_NAEBVPxSimpleTriangleMesh@2@AEAVPxAllocatorCallback@2@AEAIAEAPEAV?$PxVec3T@M@2@2AEAPEAI2AEAPEAUPxHullPolygon@2@@Z 0000000180001b50 f   Cooking.obj
 0001:00000b60       ?computeModelsMapping@Cooking@physx@@UEBAPEAVPxCollisionMeshMappingData@2@AEAVPxTetrahedronMeshData@2@AEBV42@AEBVPxSoftBodyCollisionData@2@PEBUPxBoundedData@2@@Z 0000000180001b60 f   Cooking.obj
 0001:00000b70       ?computeSimulationData@Cooking@physx@@UEBAPEAVPxSimulationTetrahedronMeshData@2@AEBVPxTetrahedronMeshDesc@2@@Z 0000000180001b70 f   Cooking.obj
 0001:00000b80       ?cookBVH@Cooking@physx@@UEBA_NAEBVPxBVHDesc@2@AEAVPxOutputStream@2@@Z 0000000180001b80 f   Cooking.obj
 0001:00000b90       ?cookConvexMesh@Cooking@physx@@UEBA_NAEBVPxConvexMeshDesc@2@AEAVPxOutputStream@2@PEAW4Enum@PxConvexMeshCookingResult@2@@Z 0000000180001b90 f   Cooking.obj
 0001:00000ba0       ?cookHeightField@Cooking@physx@@UEBA_NAEBVPxHeightFieldDesc@2@AEAVPxOutputStream@2@@Z 0000000180001ba0 f   Cooking.obj
 0001:00000bb0       ?cookSoftBodyMesh@Cooking@physx@@UEBA_NAEBVPxTetrahedronMeshDesc@2@0AEBVPxSoftBodySimulationDataDesc@2@AEAVPxOutputStream@2@@Z 0000000180001bb0 f   Cooking.obj
 0001:00000bc0       ?cookTetrahedronMesh@Cooking@physx@@UEBA_NAEBVPxTetrahedronMeshDesc@2@AEAVPxOutputStream@2@@Z 0000000180001bc0 f   Cooking.obj
 0001:00000bd0       ?cookTriangleMesh@Cooking@physx@@UEBA_NAEBVPxTriangleMeshDesc@2@AEAVPxOutputStream@2@PEAW4Enum@PxTriangleMeshCookingResult@2@@Z 0000000180001bd0 f   Cooking.obj
 0001:00000be0       ?createBVH@Cooking@physx@@UEBAPEAVPxBVH@2@AEBVPxBVHDesc@2@AEAVPxInsertionCallback@2@@Z 0000000180001be0 f   Cooking.obj
 0001:00000bf0       ?createConvexMesh@Cooking@physx@@UEBAPEAVPxConvexMesh@2@AEBVPxConvexMeshDesc@2@AEAVPxInsertionCallback@2@PEAW4Enum@PxConvexMeshCookingResult@2@@Z 0000000180001bf0 f   Cooking.obj
 0001:00000c00       ?createHeightField@Cooking@physx@@UEBAPEAVPxHeightField@2@AEBVPxHeightFieldDesc@2@AEAVPxInsertionCallback@2@@Z 0000000180001c00 f   Cooking.obj
 0001:00000c10       ?createSoftBodyMesh@Cooking@physx@@UEBAPEAVPxSoftBodyMesh@2@AEBVPxTetrahedronMeshDesc@2@0AEBVPxSoftBodySimulationDataDesc@2@AEAVPxInsertionCallback@2@@Z 0000000180001c10 f   Cooking.obj
 0001:00000c20       ?createTetrahedronMesh@Cooking@physx@@UEBAPEAVPxTetrahedronMesh@2@AEBVPxTetrahedronMeshDesc@2@AEAVPxInsertionCallback@2@@Z 0000000180001c20 f   Cooking.obj
 0001:00000c30       ?createTriangleMesh@Cooking@physx@@UEBAPEAVPxTriangleMesh@2@AEBVPxTriangleMeshDesc@2@AEAVPxInsertionCallback@2@PEAW4Enum@PxTriangleMeshCookingResult@2@@Z 0000000180001c30 f   Cooking.obj
 0001:00000c40       ?getBounds@AABBTreeBounds@Gu@physx@@QEBAPEBVPxBounds3@3@XZ 0000000180001c40 f i Cooking.obj
 0001:00000c40       ?getBounds@AABBTreeBounds@Gu@physx@@QEAAPEAVPxBounds3@3@XZ 0000000180001c40 f i Cooking.obj
 0001:00000c50       ?getNbRuntimePrimitives@AABBTreeBuildNode@Gu@physx@@QEBAIXZ 0000000180001c50 f i Cooking.obj
 0001:00000c50       ?getNbPrimitives@AABBTreeBuildNode@Gu@physx@@QEBAIXZ 0000000180001c50 f i Cooking.obj
 0001:00000c60       ?getNeg@AABBTreeBuildNode@Gu@physx@@QEBAPEBV123@XZ 0000000180001c60 f i Cooking.obj
 0001:00000c80       ?getParams@Cooking@physx@@UEBAAEBUPxCookingParams@2@XZ 0000000180001c80 f   Cooking.obj
 0001:00000c90       ?getPos@AABBTreeBuildNode@Gu@physx@@QEBAPEBV123@XZ 0000000180001c90 f i Cooking.obj
 0001:00000ca0       ?getPrimitives@AABBTreeBuildNode@Gu@physx@@QEBAPEBIPEBI@Z 0000000180001ca0 f i Cooking.obj
 0001:00000ca0       ?getPrimitives@AABBTreeBuildNode@Gu@physx@@QEAAPEAIPEAI@Z 0000000180001ca0 f i Cooking.obj
 0001:00000cb0       PxGetStandaloneInsertionCallback 0000000180001cb0 f   Cooking.obj
 0001:00000cb0       ?getStandaloneInsertionCallback@Cooking@physx@@UEAAAEAVPxInsertionCallback@2@XZ 0000000180001cb0 f   Cooking.obj
 0001:00000cc0       ?isLeaf@AABBTreeBuildNode@Gu@physx@@QEBA_NXZ 0000000180001cc0 f i Cooking.obj
 0001:00000cd0       ?moveFrom@AABBTreeBounds@Gu@physx@@QEAAXAEAV123@@Z 0000000180001cd0 f i Cooking.obj
 0001:00000ce0       ?outputCapsule@PxRenderOutput@physx@@QEAAAEAV12@MMAEBV?$PxMat44T@M@2@@Z 0000000180001ce0 f i Cooking.obj
 0001:000019f0       ?outputSegment@PxRenderOutput@physx@@QEAAXAEBV?$PxVec3T@M@2@0@Z 00000001800029f0 f i Cooking.obj
 0001:00001a60       ?ownsMemory@AABBTreeBounds@Gu@physx@@QEBA_NXZ 0000000180002a60 f i Cooking.obj
 0001:00001a70       ?platformMismatch@Cooking@physx@@UEBA_NXZ 0000000180002a70 f   Cooking.obj
 0001:00001a80       ?recreate@?$PxArray@USlab@NodeAllocator@Gu@physx@@V?$PxReflectionAllocator@USlab@NodeAllocator@Gu@physx@@@4@@physx@@IEAAXI@Z 0000000180002a80 f i Cooking.obj
 0001:00001b30       ?release@Cooking@physx@@UEAAXXZ 0000000180002b30 f   Cooking.obj
 0001:00001b50       ?reservePoints@PxRenderOutput@physx@@QEAAPEAUPxDebugPoint@2@I@Z 0000000180002b50 f i Cooking.obj
 0001:00001b60       ?reserveSegments@PxRenderOutput@physx@@QEAAPEAUPxDebugLine@2@I@Z 0000000180002b60 f i Cooking.obj
 0001:00001b70       ?setBounds@AABBTreeBounds@Gu@physx@@QEAAXPEAVPxBounds3@3@@Z 0000000180002b70 f i Cooking.obj
 0001:00001b80       ?setNbRunTimePrimitives@AABBTreeBuildNode@Gu@physx@@QEAAXI@Z 0000000180002b80 f i Cooking.obj
 0001:00001b90       ?setParams@Cooking@physx@@UEAAXAEBUPxCookingParams@2@@Z 0000000180002b90 f   Cooking.obj
 0001:00001bf0       ?takeOwnership@AABBTreeBounds@Gu@physx@@QEAAXXZ 0000000180002bf0 f i Cooking.obj
 0001:00001c00       ?validateConvexMesh@Cooking@physx@@UEBA_NAEBVPxConvexMeshDesc@2@@Z 0000000180002c00 f   Cooking.obj
 0001:00001c10       ?validateTriangleMesh@Cooking@physx@@UEBA_NAEBVPxTriangleMeshDesc@2@@Z 0000000180002c10 f   Cooking.obj
 0001:00001c20       PxAssembleSoftBodyMesh     0000000180002c20 f   Cooking.obj
 0001:00001c30       PxAssembleSoftBodyMesh_Sim 0000000180002c30 f   Cooking.obj
 0001:00001c40       PxComputeCollisionData     0000000180002c40 f   Cooking.obj
 0001:00001c50       PxComputeHullPolygons      0000000180002c50 f   Cooking.obj
 0001:00001c60       PxComputeModelsMapping     0000000180002c60 f   Cooking.obj
 0001:00001c70       PxComputeSimulationData    0000000180002c70 f   Cooking.obj
 0001:00001c80       PxCookBVH                  0000000180002c80 f   Cooking.obj
 0001:00001c90       PxCookConvexMesh           0000000180002c90 f   Cooking.obj
 0001:00001ca0       PxCookHeightField          0000000180002ca0 f   Cooking.obj
 0001:00001cb0       PxCookSoftBodyMesh         0000000180002cb0 f   Cooking.obj
 0001:00001cc0       PxCookTetrahedronMesh      0000000180002cc0 f   Cooking.obj
 0001:00001cd0       PxCookTriangleMesh         0000000180002cd0 f   Cooking.obj
 0001:00001ce0       PxCreateBVH                0000000180002ce0 f   Cooking.obj
 0001:00001cf0       PxCreateBVHInternal        0000000180002cf0 f   Cooking.obj
 0001:00001d80       PxCreateConvexMesh         0000000180002d80 f   Cooking.obj
 0001:00001d90       PxCreateCooking            0000000180002d90 f   Cooking.obj
 0001:00001e80       PxCreateHeightField        0000000180002e80 f   Cooking.obj
 0001:00001e90       PxCreateSoftBodyMesh       0000000180002e90 f   Cooking.obj
 0001:00001ea0       PxCreateTetrahedronMesh    0000000180002ea0 f   Cooking.obj
 0001:00001eb0       PxCreateTriangleMesh       0000000180002eb0 f   Cooking.obj
 0001:00001ec0       PxCreateTriangleMeshInternal 0000000180002ec0 f   Cooking.obj
 0001:00001f50       PxValidateConvexMesh       0000000180002f50 f   Cooking.obj
 0001:00001f60       PxValidateTriangleMesh     0000000180002f60 f   Cooking.obj
 0001:00001f70       ?cookingDelayHook@@YAP6A_JXZIPEAUDelayLoadInfo@@@Z 0000000180002f70 f   WindowsCookingDelayLoadHook.obj
 0001:00002050       PxSetPhysXCookingDelayLoadHook 0000000180003050 f   WindowsCookingDelayLoadHook.obj
 0001:00002058       __imp_load_getInsertionCallback 0000000180003058 f   PhysXCommon_64:PhysXCommon_64.dll
 0001:00002064       getInsertionCallback       0000000180003064 f   PhysXCommon_64:PhysXCommon_64.dll
 0001:0000206a       __tailMerge_physxcommon_64_dll 000000018000306a     PhysXCommon_64:PhysXCommon_64.dll
 0001:000020e3       __imp_load_cookBVH         00000001800030e3 f   PhysXCommon_64:PhysXCommon_64.dll
 0001:000020ef       cookBVH                    00000001800030ef f   PhysXCommon_64:PhysXCommon_64.dll
 0001:000020f5       __imp_load_createBVH       00000001800030f5 f   PhysXCommon_64:PhysXCommon_64.dll
 0001:00002101       createBVH                  0000000180003101 f   PhysXCommon_64:PhysXCommon_64.dll
 0001:00002107       __imp_load_cookHeightField 0000000180003107 f   PhysXCommon_64:PhysXCommon_64.dll
 0001:00002113       cookHeightField            0000000180003113 f   PhysXCommon_64:PhysXCommon_64.dll
 0001:00002119       __imp_load_createHeightField 0000000180003119 f   PhysXCommon_64:PhysXCommon_64.dll
 0001:00002125       createHeightField          0000000180003125 f   PhysXCommon_64:PhysXCommon_64.dll
 0001:0000212b       __imp_load_cookConvexMesh  000000018000312b f   PhysXCommon_64:PhysXCommon_64.dll
 0001:00002137       cookConvexMesh             0000000180003137 f   PhysXCommon_64:PhysXCommon_64.dll
 0001:0000213d       __imp_load_createConvexMesh 000000018000313d f   PhysXCommon_64:PhysXCommon_64.dll
 0001:00002149       createConvexMesh           0000000180003149 f   PhysXCommon_64:PhysXCommon_64.dll
 0001:0000214f       __imp_load_validateConvexMesh 000000018000314f f   PhysXCommon_64:PhysXCommon_64.dll
 0001:0000215b       validateConvexMesh         000000018000315b f   PhysXCommon_64:PhysXCommon_64.dll
 0001:00002161       __imp_load_computeHullPolygons 0000000180003161 f   PhysXCommon_64:PhysXCommon_64.dll
 0001:0000216d       computeHullPolygons        000000018000316d f   PhysXCommon_64:PhysXCommon_64.dll
 0001:00002173       __imp_load_validateTriangleMesh 0000000180003173 f   PhysXCommon_64:PhysXCommon_64.dll
 0001:0000217f       validateTriangleMesh       000000018000317f f   PhysXCommon_64:PhysXCommon_64.dll
 0001:00002185       __imp_load_createTriangleMesh 0000000180003185 f   PhysXCommon_64:PhysXCommon_64.dll
 0001:00002191       createTriangleMesh         0000000180003191 f   PhysXCommon_64:PhysXCommon_64.dll
 0001:00002197       __imp_load_cookTriangleMesh 0000000180003197 f   PhysXCommon_64:PhysXCommon_64.dll
 0001:000021a3       cookTriangleMesh           00000001800031a3 f   PhysXCommon_64:PhysXCommon_64.dll
 0001:000021a9       __imp_load_cookTetrahedronMesh 00000001800031a9 f   PhysXCommon_64:PhysXCommon_64.dll
 0001:000021b5       cookTetrahedronMesh        00000001800031b5 f   PhysXCommon_64:PhysXCommon_64.dll
 0001:000021bb       __imp_load_createTetrahedronMesh 00000001800031bb f   PhysXCommon_64:PhysXCommon_64.dll
 0001:000021c7       createTetrahedronMesh      00000001800031c7 f   PhysXCommon_64:PhysXCommon_64.dll
 0001:000021cd       __imp_load_cookSoftBodyMesh 00000001800031cd f   PhysXCommon_64:PhysXCommon_64.dll
 0001:000021d9       cookSoftBodyMesh           00000001800031d9 f   PhysXCommon_64:PhysXCommon_64.dll
 0001:000021df       __imp_load_createSoftBodyMesh 00000001800031df f   PhysXCommon_64:PhysXCommon_64.dll
 0001:000021eb       createSoftBodyMesh         00000001800031eb f   PhysXCommon_64:PhysXCommon_64.dll
 0001:000021f1       __imp_load_computeModelsMapping 00000001800031f1 f   PhysXCommon_64:PhysXCommon_64.dll
 0001:000021fd       computeModelsMapping       00000001800031fd f   PhysXCommon_64:PhysXCommon_64.dll
 0001:00002203       __imp_load_computeCollisionData 0000000180003203 f   PhysXCommon_64:PhysXCommon_64.dll
 0001:0000220f       computeCollisionData       000000018000320f f   PhysXCommon_64:PhysXCommon_64.dll
 0001:00002215       __imp_load_computeSimulationData 0000000180003215 f   PhysXCommon_64:PhysXCommon_64.dll
 0001:00002221       computeSimulationData      0000000180003221 f   PhysXCommon_64:PhysXCommon_64.dll
 0001:00002227       __imp_load_assembleSoftBodyMesh 0000000180003227 f   PhysXCommon_64:PhysXCommon_64.dll
 0001:00002233       assembleSoftBodyMesh       0000000180003233 f   PhysXCommon_64:PhysXCommon_64.dll
 0001:00002239       __imp_load_assembleSoftBodyMesh_Sim 0000000180003239 f   PhysXCommon_64:PhysXCommon_64.dll
 0001:00002245       assembleSoftBodyMesh_Sim   0000000180003245 f   PhysXCommon_64:PhysXCommon_64.dll
 0001:0000224b       __imp_load_?release@AABBTreeBounds@Gu@physx@@QEAAXXZ 000000018000324b f   PhysXCommon_64:PhysXCommon_64.dll
 0001:00002257       ?release@AABBTreeBounds@Gu@physx@@QEAAXXZ 0000000180003257 f   PhysXCommon_64:PhysXCommon_64.dll
 0001:0000225d       __imp_load_??0BVH@Gu@physx@@QEAA@AEBUPxBVHInternalData@2@@Z 000000018000325d f   PhysXCommon_64:PhysXCommon_64.dll
 0001:00002269       ??0BVH@Gu@physx@@QEAA@AEBUPxBVHInternalData@2@@Z 0000000180003269 f   PhysXCommon_64:PhysXCommon_64.dll
 0001:0000226f       __imp_load_??0BV4TriangleMesh@Gu@physx@@QEAA@AEBUPxTriangleMeshInternalData@2@@Z 000000018000326f f   PhysXCommon_64:PhysXCommon_64.dll
 0001:0000227b       ??0BV4TriangleMesh@Gu@physx@@QEAA@AEBUPxTriangleMeshInternalData@2@@Z 000000018000327b f   PhysXCommon_64:PhysXCommon_64.dll
 0001:00002281       __imp_load_PxGetFoundation 0000000180003281 f   PhysXFoundation_64:PhysXFoundation_64.dll
 0001:0000228d       PxGetFoundation            000000018000328d f   PhysXFoundation_64:PhysXFoundation_64.dll
 0001:00002293       __tailMerge_physxfoundation_64_dll 0000000180003293     PhysXFoundation_64:PhysXFoundation_64.dll
 0001:0000230c       __imp_load_PxGetBroadcastAllocator 000000018000330c f   PhysXFoundation_64:PhysXFoundation_64.dll
 0001:00002318       PxGetBroadcastAllocator    0000000180003318 f   PhysXFoundation_64:PhysXFoundation_64.dll
 0001:0000231e       __imp_load_PxDecFoundationRefCount 000000018000331e f   PhysXFoundation_64:PhysXFoundation_64.dll
 0001:0000232a       PxDecFoundationRefCount    000000018000332a f   PhysXFoundation_64:PhysXFoundation_64.dll
 0001:00002330       __imp_load_PxIncFoundationRefCount 0000000180003330 f   PhysXFoundation_64:PhysXFoundation_64.dll
 0001:0000233c       PxIncFoundationRefCount    000000018000333c f   PhysXFoundation_64:PhysXFoundation_64.dll
 0001:00002344       ?DloadAcquireSectionWriteAccess@@YAXXZ 0000000180003344 f i Delayimp:delayhlp.obj
 0001:000023f0       ?DloadGetSRWLockFunctionPointers@@YAEXZ 00000001800033f0 f i Delayimp:delayhlp.obj
 0001:0000248c       ?DloadMakePermanentImageCommit@@YAXPEAX_K@Z 000000018000348c f i Delayimp:delayhlp.obj
 0001:00002524       ?DloadObtainSection@@YAPEAXPEAK0@Z 0000000180003524 f i Delayimp:delayhlp.obj
 0001:000025c0       ?DloadProtectSection@@YAXKPEAK@Z 00000001800035c0 f i Delayimp:delayhlp.obj
 0001:00002650       ?DloadReleaseSectionWriteAccess@@YAXXZ 0000000180003650 f i Delayimp:delayhlp.obj
 0001:000026e4       __delayLoadHelper2         00000001800036e4 f   Delayimp:delayhlp.obj
 0001:000029bc       ??3@YAXPEAX@Z              00000001800039bc f   MSVCRT:delete_scalar.obj
 0001:000029c4       ??_V@YAXPEAX@Z             00000001800039c4 f   MSVCRT:delete_array.obj
 0001:000029c4       ??3@YAXPEAX_K@Z            00000001800039c4 f   MSVCRT:delete_scalar_size.obj
 0001:000029cc       ??_V@YAXPEAX_K@Z           00000001800039cc f   MSVCRT:delete_array_size.obj
 0001:000029e0       __vdecl_sinf4              00000001800039e0 f   MSVCRT:svml_ssinf4_dispatch.obj
 0001:00002a00       __libm_sse2_sincosf_       0000000180003a00 f   MSVCRT:svml_ssinf4_dispatch.obj
 0001:00002a43       __libm_sse2_sincosf4_      0000000180003a43 f   MSVCRT:svml_ssinf4_dispatch.obj
 0001:00002a50       ??_Gtype_info@@UEAAPEAXI@Z 0000000180003a50 f i MSVCRT:std_type_info_static.obj
 0001:00002a50       ??_Etype_info@@UEAAPEAXI@Z 0000000180003a50 f i MSVCRT:std_type_info_static.obj
 0001:00002a7c       ?__scrt_initialize_type_info@@YAXXZ 0000000180003a7c f   MSVCRT:tncleanup.obj
 0001:00002a8c       ?__scrt_uninitialize_type_info@@YAXXZ 0000000180003a8c f   MSVCRT:tncleanup.obj
 0001:00002db8       _DllMainCRTStartup         0000000180003db8 f   MSVCRT:dll_dllmain.obj
 0001:00002df8       __isa_available_init       0000000180003df8 f   MSVCRT:cpu_disp.obj
 0001:00002fa0       __sse2_sinf4@@16           0000000180003fa0 f   MSVCRT:svml_ssinf4_sse2.obj
 0001:000038e0       __sse4_sinf4@@16           00000001800048e0 f   MSVCRT:svml_ssinf4_sse4.obj
 0001:00004054       __security_init_cookie     0000000180005054 f   MSVCRT:gs_support.obj
 0001:00004100       DllMain                    0000000180005100 f   MSVCRT:dll_dllmain_stub.obj
 0001:00004124       __local_stdio_printf_options 0000000180005124 f i MSVCRT:default_local_stdio_options.obj
 0001:0000412c       __local_stdio_scanf_options 000000018000512c f i MSVCRT:default_local_stdio_options.obj
 0001:00004134       __scrt_initialize_default_local_stdio_options 0000000180005134 f   MSVCRT:default_local_stdio_options.obj
 0001:00004150       __scrt_acquire_startup_lock 0000000180005150 f   MSVCRT:utility.obj
 0001:0000418c       __scrt_dllmain_after_initialize_c 000000018000518c f   MSVCRT:utility.obj
 0001:000041c0       __scrt_dllmain_before_initialize_c 00000001800051c0 f   MSVCRT:utility.obj
 0001:000041d8       __scrt_dllmain_crt_thread_attach 00000001800051d8 f   MSVCRT:utility.obj
 0001:00004200       __scrt_dllmain_crt_thread_detach 0000000180005200 f   MSVCRT:utility.obj
 0001:00004218       __scrt_dllmain_exception_filter 0000000180005218 f   MSVCRT:utility.obj
 0001:00004278       __scrt_dllmain_uninitialize_c 0000000180005278 f   MSVCRT:utility.obj
 0001:000042a8       __scrt_dllmain_uninitialize_critical 00000001800052a8 f   MSVCRT:utility.obj
 0001:000042bc       __scrt_initialize_crt      00000001800052bc f   MSVCRT:utility.obj
 0001:00004308       __scrt_initialize_onexit_tables 0000000180005308 f   MSVCRT:utility.obj
 0001:00004394       __scrt_is_nonwritable_in_current_image 0000000180005394 f   MSVCRT:utility.obj
 0001:0000442c       __scrt_release_startup_lock 000000018000542c f   MSVCRT:utility.obj
 0001:00004450       __scrt_uninitialize_crt    0000000180005450 f   MSVCRT:utility.obj
 0001:0000447c       __scrt_get_dyn_tls_init_callback 000000018000547c f   MSVCRT:dyn_tls_init.obj
 0001:00004484       __crt_debugger_hook        0000000180005484 f   MSVCRT:utility_desktop.obj
 0001:0000448c       __scrt_fastfail            000000018000548c f   MSVCRT:utility_desktop.obj
 0001:000045d8       _RTC_Initialize            00000001800055d8 f   MSVCRT:initsect.obj
 0001:00004614       _RTC_Terminate             0000000180005614 f   MSVCRT:initsect.obj
 0001:00004650       __common_ssin_cout_rare    0000000180005650 f   MSVCRT:svml_s_sin_cout.obj
 0001:000046c0       _get_startup_argv_mode     00000001800056c0 f   MSVCRT:argv_mode.obj
 0001:000046c8       __scrt_is_ucrt_dll_in_use  00000001800056c8 f   MSVCRT:ucrt_detection.obj
 0001:000046d4       _purecall                  00000001800056d4 f   vcruntime:VCRUNTIME140.dll
 0001:000046da       __std_type_info_name       00000001800056da f   vcruntime:VCRUNTIME140.dll
 0001:000046e0       strstr                     00000001800056e0 f   vcruntime:VCRUNTIME140.dll
 0001:000046e6       __std_type_info_destroy_list 00000001800056e6 f   vcruntime:VCRUNTIME140.dll
 0001:000046ec       __C_specific_handler       00000001800056ec f   vcruntime:VCRUNTIME140.dll
 0001:000046f2       memset                     00000001800056f2 f   vcruntime:VCRUNTIME140.dll
 0001:000046f8       free                       00000001800056f8 f   ucrt:api-ms-win-crt-heap-l1-1-0.dll
 0001:000046fe       _initterm                  00000001800056fe f   ucrt:api-ms-win-crt-runtime-l1-1-0.dll
 0001:00004704       _initterm_e                0000000180005704 f   ucrt:api-ms-win-crt-runtime-l1-1-0.dll
 0001:0000470a       _seh_filter_dll            000000018000570a f   ucrt:api-ms-win-crt-runtime-l1-1-0.dll
 0001:00004710       _configure_narrow_argv     0000000180005710 f   ucrt:api-ms-win-crt-runtime-l1-1-0.dll
 0001:00004716       _initialize_narrow_environment 0000000180005716 f   ucrt:api-ms-win-crt-runtime-l1-1-0.dll
 0001:0000471c       _initialize_onexit_table   000000018000571c f   ucrt:api-ms-win-crt-runtime-l1-1-0.dll
 0001:00004722       _execute_onexit_table      0000000180005722 f   ucrt:api-ms-win-crt-runtime-l1-1-0.dll
 0001:00004728       _cexit                     0000000180005728 f   ucrt:api-ms-win-crt-runtime-l1-1-0.dll
 0001:0000472e       IsProcessorFeaturePresent  000000018000572e f   kernel32:KERNEL32.dll
 0001:00004734       __scrt_stub_for_acrt_uninitialize_critical 0000000180005734 f   MSVCRT:ucrt_stubs.obj
 0001:00004734       __vcrt_initialize          0000000180005734 f   MSVCRT:ucrt_stubs.obj
 0001:00004734       __acrt_thread_detach       0000000180005734 f   MSVCRT:ucrt_stubs.obj
 0001:00004734       __scrt_stub_for_acrt_thread_detach 0000000180005734 f   MSVCRT:ucrt_stubs.obj
 0001:00004734       __acrt_uninitialize        0000000180005734 f   MSVCRT:ucrt_stubs.obj
 0001:00004734       __scrt_stub_for_acrt_initialize 0000000180005734 f   MSVCRT:ucrt_stubs.obj
 0001:00004734       __scrt_stub_for_acrt_uninitialize 0000000180005734 f   MSVCRT:ucrt_stubs.obj
 0001:00004734       __vcrt_thread_detach       0000000180005734 f   MSVCRT:ucrt_stubs.obj
 0001:00004734       __acrt_thread_attach       0000000180005734 f   MSVCRT:ucrt_stubs.obj
 0001:00004734       __scrt_stub_for_acrt_thread_attach 0000000180005734 f   MSVCRT:ucrt_stubs.obj
 0001:00004734       __vcrt_thread_attach       0000000180005734 f   MSVCRT:ucrt_stubs.obj
 0001:00004734       __vcrt_uninitialize_critical 0000000180005734 f   MSVCRT:ucrt_stubs.obj
 0001:00004734       __acrt_initialize          0000000180005734 f   MSVCRT:ucrt_stubs.obj
 0001:00004734       __vcrt_uninitialize        0000000180005734 f   MSVCRT:ucrt_stubs.obj
 0001:00004734       __acrt_uninitialize_critical 0000000180005734 f   MSVCRT:ucrt_stubs.obj
 0001:00004738       __scrt_stub_for_is_c_termination_complete 0000000180005738 f   MSVCRT:ucrt_stubs.obj
 0001:00004738       _is_c_termination_complete 0000000180005738 f   MSVCRT:ucrt_stubs.obj
 0001:00004750       _guard_dispatch_icall_nop  0000000180005750 f   MSVCRT:guard_dispatch.obj
 0001:00004770       _guard_xfg_dispatch_icall_nop 0000000180005770 f   MSVCRT:guard_xfg_dispatch.obj
 0002:00000000       __imp_LoadLibraryA         0000000180006000     kernel32:KERNEL32.dll
 0002:00000008       __imp_SetUnhandledExceptionFilter 0000000180006008     kernel32:KERNEL32.dll
 0002:00000010       __imp_UnhandledExceptionFilter 0000000180006010     kernel32:KERNEL32.dll
 0002:00000018       __imp_IsDebuggerPresent    0000000180006018     kernel32:KERNEL32.dll
 0002:00000020       __imp_RtlVirtualUnwind     0000000180006020     kernel32:KERNEL32.dll
 0002:00000028       __imp_RtlLookupFunctionEntry 0000000180006028     kernel32:KERNEL32.dll
 0002:00000030       __imp_RtlCaptureContext    0000000180006030     kernel32:KERNEL32.dll
 0002:00000038       __imp_DisableThreadLibraryCalls 0000000180006038     kernel32:KERNEL32.dll
 0002:00000040       __imp_GetSystemTimeAsFileTime 0000000180006040     kernel32:KERNEL32.dll
 0002:00000048       __imp_GetCurrentThreadId   0000000180006048     kernel32:KERNEL32.dll
 0002:00000050       __imp_GetCurrentProcessId  0000000180006050     kernel32:KERNEL32.dll
 0002:00000058       __imp_QueryPerformanceCounter 0000000180006058     kernel32:KERNEL32.dll
 0002:00000060       __imp_InitializeSListHead  0000000180006060     kernel32:KERNEL32.dll
 0002:00000068       __imp_LoadLibraryExA       0000000180006068     kernel32:KERNEL32.dll
 0002:00000070       __imp_GetProcAddress       0000000180006070     kernel32:KERNEL32.dll
 0002:00000078       __imp_GetModuleHandleW     0000000180006078     kernel32:KERNEL32.dll
 0002:00000080       __imp_FreeLibrary          0000000180006080     kernel32:KERNEL32.dll
 0002:00000088       __imp_VirtualQuery         0000000180006088     kernel32:KERNEL32.dll
 0002:00000090       __imp_VirtualProtect       0000000180006090     kernel32:KERNEL32.dll
 0002:00000098       __imp_GetSystemInfo        0000000180006098     kernel32:KERNEL32.dll
 0002:000000a0       __imp_GetLastError         00000001800060a0     kernel32:KERNEL32.dll
 0002:000000a8       __imp_RaiseException       00000001800060a8     kernel32:KERNEL32.dll
 0002:000000b0       __imp_IsProcessorFeaturePresent 00000001800060b0     kernel32:KERNEL32.dll
 0002:000000b8       \177KERNEL32_NULL_THUNK_DATA 00000001800060b8     kernel32:KERNEL32.dll
 0002:000000c0       __imp___C_specific_handler 00000001800060c0     vcruntime:VCRUNTIME140.dll
 0002:000000c8       __imp__purecall            00000001800060c8     vcruntime:VCRUNTIME140.dll
 0002:000000d0       __imp___std_type_info_name 00000001800060d0     vcruntime:VCRUNTIME140.dll
 0002:000000d8       __imp_strstr               00000001800060d8     vcruntime:VCRUNTIME140.dll
 0002:000000e0       __imp___std_type_info_destroy_list 00000001800060e0     vcruntime:VCRUNTIME140.dll
 0002:000000e8       __imp_memset               00000001800060e8     vcruntime:VCRUNTIME140.dll
 0002:000000f0       \177VCRUNTIME140_NULL_THUNK_DATA 00000001800060f0     vcruntime:VCRUNTIME140.dll
 0002:000000f8       __imp_free                 00000001800060f8     ucrt:api-ms-win-crt-heap-l1-1-0.dll
 0002:00000100       \177api-ms-win-crt-heap-l1-1-0_NULL_THUNK_DATA 0000000180006100     ucrt:api-ms-win-crt-heap-l1-1-0.dll
 0002:00000108       __imp__initterm            0000000180006108     ucrt:api-ms-win-crt-runtime-l1-1-0.dll
 0002:00000110       __imp__initterm_e          0000000180006110     ucrt:api-ms-win-crt-runtime-l1-1-0.dll
 0002:00000118       __imp__seh_filter_dll      0000000180006118     ucrt:api-ms-win-crt-runtime-l1-1-0.dll
 0002:00000120       __imp__configure_narrow_argv 0000000180006120     ucrt:api-ms-win-crt-runtime-l1-1-0.dll
 0002:00000128       __imp__initialize_narrow_environment 0000000180006128     ucrt:api-ms-win-crt-runtime-l1-1-0.dll
 0002:00000130       __imp__initialize_onexit_table 0000000180006130     ucrt:api-ms-win-crt-runtime-l1-1-0.dll
 0002:00000138       __imp__execute_onexit_table 0000000180006138     ucrt:api-ms-win-crt-runtime-l1-1-0.dll
 0002:00000140       __imp__cexit               0000000180006140     ucrt:api-ms-win-crt-runtime-l1-1-0.dll
 0002:00000148       \177api-ms-win-crt-runtime-l1-1-0_NULL_THUNK_DATA 0000000180006148     ucrt:api-ms-win-crt-runtime-l1-1-0.dll
 0002:00000150       __guard_check_icall_fptr   0000000180006150     MSVCRT:guard_support.obj
 0002:00000158       __guard_xfg_check_icall_fptr 0000000180006158     MSVCRT:guard_support.obj
 0002:00000160       __guard_dispatch_icall_fptr 0000000180006160     MSVCRT:guard_support.obj
 0002:00000168       __guard_xfg_dispatch_icall_fptr 0000000180006168     MSVCRT:guard_support.obj
 0002:00000170       __guard_xfg_table_dispatch_icall_fptr 0000000180006170     MSVCRT:guard_support.obj
 0002:00000178       __xc_a                     0000000180006178     MSVCRT:initializers.obj
 0002:000001b0       __xc_z                     00000001800061b0     MSVCRT:initializers.obj
 0002:000001b8       __xi_a                     00000001800061b8     MSVCRT:initializers.obj
 0002:000001c0       __xi_z                     00000001800061c0     MSVCRT:initializers.obj
 0002:000001c8       __xp_a                     00000001800061c8     MSVCRT:initializers.obj
 0002:000001d0       __xp_z                     00000001800061d0     MSVCRT:initializers.obj
 0002:000001d8       __xt_a                     00000001800061d8     MSVCRT:initializers.obj
 0002:000001e0       __xt_z                     00000001800061e0     MSVCRT:initializers.obj
 0002:00000210       ??_7PxFoundation@physx@@6B@ 0000000180006210     Cooking.obj
 0002:00000280       ??_7PxCooking@physx@@6B@   0000000180006280     Cooking.obj
 0002:00000350       ??_7Cooking@physx@@6B@     0000000180006350     Cooking.obj
 0002:00000420       ??_C@_0GI@BFFBBLCK@C?3?2Users?2Ali?2Documents?2GitHub?2E@ 0000000180006420     Cooking.obj
 0002:00000490       ??_C@_0GB@EKENMOFF@C?3?2Users?2Ali?2Documents?2GitHub?2E@ 0000000180006490     Cooking.obj
 0002:000004f8       ??_C@_0BM@OIFKLHDN@?$DMallocation?5names?5disabled?$DO@ 00000001800064f8     Cooking.obj
 0002:00000514       __real@343bbd2e            0000000180006514     Cooking.obj
 0002:00000518       __real@3d00adfd            0000000180006518     Cooking.obj
 0002:0000051c       __real@3d80adfd            000000018000651c     Cooking.obj
 0002:00000520       __real@3f800000            0000000180006520     Cooking.obj
 0002:00000524       __real@40490fdb            0000000180006524     Cooking.obj
 0002:00000528       __real@b3bbbd2e            0000000180006528     Cooking.obj
 0002:00000530       __xmm@000000003a83126f3a83126f3a83126f 0000000180006530     Cooking.obj
 0002:00000540       __xmm@00000000ba83126fba83126fba83126f 0000000180006540     Cooking.obj
 0002:00000550       __xmm@3a83126f3a83126f3a83126f3a83126f 0000000180006550     Cooking.obj
 0002:00000560       __xmm@80000000800000008000000080000000 0000000180006560     Cooking.obj
 0002:00000570       __xmm@ba83126fba83126fba83126fba83126f 0000000180006570     Cooking.obj
 0002:00000580       ??_C@_0BA@EGLNOO@PhysXFoundation@ 0000000180006580     WindowsCookingDelayLoadHook.obj
 0002:00000590       ??_C@_0M@ILKNCJKN@PhysXCommon@ 0000000180006590     WindowsCookingDelayLoadHook.obj
 0002:000005a0       __sz_PhysXCommon_64_dll    00000001800065a0     PhysXCommon_64:PhysXCommon_64.dll
 0002:000005c0       __sz_PhysXFoundation_64_dll 00000001800065c0     PhysXFoundation_64:PhysXFoundation_64.dll
 0002:000005d8       ??_C@_1BK@DBDEIDLH@?$AAK?$AAE?$AAR?$AAN?$AAE?$AAL?$AA3?$AA2?$AA?4?$AAD?$AAL?$AAL@ 00000001800065d8     Delayimp:delayhlp.obj
 0002:000005f8       ??_C@_0BI@OMNLIJDB@AcquireSRWLockExclusive@ 00000001800065f8     Delayimp:delayhlp.obj
 0002:00000610       ??_C@_0BI@HMIEPCNJ@ReleaseSRWLockExclusive@ 0000000180006610     Delayimp:delayhlp.obj
 0002:00000628       __pfnDliFailureHook2       0000000180006628     Delayimp:delayhk1.obj
 0002:00000698       ??_7type_info@@6B@         0000000180006698     MSVCRT:std_type_info_static.obj
 0002:000006a0       _pRawDllMain               00000001800066a0     MSVCRT:dll_dllmain.obj
 0002:000006a0       _pDefaultRawDllMain        00000001800066a0     MSVCRT:dll_dllmain.obj
 0002:000006b0       _load_config_used          00000001800066b0     MSVCRT:loadcfg.obj
 0002:000007f0       __xmm@ffffffffffffffffffffffffffffffff 00000001800067f0     MSVCRT:utility.obj
 0002:00000880       ??_R4type_info@@6B@        0000000180006880     MSVCRT:std_type_info_static.obj
 0002:000008a8       ??_R3type_info@@8          00000001800068a8     MSVCRT:std_type_info_static.obj
 0002:000008c0       ??_R2type_info@@8          00000001800068c0     MSVCRT:std_type_info_static.obj
 0002:000008d0       ??_R1A@?0A@EA@type_info@@8 00000001800068d0     MSVCRT:std_type_info_static.obj
 0002:00000cb0       __rtc_iaa                  0000000180006cb0     MSVCRT:initsect.obj
 0002:00000cb8       __rtc_izz                  0000000180006cb8     MSVCRT:initsect.obj
 0002:00000cc0       __rtc_taa                  0000000180006cc0     MSVCRT:initsect.obj
 0002:00000cc8       __rtc_tzz                  0000000180006cc8     MSVCRT:initsect.obj
 0002:00001090       __DELAY_IMPORT_DESCRIPTOR_physxcommon_64_dll 0000000180007090     PhysXCommon_64:PhysXCommon_64.dll
 0002:000010b0       __DELAY_IMPORT_DESCRIPTOR_physxfoundation_64_dll 00000001800070b0     PhysXFoundation_64:PhysXFoundation_64.dll
 0002:000010d0       __NULL_DELAY_IMPORT_DESCRIPTOR 00000001800070d0     PhysXCommon_64:PhysXCommon_64.dll
 0002:000011b0       \177PhysXCommon_64_NULL_THUNK_DATA_DLN 00000001800071b0     PhysXCommon_64:PhysXCommon_64.dll
 0002:000011d8       \177PhysXFoundation_64_NULL_THUNK_DATA_DLN 00000001800071d8     PhysXFoundation_64:PhysXFoundation_64.dll
 0002:000014b0       \177PhysXCommon_64_NULL_THUNK_DATA_DLB 00000001800074b0     PhysXCommon_64:PhysXCommon_64.dll
 0002:00001578       \177PhysXFoundation_64_NULL_THUNK_DATA_DLB 0000000180007578     PhysXFoundation_64:PhysXFoundation_64.dll
 0002:000023a4       __IMPORT_DESCRIPTOR_KERNEL32 00000001800083a4     kernel32:KERNEL32.dll
 0002:000023b8       __IMPORT_DESCRIPTOR_VCRUNTIME140 00000001800083b8     vcruntime:VCRUNTIME140.dll
 0002:000023cc       __IMPORT_DESCRIPTOR_api-ms-win-crt-heap-l1-1-0 00000001800083cc     ucrt:api-ms-win-crt-heap-l1-1-0.dll
 0002:000023e0       __IMPORT_DESCRIPTOR_api-ms-win-crt-runtime-l1-1-0 00000001800083e0     ucrt:api-ms-win-crt-runtime-l1-1-0.dll
 0002:000023f4       __NULL_IMPORT_DESCRIPTOR   00000001800083f4     kernel32:KERNEL32.dll
 0003:00000000       __pfnDliNotifyHook2        0000000180009000     WindowsCookingDelayLoadHook.obj
 0003:00000010       _fltused                   0000000180009010     MSVCRT:fltused.obj
 0003:00000018       __isa_available            0000000180009018     MSVCRT:cpu_disp.obj
 0003:0000001c       __isa_enabled              000000018000901c     MSVCRT:cpu_disp.obj
 0003:00000020       __memcpy_nt_iters          0000000180009020     MSVCRT:cpu_disp.obj
 0003:00000028       __memset_nt_iters          0000000180009028     MSVCRT:cpu_disp.obj
 0003:00000030       __scrt_native_dllmain_reason 0000000180009030     MSVCRT:utility.obj
 0003:00000038       __security_cookie_complement 0000000180009038     MSVCRT:gs_cookie.obj
 0003:00000040       __security_cookie          0000000180009040     MSVCRT:gs_cookie.obj
 0003:00000050       __scrt_ucrt_dll_is_in_use  0000000180009050     MSVCRT:ucrt_stubs.obj
 0003:00000058       ??_R0?AVBVH@Gu@physx@@@8   0000000180009058     Cooking.obj
 0003:00000080       ??_R0?AVBV4TriangleMesh@Gu@physx@@@8 0000000180009080     Cooking.obj
 0003:000000b0       ??_R0?AVCooking@physx@@@8  00000001800090b0     Cooking.obj
 0003:000000d8       ??_R0?AUSlab@NodeAllocator@Gu@physx@@@8 00000001800090d8     Cooking.obj
 0003:00000110       ??_R0?AVtype_info@@@8      0000000180009110     MSVCRT:std_type_info_static.obj
 0003:00000130       __imp_getInsertionCallback 0000000180009130     PhysXCommon_64:PhysXCommon_64.dll
 0003:00000138       __imp_??0BV4TriangleMesh@Gu@physx@@QEAA@AEBUPxTriangleMeshInternalData@2@@Z 0000000180009138     PhysXCommon_64:PhysXCommon_64.dll
 0003:00000140       __imp_cookBVH              0000000180009140     PhysXCommon_64:PhysXCommon_64.dll
 0003:00000148       __imp_createBVH            0000000180009148     PhysXCommon_64:PhysXCommon_64.dll
 0003:00000150       __imp_cookHeightField      0000000180009150     PhysXCommon_64:PhysXCommon_64.dll
 0003:00000158       __imp_createHeightField    0000000180009158     PhysXCommon_64:PhysXCommon_64.dll
 0003:00000160       __imp_cookConvexMesh       0000000180009160     PhysXCommon_64:PhysXCommon_64.dll
 0003:00000168       __imp_createConvexMesh     0000000180009168     PhysXCommon_64:PhysXCommon_64.dll
 0003:00000170       __imp_validateConvexMesh   0000000180009170     PhysXCommon_64:PhysXCommon_64.dll
 0003:00000178       __imp_computeHullPolygons  0000000180009178     PhysXCommon_64:PhysXCommon_64.dll
 0003:00000180       __imp_validateTriangleMesh 0000000180009180     PhysXCommon_64:PhysXCommon_64.dll
 0003:00000188       __imp_createTriangleMesh   0000000180009188     PhysXCommon_64:PhysXCommon_64.dll
 0003:00000190       __imp_cookTriangleMesh     0000000180009190     PhysXCommon_64:PhysXCommon_64.dll
 0003:00000198       __imp_cookTetrahedronMesh  0000000180009198     PhysXCommon_64:PhysXCommon_64.dll
 0003:000001a0       __imp_createTetrahedronMesh 00000001800091a0     PhysXCommon_64:PhysXCommon_64.dll
 0003:000001a8       __imp_cookSoftBodyMesh     00000001800091a8     PhysXCommon_64:PhysXCommon_64.dll
 0003:000001b0       __imp_createSoftBodyMesh   00000001800091b0     PhysXCommon_64:PhysXCommon_64.dll
 0003:000001b8       __imp_computeModelsMapping 00000001800091b8     PhysXCommon_64:PhysXCommon_64.dll
 0003:000001c0       __imp_computeCollisionData 00000001800091c0     PhysXCommon_64:PhysXCommon_64.dll
 0003:000001c8       __imp_computeSimulationData 00000001800091c8     PhysXCommon_64:PhysXCommon_64.dll
 0003:000001d0       __imp_assembleSoftBodyMesh 00000001800091d0     PhysXCommon_64:PhysXCommon_64.dll
 0003:000001d8       __imp_assembleSoftBodyMesh_Sim 00000001800091d8     PhysXCommon_64:PhysXCommon_64.dll
 0003:000001e0       __imp_?release@AABBTreeBounds@Gu@physx@@QEAAXXZ 00000001800091e0     PhysXCommon_64:PhysXCommon_64.dll
 0003:000001e8       __imp_??0BVH@Gu@physx@@QEAA@AEBUPxBVHInternalData@2@@Z 00000001800091e8     PhysXCommon_64:PhysXCommon_64.dll
 0003:000001f0       \177PhysXCommon_64_NULL_THUNK_DATA_DLA 00000001800091f0     PhysXCommon_64:PhysXCommon_64.dll
 0003:000001f8       __imp_PxIncFoundationRefCount 00000001800091f8     PhysXFoundation_64:PhysXFoundation_64.dll
 0003:00000200       __imp_PxGetBroadcastAllocator 0000000180009200     PhysXFoundation_64:PhysXFoundation_64.dll
 0003:00000208       __imp_PxDecFoundationRefCount 0000000180009208     PhysXFoundation_64:PhysXFoundation_64.dll
 0003:00000210       __imp_PxGetFoundation      0000000180009210     PhysXFoundation_64:PhysXFoundation_64.dll
 0003:00000218       \177PhysXFoundation_64_NULL_THUNK_DATA_DLA 0000000180009218     PhysXFoundation_64:PhysXFoundation_64.dll
 0003:00000288       __hmod__PhysXCommon_64_dll 0000000180009288     PhysXCommon_64:PhysXCommon_64.dll
 0003:00000290       __hmod__PhysXFoundation_64_dll 0000000180009290     PhysXFoundation_64:PhysXFoundation_64.dll
 0003:00000298       ?DloadKernel32@@3PEAUHINSTANCE__@@EA 0000000180009298     Delayimp:delayhlp.obj
 0003:000002a0       ?DloadAcquireSRWLockExclusive@@3P6AXPEA_K@ZEA 00000001800092a0     Delayimp:delayhlp.obj
 0003:000002a8       ?DloadReleaseSRWLockExclusive@@3P6AXPEA_K@ZEA 00000001800092a8     Delayimp:delayhlp.obj
 0003:000002b0       ?DloadSrwLock@@3_KA        00000001800092b0     Delayimp:delayhlp.obj
 0003:000002b8       ?DloadSectionLockCount@@3KA 00000001800092b8     Delayimp:delayhlp.obj
 0003:000002bc       ?DloadSectionOldProtection@@3KA 00000001800092bc     Delayimp:delayhlp.obj
 0003:000002c0       ?DloadSectionCommitPermanent@@3KA 00000001800092c0     Delayimp:delayhlp.obj
 0003:000002d0       ?__type_info_root_node@@3U__type_info_node@@A 00000001800092d0     MSVCRT:tncleanup.obj
 0003:000002e8       __castguard_check_failure_os_handled_fptr 00000001800092e8     MSVCRT:guard_support.obj
 0003:000002f0       __favor                    00000001800092f0     MSVCRT:cpu_disp.obj
 0003:000002f8       ?_OptionsStorage@?1??__local_stdio_printf_options@@9@4_KA 00000001800092f8     MSVCRT:default_local_stdio_options.obj
 0003:00000300       ?_OptionsStorage@?1??__local_stdio_scanf_options@@9@4_KA 0000000180009300     MSVCRT:default_local_stdio_options.obj
 0003:00000308       __scrt_current_native_startup_state 0000000180009308     MSVCRT:utility.obj
 0003:00000310       __scrt_native_startup_lock 0000000180009310     MSVCRT:utility.obj
 0003:00000350       __scrt_debugger_hook_flag  0000000180009350     MSVCRT:utility_desktop.obj
 0003:00000358       __dyn_tls_init_callback    0000000180009358     <common>
 0005:00000100       __common_ssin_reduction_data 000000018000b100     MSVCRT:svml_s_sin_data.obj
 0005:00000d00       __common_ssin_data         000000018000bd00     MSVCRT:svml_s_sin_data.obj

 entry point at        0001:00002db8

 Static symbols

 0000:ffff0000       .debug$S                   0000000180000000     PhysXCooking_64.exp
 0000:ffff0000       .debug$S                   0000000180000000     vcruntime:VCRUNTIME140.dll
 0000:ffff0000       .debug$S                   0000000180000000     vcruntime:VCRUNTIME140.dll
 0000:ffff0000       .debug$S                   0000000180000000     vcruntime:VCRUNTIME140.dll
 0000:ffff0000       .debug$S                   0000000180000000     vcruntime:VCRUNTIME140.dll
 0000:ffff0000       .debug$S                   0000000180000000     vcruntime:VCRUNTIME140.dll
 0000:ffff0000       .debug$S                   0000000180000000     vcruntime:VCRUNTIME140.dll
 0000:ffff0000       .debug$S                   0000000180000000     vcruntime:VCRUNTIME140.dll
 0000:ffff0000       .debug$S                   0000000180000000     vcruntime:VCRUNTIME140.dll
 0000:ffff0000       .debug$S                   0000000180000000     ucrt:api-ms-win-crt-heap-l1-1-0.dll
 0000:ffff0000       .debug$S                   0000000180000000     ucrt:api-ms-win-crt-math-l1-1-0.dll
 0000:ffff0000       .debug$S                   0000000180000000     ucrt:api-ms-win-crt-math-l1-1-0.dll
 0002:ffffa000       .idata$6                   0000000180000000     ucrt:api-ms-win-crt-math-l1-1-0.dll
 0000:ffff0000       .debug$S                   0000000180000000     ucrt:api-ms-win-crt-runtime-l1-1-0.dll
 0000:ffff0000       .debug$S                   0000000180000000     ucrt:api-ms-win-crt-runtime-l1-1-0.dll
 0000:ffff0000       .debug$S                   0000000180000000     ucrt:api-ms-win-crt-runtime-l1-1-0.dll
 0000:ffff0000       .debug$S                   0000000180000000     ucrt:api-ms-win-crt-runtime-l1-1-0.dll
 0000:ffff0000       .debug$S                   0000000180000000     ucrt:api-ms-win-crt-runtime-l1-1-0.dll
 0000:ffff0000       .debug$S                   0000000180000000     ucrt:api-ms-win-crt-runtime-l1-1-0.dll
 0000:ffff0000       .debug$S                   0000000180000000     ucrt:api-ms-win-crt-runtime-l1-1-0.dll
 0000:ffff0000       .debug$S                   0000000180000000     ucrt:api-ms-win-crt-runtime-l1-1-0.dll
 0000:ffff0000       .debug$S                   0000000180000000     ucrt:api-ms-win-crt-runtime-l1-1-0.dll
 0000:ffff0000       .debug$S                   0000000180000000     ucrt:api-ms-win-crt-runtime-l1-1-0.dll
 0000:ffff0000       .debug$S                   0000000180000000     ucrt:api-ms-win-crt-runtime-l1-1-0.dll
 0000:ffff0000       .debug$S                   0000000180000000     ucrt:api-ms-win-crt-runtime-l1-1-0.dll
 0000:ffff0000       .debug$S                   0000000180000000     kernel32:KERNEL32.dll
 0000:ffff0000       .debug$S                   0000000180000000     kernel32:KERNEL32.dll
 0000:ffff0000       .debug$S                   0000000180000000     kernel32:KERNEL32.dll
 0000:ffff0000       .debug$S                   0000000180000000     kernel32:KERNEL32.dll
 0000:ffff0000       .debug$S                   0000000180000000     kernel32:KERNEL32.dll
 0000:ffff0000       .debug$S                   0000000180000000     kernel32:KERNEL32.dll
 0000:ffff0000       .debug$S                   0000000180000000     kernel32:KERNEL32.dll
 0000:ffff0000       .debug$S                   0000000180000000     kernel32:KERNEL32.dll
 0000:ffff0000       .debug$S                   0000000180000000     kernel32:KERNEL32.dll
 0000:ffff0000       .debug$S                   0000000180000000     kernel32:KERNEL32.dll
 0000:ffff0000       .debug$S                   0000000180000000     kernel32:KERNEL32.dll
 0000:ffff0000       .debug$S                   0000000180000000     kernel32:KERNEL32.dll
 0000:ffff0000       .debug$S                   0000000180000000     kernel32:KERNEL32.dll
 0000:ffff0000       .debug$S                   0000000180000000     kernel32:KERNEL32.dll
 0000:ffff0000       .debug$S                   0000000180000000     kernel32:KERNEL32.dll
 0000:ffff0000       .debug$S                   0000000180000000     kernel32:KERNEL32.dll
 0000:ffff0000       .debug$S                   0000000180000000     kernel32:KERNEL32.dll
 0000:ffff0000       .debug$S                   0000000180000000     kernel32:KERNEL32.dll
 0000:ffff0000       .debug$S                   0000000180000000     kernel32:KERNEL32.dll
 0000:ffff0000       .debug$S                   0000000180000000     kernel32:KERNEL32.dll
 0000:ffff0000       .debug$S                   0000000180000000     kernel32:KERNEL32.dll
 0000:ffff0000       .debug$S                   0000000180000000     kernel32:KERNEL32.dll
 0000:ffff0000       .debug$S                   0000000180000000     kernel32:KERNEL32.dll
 0000:ffff0000       .debug$S                   0000000180000000     kernel32:KERNEL32.dll
 0000:ffff0000       .debug$S                   0000000180000000     PhysXCommon_64:PhysXCommon_64.dll
 0000:ffff0000       .debug$S                   0000000180000000     PhysXCommon_64:PhysXCommon_64.dll
 0000:ffff0000       .debug$S                   0000000180000000     PhysXCommon_64:PhysXCommon_64.dll
 0000:ffff0000       .debug$S                   0000000180000000     PhysXCommon_64:PhysXCommon_64.dll
 0000:ffff0000       .debug$S                   0000000180000000     PhysXCommon_64:PhysXCommon_64.dll
 0000:ffff0000       .debug$S                   0000000180000000     PhysXCommon_64:PhysXCommon_64.dll
 0000:ffff0000       .debug$S                   0000000180000000     PhysXCommon_64:PhysXCommon_64.dll
 0000:ffff0000       .debug$S                   0000000180000000     PhysXCommon_64:PhysXCommon_64.dll
 0000:ffff0000       .debug$S                   0000000180000000     PhysXCommon_64:PhysXCommon_64.dll
 0000:ffff0000       .debug$S                   0000000180000000     PhysXCommon_64:PhysXCommon_64.dll
 0000:ffff0000       .debug$S                   0000000180000000     PhysXCommon_64:PhysXCommon_64.dll
 0000:ffff0000       .debug$S                   0000000180000000     PhysXCommon_64:PhysXCommon_64.dll
 0000:ffff0000       .debug$S                   0000000180000000     PhysXCommon_64:PhysXCommon_64.dll
 0000:ffff0000       .debug$S                   0000000180000000     PhysXCommon_64:PhysXCommon_64.dll
 0000:ffff0000       .debug$S                   0000000180000000     PhysXCommon_64:PhysXCommon_64.dll
 0000:ffff0000       .debug$S                   0000000180000000     PhysXCommon_64:PhysXCommon_64.dll
 0000:ffff0000       .debug$S                   0000000180000000     PhysXCommon_64:PhysXCommon_64.dll
 0000:ffff0000       .debug$S                   0000000180000000     PhysXCommon_64:PhysXCommon_64.dll
 0000:ffff0000       .debug$S                   0000000180000000     PhysXCommon_64:PhysXCommon_64.dll
 0000:ffff0000       .debug$S                   0000000180000000     PhysXCommon_64:PhysXCommon_64.dll
 0000:ffff0000       .debug$S                   0000000180000000     PhysXCommon_64:PhysXCommon_64.dll
 0000:ffff0000       .debug$S                   0000000180000000     PhysXCommon_64:PhysXCommon_64.dll
 0000:ffff0000       .debug$S                   0000000180000000     PhysXCommon_64:PhysXCommon_64.dll
 0000:ffff0000       .debug$S                   0000000180000000     PhysXCommon_64:PhysXCommon_64.dll
 0000:ffff0000       .debug$S                   0000000180000000     PhysXFoundation_64:PhysXFoundation_64.dll
 0000:ffff0000       .debug$S                   0000000180000000     PhysXFoundation_64:PhysXFoundation_64.dll
 0000:ffff0000       .debug$S                   0000000180000000     PhysXFoundation_64:PhysXFoundation_64.dll
 0000:ffff0000       .debug$S                   0000000180000000     PhysXFoundation_64:PhysXFoundation_64.dll
 0001:00000000       ??__EmaxFError@vecMathTests@aos@physx@@YAXXZ 0000000180001000 f   Cooking.obj
 0001:00000010       ??__EmaxV3Error@vecMathTests@aos@physx@@YAXXZ 0000000180001010 f   Cooking.obj
 0001:00000020       ??__EmaxV4Error@vecMathTests@aos@physx@@YAXXZ 0000000180001020 f   Cooking.obj
 0001:00000030       ??__EminFError@vecMathTests@aos@physx@@YAXXZ 0000000180001030 f   Cooking.obj
 0001:00000040       ??__EminV3Error@vecMathTests@aos@physx@@YAXXZ 0000000180001040 f   Cooking.obj
 0001:00000050       ??__EminV4Error@vecMathTests@aos@physx@@YAXXZ 0000000180001050 f   Cooking.obj
 0001:00002030       $LN24                      0000000180003030     WindowsCookingDelayLoadHook.obj
 0001:000029e0       $$000000                   00000001800039e0     MSVCRT:svml_ssinf4_dispatch.obj
 0001:00002a98       ?dllmain_crt_dispatch@@YAHQEAUHINSTANCE__@@KQEAX@Z 0000000180003a98 f   MSVCRT:dll_dllmain.obj
 0001:00002ae8       ?dllmain_crt_process_attach@@YAHQEAUHINSTANCE__@@QEAX@Z 0000000180003ae8 f   MSVCRT:dll_dllmain.obj
 0001:00002c00       ?dllmain_crt_process_detach@@YAH_N@Z 0000000180003c00 f   MSVCRT:dll_dllmain.obj
 0001:00002c84       ?dllmain_dispatch@@YAHQEAUHINSTANCE__@@KQEAX@Z 0000000180003c84 f   MSVCRT:dll_dllmain.obj
 0001:00002fa0       $$000000                   0000000180003fa0     MSVCRT:svml_ssinf4_sse2.obj
 0001:000038e0       $$000000                   00000001800048e0     MSVCRT:svml_ssinf4_sse4.obj
 0001:00004650       $$000000                   0000000180005650     MSVCRT:svml_s_sin_cout.obj
 0001:00004740       $$000000                   0000000180005740     MSVCRT:guard_dispatch.obj
 0001:00004760       $$000000                   0000000180005760     MSVCRT:guard_xfg_dispatch.obj
 0001:00004776       ?fin$0@?0??dllmain_crt_process_attach@@YAHQEAUHINSTANCE__@@QEAX@Z@4HA 0000000180005776 f   MSVCRT:dll_dllmain.obj
 0001:0000478d       ?fin$0@?0??dllmain_crt_process_detach@@YAH_N@Z@4HA 000000018000578d f   MSVCRT:dll_dllmain.obj
 0001:000047a6       ?fin$1@?0??dllmain_crt_process_detach@@YAH_N@Z@4HA 00000001800057a6 f   MSVCRT:dll_dllmain.obj
 0001:000047ba       ?filt$0@?0??dllmain_dispatch@@YAHQEAUHINSTANCE__@@KQEAX@Z@4HA 00000001800057ba f   MSVCRT:dll_dllmain.obj
 0001:000047f0       __scrt_is_nonwritable_in_current_image$filt$0 00000001800057f0 f   MSVCRT:utility.obj
 0002:00000180       ?minFError$initializer$@vecMathTests@aos@physx@@3P6AXXZEA 0000000180006180     Cooking.obj
 0002:00000188       ?maxFError$initializer$@vecMathTests@aos@physx@@3P6AXXZEA 0000000180006188     Cooking.obj
 0002:00000190       ?minV3Error$initializer$@vecMathTests@aos@physx@@3P6AXXZEA 0000000180006190     Cooking.obj
 0002:00000198       ?maxV3Error$initializer$@vecMathTests@aos@physx@@3P6AXXZEA 0000000180006198     Cooking.obj
 0002:000001a0       ?minV4Error$initializer$@vecMathTests@aos@physx@@3P6AXXZEA 00000001800061a0     Cooking.obj
 0002:000001a8       ?maxV4Error$initializer$@vecMathTests@aos@physx@@3P6AXXZEA 00000001800061a8     Cooking.obj
 0002:000001f0       ?minus1w@?A0x412af0a3@aos@physx@@3QBMB 00000001800061f0     Cooking.obj
 0002:00000200       ?gMaskXYZ@internalWindowsSimd@aos@physx@@3QBIB 0000000180006200     Cooking.obj
 0002:00000630       L_abs_mask                 0000000180006630     MSVCRT:svml_ssinf4_dispatch.obj
 0002:00000640       L_real_one                 0000000180006640     MSVCRT:svml_ssinf4_dispatch.obj
 0002:00000650       L_one_half                 0000000180006650     MSVCRT:svml_ssinf4_dispatch.obj
 0002:00000660       L_two_to_neg_13            0000000180006660     MSVCRT:svml_ssinf4_dispatch.obj
 0002:00000670       L_pi_over_two              0000000180006670     MSVCRT:svml_ssinf4_dispatch.obj
 0002:00000680       L_pi_over_two2             0000000180006680     MSVCRT:svml_ssinf4_dispatch.obj
 0002:00000cd0       $unwind$??_EPxFoundation@physx@@MEAAPEAXI@Z 0000000180006cd0     Cooking.obj
 0002:00000cd0       $unwind$??_GCooking@physx@@UEAAPEAXI@Z 0000000180006cd0     Cooking.obj
 0002:00000cd0       $unwind$??_GPxCooking@physx@@MEAAPEAXI@Z 0000000180006cd0     Cooking.obj
 0002:00000cd0       $unwind$?DloadAcquireSectionWriteAccess@@YAXXZ 0000000180006cd0     Delayimp:delayhlp.obj
 0002:00000cd0       $unwind$??_Gtype_info@@UEAAPEAXI@Z 0000000180006cd0     MSVCRT:std_type_info_static.obj
 0002:00000cd0       $unwind$__scrt_initialize_crt 0000000180006cd0     MSVCRT:utility.obj
 0002:00000cd0       $unwind$__scrt_initialize_onexit_tables 0000000180006cd0     MSVCRT:utility.obj
 0002:00000cd0       $unwind$__scrt_release_startup_lock 0000000180006cd0     MSVCRT:utility.obj
 0002:00000cd0       $unwind$__scrt_uninitialize_crt 0000000180006cd0     MSVCRT:utility.obj
 0002:00000cd8       $chain$0$??_EPxFoundation@physx@@MEAAPEAXI@Z 0000000180006cd8     Cooking.obj
 0002:00000cec       $chain$1$??_EPxFoundation@physx@@MEAAPEAXI@Z 0000000180006cec     Cooking.obj
 0002:00000cfc       $unwind$PxCreateBVHInternal 0000000180006cfc     Cooking.obj
 0002:00000cfc       $unwind$PxCreateCooking    0000000180006cfc     Cooking.obj
 0002:00000cfc       $unwind$PxCreateTriangleMeshInternal 0000000180006cfc     Cooking.obj
 0002:00000d08       $unwind$?release@Cooking@physx@@UEAAXXZ 0000000180006d08     Cooking.obj
 0002:00000d08       $unwind$?cookingDelayHook@@YAP6A_JXZIPEAUDelayLoadInfo@@@Z 0000000180006d08     WindowsCookingDelayLoadHook.obj
 0002:00000d08       $unwind$?DloadReleaseSectionWriteAccess@@YAXXZ 0000000180006d08     Delayimp:delayhlp.obj
 0002:00000d08       $unwind$__scrt_initialize_default_local_stdio_options 0000000180006d08     MSVCRT:default_local_stdio_options.obj
 0002:00000d08       $unwind$?dllmain_crt_dispatch@@YAHQEAUHINSTANCE__@@KQEAX@Z 0000000180006d08     MSVCRT:dll_dllmain.obj
 0002:00000d08       $unwind$DllMain            0000000180006d08     MSVCRT:dll_dllmain_stub.obj
 0002:00000d08       $unwind$__scrt_acquire_startup_lock 0000000180006d08     MSVCRT:utility.obj
 0002:00000d08       $unwind$__scrt_dllmain_after_initialize_c 0000000180006d08     MSVCRT:utility.obj
 0002:00000d08       $unwind$__scrt_dllmain_before_initialize_c 0000000180006d08     MSVCRT:utility.obj
 0002:00000d08       $unwind$__scrt_dllmain_crt_thread_attach 0000000180006d08     MSVCRT:utility.obj
 0002:00000d08       $unwind$__scrt_dllmain_crt_thread_detach 0000000180006d08     MSVCRT:utility.obj
 0002:00000d08       $unwind$__scrt_dllmain_uninitialize_c 0000000180006d08     MSVCRT:utility.obj
 0002:00000d08       $unwind$__scrt_dllmain_uninitialize_critical 0000000180006d08     MSVCRT:utility.obj
 0002:00000d10       $unwind$?assembleSoftBodyMesh@Cooking@physx@@UEBAPEAVPxSoftBodyMesh@2@AEAVPxTetrahedronMeshData@2@AEAVPxSoftBodySimulationData@2@0AEAVPxSoftBodyCollisionData@2@AEAVPxCollisionMeshMappingData@2@AEAVPxInsertionCallback@2@@Z 0000000180006d10     Cooking.obj
 0002:00000d18       $unwind$??1AABBTreeBuildParams@Gu@physx@@QEAA@XZ 0000000180006d18     Cooking.obj
 0002:00000d18       $unwind$?outputSegment@PxRenderOutput@physx@@QEAAXAEBV?$PxVec3T@M@2@0@Z 0000000180006d18     Cooking.obj
 0002:00000d18       $unwind$?reset@AABBTreeBuildParams@Gu@physx@@QEAAXXZ 0000000180006d18     Cooking.obj
 0002:00000d18       $unwind$_DllMainCRTStartup 0000000180006d18     MSVCRT:dll_dllmain.obj
 0002:00000d28       $unwind$?allocate@?$PxArray@USlab@NodeAllocator@Gu@physx@@V?$PxReflectionAllocator@USlab@NodeAllocator@Gu@physx@@@4@@physx@@IEAAPEAUSlab@NodeAllocator@Gu@2@I@Z 0000000180006d28     Cooking.obj
 0002:00000d30       $chain$1$?allocate@?$PxArray@USlab@NodeAllocator@Gu@physx@@V?$PxReflectionAllocator@USlab@NodeAllocator@Gu@physx@@@4@@physx@@IEAAPEAUSlab@NodeAllocator@Gu@2@I@Z 0000000180006d30     Cooking.obj
 0002:00000d48       $chain$3$?allocate@?$PxArray@USlab@NodeAllocator@Gu@physx@@V?$PxReflectionAllocator@USlab@NodeAllocator@Gu@physx@@@4@@physx@@IEAAPEAUSlab@NodeAllocator@Gu@2@I@Z 0000000180006d48     Cooking.obj
 0002:00000d5c       $chain$4$?allocate@?$PxArray@USlab@NodeAllocator@Gu@physx@@V?$PxReflectionAllocator@USlab@NodeAllocator@Gu@physx@@@4@@physx@@IEAAPEAUSlab@NodeAllocator@Gu@2@I@Z 0000000180006d5c     Cooking.obj
 0002:00000d6c       $unwind$?recreate@?$PxArray@USlab@NodeAllocator@Gu@physx@@V?$PxReflectionAllocator@USlab@NodeAllocator@Gu@physx@@@4@@physx@@IEAAXI@Z 0000000180006d6c     Cooking.obj
 0002:00000d7c       $chain$0$?recreate@?$PxArray@USlab@NodeAllocator@Gu@physx@@V?$PxReflectionAllocator@USlab@NodeAllocator@Gu@physx@@@4@@physx@@IEAAXI@Z 0000000180006d7c     Cooking.obj
 0002:00000d90       $chain$1$?recreate@?$PxArray@USlab@NodeAllocator@Gu@physx@@V?$PxReflectionAllocator@USlab@NodeAllocator@Gu@physx@@@4@@physx@@IEAAXI@Z 0000000180006d90     Cooking.obj
 0002:00000da0       $unwind$??$copy@V?$PxReflectionAllocator@USlab@NodeAllocator@Gu@physx@@@physx@@@?$PxArray@USlab@NodeAllocator@Gu@physx@@V?$PxReflectionAllocator@USlab@NodeAllocator@Gu@physx@@@4@@physx@@IEAAXAEBV01@@Z 0000000180006da0     Cooking.obj
 0002:00000da0       $unwind$??0NodeAllocator@Gu@physx@@QEAA@AEBV012@@Z 0000000180006da0     Cooking.obj
 0002:00000da0       $unwind$?DloadGetSRWLockFunctionPointers@@YAEXZ 0000000180006da0     Delayimp:delayhlp.obj
 0002:00000da0       $unwind$_RTC_Initialize    0000000180006da0     MSVCRT:initsect.obj
 0002:00000da0       $unwind$_RTC_Terminate     0000000180006da0     MSVCRT:initsect.obj
 0002:00000dac       $unwind$??4NodeAllocator@Gu@physx@@QEAAAEAV012@AEBV012@@Z 0000000180006dac     Cooking.obj
 0002:00000dc0       $unwind$??6PxRenderOutput@physx@@QEAAAEAV01@AEBV?$PxTransformT@M@1@@Z 0000000180006dc0     Cooking.obj
 0002:00000de8       $unwind$??6PxRenderOutput@physx@@QEAAAEAV01@AEBV?$PxVec3T@M@1@@Z 0000000180006de8     Cooking.obj
 0002:00000e00       $unwind$?outputCapsule@PxRenderOutput@physx@@QEAAAEAV12@MMAEBV?$PxMat44T@M@2@@Z 0000000180006e00     Cooking.obj
 0002:00000e3c       $chain$1$?cookingDelayHook@@YAP6A_JXZIPEAUDelayLoadInfo@@@Z 0000000180006e3c     WindowsCookingDelayLoadHook.obj
 0002:00000e54       $chain$3$?cookingDelayHook@@YAP6A_JXZIPEAUDelayLoadInfo@@@Z 0000000180006e54     WindowsCookingDelayLoadHook.obj
 0002:00000e54       $chain$5$?cookingDelayHook@@YAP6A_JXZIPEAUDelayLoadInfo@@@Z 0000000180006e54     WindowsCookingDelayLoadHook.obj
 0002:00000e6c       $chain$6$?cookingDelayHook@@YAP6A_JXZIPEAUDelayLoadInfo@@@Z 0000000180006e6c     WindowsCookingDelayLoadHook.obj
 0002:00000e7c       xdata                      0000000180006e7c     PhysXCommon_64:PhysXCommon_64.dll
 0002:00000e84       xdata                      0000000180006e84     PhysXFoundation_64:PhysXFoundation_64.dll
 0002:00000e8c       $unwind$?DloadObtainSection@@YAPEAXPEAK0@Z 0000000180006e8c     Delayimp:delayhlp.obj
 0002:00000e9c       $unwind$?DloadMakePermanentImageCommit@@YAXPEAX_K@Z 0000000180006e9c     Delayimp:delayhlp.obj
 0002:00000ea8       $unwind$?DloadProtectSection@@YAXKPEAK@Z 0000000180006ea8     Delayimp:delayhlp.obj
 0002:00000eb8       $unwind$__delayLoadHelper2 0000000180006eb8     Delayimp:delayhlp.obj
 0002:00000ed4       $unwind$?dllmain_crt_process_attach@@YAHQEAUHINSTANCE__@@QEAX@Z 0000000180006ed4     MSVCRT:dll_dllmain.obj
 0002:00000f10       $unwind$?fin$0@?0??dllmain_crt_process_attach@@YAHQEAUHINSTANCE__@@QEAX@Z@4HA 0000000180006f10     MSVCRT:dll_dllmain.obj
 0002:00000f10       $unwind$?fin$0@?0??dllmain_crt_process_detach@@YAH_N@Z@4HA 0000000180006f10     MSVCRT:dll_dllmain.obj
 0002:00000f10       $unwind$?fin$1@?0??dllmain_crt_process_detach@@YAH_N@Z@4HA 0000000180006f10     MSVCRT:dll_dllmain.obj
 0002:00000f18       $unwind$?dllmain_crt_process_detach@@YAH_N@Z 0000000180006f18     MSVCRT:dll_dllmain.obj
 0002:00000f6c       $unwind$?dllmain_dispatch@@YAHQEAUHINSTANCE__@@KQEAX@Z 0000000180006f6c     MSVCRT:dll_dllmain.obj
 0002:00000f94       $unwind$?filt$0@?0??dllmain_dispatch@@YAHQEAUHINSTANCE__@@KQEAX@Z@4HA 0000000180006f94     MSVCRT:dll_dllmain.obj
 0002:00000f9c       $unwind$__isa_available_init 0000000180006f9c     MSVCRT:cpu_disp.obj
 0002:00000fb0       $xdatasym                  0000000180006fb0     MSVCRT:svml_ssinf4_sse2.obj
 0002:00000fe8       $xdatasym                  0000000180006fe8     MSVCRT:svml_ssinf4_sse4.obj
 0002:0000101c       $unwind$__security_init_cookie 000000018000701c     MSVCRT:gs_support.obj
 0002:00001028       $unwind$__scrt_is_nonwritable_in_current_image 0000000180007028     MSVCRT:utility.obj
 0002:00001048       $unwind$__scrt_is_nonwritable_in_current_image$filt$0 0000000180007048     MSVCRT:utility.obj
 0002:00001050       $unwind$__scrt_dllmain_exception_filter 0000000180007050     MSVCRT:utility.obj
 0002:00001064       $unwind$__scrt_fastfail    0000000180007064     MSVCRT:utility_desktop.obj
 0002:00001078       $xdatasym                  0000000180007078     MSVCRT:guard_dispatch.obj
 0002:00001080       $xdatasym                  0000000180007080     MSVCRT:guard_xfg_dispatch.obj
 0002:00001088       $xdatasym                  0000000180007088     MSVCRT:svml_s_sin_cout.obj
 0002:000015a0       .edata                     00000001800075a0     PhysXCooking_64.exp
 0002:000015c8       rgpv                       00000001800075c8     PhysXCooking_64.exp
 0002:000016e0       rgszName                   00000001800076e0     PhysXCooking_64.exp
 0002:000017f8       rgwOrd                     00000001800077f8     PhysXCooking_64.exp
 0002:00001884       szName                     0000000180007884     PhysXCooking_64.exp
 0002:00001898       $N00001                    0000000180007898     PhysXCooking_64.exp
 0002:000018bc       $N00002                    00000001800078bc     PhysXCooking_64.exp
 0002:000018eb       $N00003                    00000001800078eb     PhysXCooking_64.exp
 0002:00001912       $N00004                    0000000180007912     PhysXCooking_64.exp
 0002:00001969       $N00005                    0000000180007969     PhysXCooking_64.exp
 0002:00001994       $N00006                    0000000180007994     PhysXCooking_64.exp
 0002:000019ba       $N00007                    00000001800079ba     PhysXCooking_64.exp
 0002:000019d9       $N00008                    00000001800079d9     PhysXCooking_64.exp
 0002:00001a0f       $N00009                    0000000180007a0f     PhysXCooking_64.exp
 0002:00001a37       $N00010                    0000000180007a37     PhysXCooking_64.exp
 0002:00001a5b       $N00011                    0000000180007a5b     PhysXCooking_64.exp
 0002:00001a82       $N00012                    0000000180007a82     PhysXCooking_64.exp
 0002:00001aab       $N00013                    0000000180007aab     PhysXCooking_64.exp
 0002:00001aca       $N00014                    0000000180007aca     PhysXCooking_64.exp
 0002:00001afd       $N00015                    0000000180007afd     PhysXCooking_64.exp
 0002:00001b33       $N00016                    0000000180007b33     PhysXCooking_64.exp
 0002:00001b6b       $N00017                    0000000180007b6b     PhysXCooking_64.exp
 0002:00001b9d       $N00018                    0000000180007b9d     PhysXCooking_64.exp
 0002:00001bc9       $N00019                    0000000180007bc9     PhysXCooking_64.exp
 0002:00001c03       $N00020                    0000000180007c03     PhysXCooking_64.exp
 0002:00001c41       $N00021                    0000000180007c41     PhysXCooking_64.exp
 0002:00001c7a       $N00022                    0000000180007c7a     PhysXCooking_64.exp
 0002:00001ca2       $N00023                    0000000180007ca2     PhysXCooking_64.exp
 0002:00001cd8       $N00024                    0000000180007cd8     PhysXCooking_64.exp
 0002:00001cf4       $N00025                    0000000180007cf4     PhysXCooking_64.exp
 0002:00001d1e       $N00026                    0000000180007d1e     PhysXCooking_64.exp
 0002:00001d5a       $N00027                    0000000180007d5a     PhysXCooking_64.exp
 0002:00001d95       $N00028                    0000000180007d95     PhysXCooking_64.exp
 0002:00001dd0       $N00029                    0000000180007dd0     PhysXCooking_64.exp
 0002:00001e05       $N00030                    0000000180007e05     PhysXCooking_64.exp
 0002:00001e41       $N00031                    0000000180007e41     PhysXCooking_64.exp
 0002:00001e74       $N00032                    0000000180007e74     PhysXCooking_64.exp
 0002:00001ea7       $N00033                    0000000180007ea7     PhysXCooking_64.exp
 0002:00001ee1       $N00034                    0000000180007ee1     PhysXCooking_64.exp
 0002:00001f1b       $N00035                    0000000180007f1b     PhysXCooking_64.exp
 0002:00001f48       $N00036                    0000000180007f48     PhysXCooking_64.exp
 0002:00001f7b       $N00037                    0000000180007f7b     PhysXCooking_64.exp
 0002:00001fc3       $N00038                    0000000180007fc3     PhysXCooking_64.exp
 0002:00002003       $N00039                    0000000180008003     PhysXCooking_64.exp
 0002:00002031       $N00040                    0000000180008031     PhysXCooking_64.exp
 0002:00002071       $N00041                    0000000180008071     PhysXCooking_64.exp
 0002:000020b2       $N00042                    00000001800080b2     PhysXCooking_64.exp
 0002:000020df       $N00043                    00000001800080df     PhysXCooking_64.exp
 0002:0000211b       $N00044                    000000018000811b     PhysXCooking_64.exp
 0002:00002158       $N00045                    0000000180008158     PhysXCooking_64.exp
 0002:00002188       $N00046                    0000000180008188     PhysXCooking_64.exp
 0002:0000219f       $N00047                    000000018000819f     PhysXCooking_64.exp
 0002:000021ba       $N00048                    00000001800081ba     PhysXCooking_64.exp
 0002:000021d1       $N00049                    00000001800081d1     PhysXCooking_64.exp
 0002:000021e7       $N00050                    00000001800081e7     PhysXCooking_64.exp
 0002:000021fe       $N00051                    00000001800081fe     PhysXCooking_64.exp
 0002:00002216       $N00052                    0000000180008216     PhysXCooking_64.exp
 0002:00002220       $N00053                    0000000180008220     PhysXCooking_64.exp
 0002:00002231       $N00054                    0000000180008231     PhysXCooking_64.exp
 0002:00002243       $N00055                    0000000180008243     PhysXCooking_64.exp
 0002:00002256       $N00056                    0000000180008256     PhysXCooking_64.exp
 0002:0000226c       $N00057                    000000018000826c     PhysXCooking_64.exp
 0002:0000227f       $N00058                    000000018000827f     PhysXCooking_64.exp
 0002:0000228b       $N00059                    000000018000828b     PhysXCooking_64.exp
 0002:0000229f       $N00060                    000000018000829f     PhysXCooking_64.exp
 0002:000022b2       $N00061                    00000001800082b2     PhysXCooking_64.exp
 0002:000022c2       $N00062                    00000001800082c2     PhysXCooking_64.exp
 0002:000022d6       $N00063                    00000001800082d6     PhysXCooking_64.exp
 0002:000022eb       $N00064                    00000001800082eb     PhysXCooking_64.exp
 0002:00002303       $N00065                    0000000180008303     PhysXCooking_64.exp
 0002:00002318       $N00066                    0000000180008318     PhysXCooking_64.exp
 0002:00002335       $N00067                    0000000180008335     PhysXCooking_64.exp
 0002:00002356       $N00068                    0000000180008356     PhysXCooking_64.exp
 0002:00002375       $N00069                    0000000180008375     PhysXCooking_64.exp
 0002:0000238a       $N00070                    000000018000838a     PhysXCooking_64.exp
 0002:00002568       .idata$6                   0000000180008568     kernel32:KERNEL32.dll
 0002:000025e6       .idata$6                   00000001800085e6     vcruntime:VCRUNTIME140.dll
 0002:000026a6       .idata$6                   00000001800086a6     ucrt:api-ms-win-crt-heap-l1-1-0.dll
 0002:000026c6       .idata$6                   00000001800086c6     ucrt:api-ms-win-crt-runtime-l1-1-0.dll
 0003:00000220       ?maxV3Error@vecMathTests@aos@physx@@3T__m128@@B 0000000180009220     Cooking.obj
 0003:00000230       ?minFError@vecMathTests@aos@physx@@3T__m128@@B 0000000180009230     Cooking.obj
 0003:00000240       ?maxV4Error@vecMathTests@aos@physx@@3T__m128@@B 0000000180009240     Cooking.obj
 0003:00000250       ?minV4Error@vecMathTests@aos@physx@@3T__m128@@B 0000000180009250     Cooking.obj
 0003:00000260       ?minV3Error@vecMathTests@aos@physx@@3T__m128@@B 0000000180009260     Cooking.obj
 0003:00000270       ?maxFError@vecMathTests@aos@physx@@3T__m128@@B 0000000180009270     Cooking.obj
 0003:00000280       ?gCookingDelayLoadHook@@3PEBVPxDelayLoadHook@physx@@EB 0000000180009280     WindowsCookingDelayLoadHook.obj
 0003:000002e0       ?__proc_attached@@3HA      00000001800092e0     MSVCRT:dll_dllmain.obj
 0003:00000318       ?is_initialized_as_dll@@3_NA 0000000180009318     MSVCRT:utility.obj
 0003:00000319       ?module_local_atexit_table_initialized@@3_NA 0000000180009319     MSVCRT:utility.obj
 0003:00000320       ?module_local_atexit_table@@3U_onexit_table_t@@A 0000000180009320     MSVCRT:utility.obj
 0003:00000338       ?module_local_at_quick_exit_table@@3U_onexit_table_t@@A 0000000180009338     MSVCRT:utility.obj
 0005:00000000       _2il0floatpacket$19        000000018000b000     MSVCRT:svml_ssinf4_sse2.obj
 0005:00002200       _vmlsSinHATab              000000018000d200     MSVCRT:svml_s_sin_cout.obj
 0006:000000a0       $R000000                   000000018000e0a0     PhysXCooking.res
 0006:000003d0       $R000330                   000000018000e3d0     PhysXCooking.res
