 PhysXCooking_64

 Timestamp is 63b97969 (Sat Jan  7 14:53:45 2023)

 Preferred load address is 0000000180000000

 Start         Length     Name                   Class
 0001:00000000 00000120H .text$di                CODE
 0001:00000120 00008990H .text$mn                CODE
 0001:00008ab0 00000040H .text$mn$00             CODE
 0001:00008af0 00000100H .text$x                 CODE
 0002:00000000 00000228H .idata$5                DATA
 0002:00000228 00000028H .00cfg                  DATA
 0002:00000250 00000008H .CRT$XCA                DATA
 0002:00000258 00000030H .CRT$XCU                DATA
 0002:00000288 00000008H .CRT$XCZ                DATA
 0002:00000290 00000008H .CRT$XIA                DATA
 0002:00000298 00000008H .CRT$XIZ                DATA
 0002:000002a0 00000008H .CRT$XPA                DATA
 0002:000002a8 00000008H .CRT$XPZ                DATA
 0002:000002b0 00000008H .CRT$XTA                DATA
 0002:000002b8 00000008H .CRT$XTZ                DATA
 0002:000002c0 00000000H .gehcont$y              DATA
 0002:000002c0 00000000H .gfids$y                DATA
 0002:000002c0 00000fc0H .rdata                  DATA
 0002:00001280 00000008H .rdata$CastGuardVftablesA DATA
 0002:00001288 00000008H .rdata$CastGuardVftablesC DATA
 0002:00001290 00000074H .rdata$r                DATA
 0002:00001304 0000041cH .rdata$zzzdbg           DATA
 0002:00001720 00000008H .rtc$IAA                DATA
 0002:00001728 00000010H .rtc$IMZ                DATA
 0002:00001738 00000008H .rtc$IZZ                DATA
 0002:00001740 00000008H .rtc$TAA                DATA
 0002:00001748 00000010H .rtc$TMZ                DATA
 0002:00001758 00000008H .rtc$TZZ                DATA
 0002:00001760 00000a24H .xdata                  DATA
 0002:00002184 00000040H .didat$2                DATA
 0002:000021c4 00000024H .didat$3                DATA
 0002:000021e8 000000f8H .didat$4                DATA
 0002:000022e0 00000300H .didat$6                DATA
 0002:000025e0 00000100H .didat$7                DATA
 0002:000026e0 00000e04H .edata                  DATA
 0002:000034e4 0000003cH .idata$2                DATA
 0002:00003520 00000018H .idata$3                DATA
 0002:00003538 00000228H .idata$4                DATA
 0002:00003760 00000548H .idata$6                DATA
 0003:00000000 00000058H .data                   DATA
 0003:00000058 000000d8H .data$r                 DATA
 0003:00000130 00000100H .didat$5                DATA
 0003:00000230 000006c8H .bss                    DATA
 0004:00000000 00000c84H .pdata                  DATA
 0005:00000000 000000a0H .rsrc$01                DATA
 0005:000000a0 000004b0H .rsrc$02                DATA

  Address         Publics by Value              Rva+Base               Lib:Object

 0000:00000000       __x64_code_ranges_to_entry_points 0000000000000000     <absolute>
 0000:00000000       __guard_iat_table          0000000000000000     <absolute>
 0000:00000000       __dynamic_value_reloc_table 0000000000000000     <absolute>
 0000:00000000       __guard_eh_cont_count      0000000000000000     <absolute>
 0000:00000000       __x64_code_ranges_to_entry_points_count 0000000000000000     <absolute>
 0000:00000000       __arm64x_redirection_metadata_count 0000000000000000     <absolute>
 0000:00000000       __enclave_config           0000000000000000     <absolute>
 0000:00000000       __hybrid_code_map          0000000000000000     <absolute>
 0000:00000000       ___safe_se_handler_table   0000000000000000     <absolute>
 0000:00000000       __volatile_metadata        0000000000000000     <absolute>
 0000:00000000       __hybrid_auxiliary_iat     0000000000000000     <absolute>
 0000:00000000       __guard_longjmp_count      0000000000000000     <absolute>
 0000:00000000       __guard_longjmp_table      0000000000000000     <absolute>
 0000:00000000       __AbsoluteZero             0000000000000000     <absolute>
 0000:00000000       __hybrid_code_map_count    0000000000000000     <absolute>
 0000:00000000       __arm64x_extra_rfe_table   0000000000000000     <absolute>
 0000:00000000       __guard_iat_count          0000000000000000     <absolute>
 0000:00000000       ___safe_se_handler_count   0000000000000000     <absolute>
 0000:00000000       __guard_eh_cont_table      0000000000000000     <absolute>
 0000:00000000       __guard_fids_table         0000000000000000     <absolute>
 0000:00000000       __arm64x_extra_rfe_table_size 0000000000000000     <absolute>
 0000:00000000       __guard_fids_count         0000000000000000     <absolute>
 0000:00000000       __arm64x_native_entrypoint 0000000000000000     <absolute>
 0000:00000000       __arm64x_redirection_metadata 0000000000000000     <absolute>
 0000:00000100       __guard_flags              0000000000000100     <absolute>
 0000:00000000       __ImageBase                0000000180000000     <linker-defined>
 0001:00000120       PxCreateCooking            0000000180001120 f   Cooking.obj
 0001:00000210       PxGetStandaloneInsertionCallback 0000000180001210 f   Cooking.obj
 0001:00000230       PxCookBVH                  0000000180001230 f   Cooking.obj
 0001:00000260       PxCreateBVH                0000000180001260 f   Cooking.obj
 0001:00000290       PxCookHeightField          0000000180001290 f   Cooking.obj
 0001:000002c0       PxCreateHeightField        00000001800012c0 f   Cooking.obj
 0001:000002f0       PxCookConvexMesh           00000001800012f0 f   Cooking.obj
 0001:00000330       PxCreateConvexMesh         0000000180001330 f   Cooking.obj
 0001:00000370       PxValidateConvexMesh       0000000180001370 f   Cooking.obj
 0001:000003a0       PxComputeHullPolygons      00000001800013a0 f   Cooking.obj
 0001:00000420       PxValidateTriangleMesh     0000000180001420 f   Cooking.obj
 0001:00000450       PxCreateTriangleMesh       0000000180001450 f   Cooking.obj
 0001:00000490       PxCookTriangleMesh         0000000180001490 f   Cooking.obj
 0001:000004d0       PxCookTetrahedronMesh      00000001800014d0 f   Cooking.obj
 0001:00000510       PxCreateTetrahedronMesh    0000000180001510 f   Cooking.obj
 0001:00000550       PxCookSoftBodyMesh         0000000180001550 f   Cooking.obj
 0001:000005a0       PxCreateSoftBodyMesh       00000001800015a0 f   Cooking.obj
 0001:000005f0       PxComputeModelsMapping     00000001800015f0 f   Cooking.obj
 0001:00000640       PxComputeCollisionData     0000000180001640 f   Cooking.obj
 0001:00000670       PxComputeSimulationData    0000000180001670 f   Cooking.obj
 0001:000006a0       PxAssembleSoftBodyMesh     00000001800016a0 f   Cooking.obj
 0001:000006f0       PxAssembleSoftBodyMesh_Sim 00000001800016f0 f   Cooking.obj
 0001:00000730       ?release@Cooking@physx@@UEAAXXZ 0000000180001730 f   Cooking.obj
 0001:00000790       ?setParams@Cooking@physx@@UEAAXAEBUPxCookingParams@2@@Z 0000000180001790 f   Cooking.obj
 0001:000007c0       ?getParams@Cooking@physx@@UEBAAEBUPxCookingParams@2@XZ 00000001800017c0 f   Cooking.obj
 0001:000007e0       ?platformMismatch@Cooking@physx@@UEBA_NXZ 00000001800017e0 f   Cooking.obj
 0001:00000800       ?cookTriangleMesh@Cooking@physx@@UEBA_NAEBVPxTriangleMeshDesc@2@AEAVPxOutputStream@2@PEAW4Enum@PxTriangleMeshCookingResult@2@@Z 0000000180001800 f   Cooking.obj
 0001:00000850       ?createTriangleMesh@Cooking@physx@@UEBAPEAVPxTriangleMesh@2@AEBVPxTriangleMeshDesc@2@AEAVPxInsertionCallback@2@PEAW4Enum@PxTriangleMeshCookingResult@2@@Z 0000000180001850 f   Cooking.obj
 0001:000008a0       ?validateTriangleMesh@Cooking@physx@@UEBA_NAEBVPxTriangleMeshDesc@2@@Z 00000001800018a0 f   Cooking.obj
 0001:000008d0       ?cookSoftBodyMesh@Cooking@physx@@UEBA_NAEBVPxTetrahedronMeshDesc@2@0AEBVPxSoftBodySimulationDataDesc@2@AEAVPxOutputStream@2@@Z 00000001800018d0 f   Cooking.obj
 0001:00000920       ?createSoftBodyMesh@Cooking@physx@@UEBAPEAVPxSoftBodyMesh@2@AEBVPxTetrahedronMeshDesc@2@0AEBVPxSoftBodySimulationDataDesc@2@AEAVPxInsertionCallback@2@@Z 0000000180001920 f   Cooking.obj
 0001:00000970       ?cookTetrahedronMesh@Cooking@physx@@UEBA_NAEBVPxTetrahedronMeshDesc@2@AEAVPxOutputStream@2@@Z 0000000180001970 f   Cooking.obj
 0001:000009b0       ?createTetrahedronMesh@Cooking@physx@@UEBAPEAVPxTetrahedronMesh@2@AEBVPxTetrahedronMeshDesc@2@AEAVPxInsertionCallback@2@@Z 00000001800019b0 f   Cooking.obj
 0001:000009f0       ?computeModelsMapping@Cooking@physx@@UEBAPEAVPxCollisionMeshMappingData@2@AEAVPxTetrahedronMeshData@2@AEBV42@AEBVPxSoftBodyCollisionData@2@PEBUPxBoundedData@2@@Z 00000001800019f0 f   Cooking.obj
 0001:00000a40       ?computeCollisionData@Cooking@physx@@UEBAPEAVPxCollisionTetrahedronMeshData@2@AEBVPxTetrahedronMeshDesc@2@@Z 0000000180001a40 f   Cooking.obj
 0001:00000a70       ?computeSimulationData@Cooking@physx@@UEBAPEAVPxSimulationTetrahedronMeshData@2@AEBVPxTetrahedronMeshDesc@2@@Z 0000000180001a70 f   Cooking.obj
 0001:00000aa0       ?assembleSoftBodyMesh@Cooking@physx@@UEBAPEAVPxSoftBodyMesh@2@AEAVPxTetrahedronMeshData@2@AEAVPxSoftBodySimulationData@2@0AEAVPxSoftBodyCollisionData@2@AEAVPxCollisionMeshMappingData@2@AEAVPxInsertionCallback@2@@Z 0000000180001aa0 f   Cooking.obj
 0001:00000af0       ?assembleSoftBodyMesh@Cooking@physx@@UEBAPEAVPxSoftBodyMesh@2@AEAVPxSimulationTetrahedronMeshData@2@AEAVPxCollisionTetrahedronMeshData@2@AEAVPxCollisionMeshMappingData@2@AEAVPxInsertionCallback@2@@Z 0000000180001af0 f   Cooking.obj
 0001:00000b30       ?cookConvexMesh@Cooking@physx@@UEBA_NAEBVPxConvexMeshDesc@2@AEAVPxOutputStream@2@PEAW4Enum@PxConvexMeshCookingResult@2@@Z 0000000180001b30 f   Cooking.obj
 0001:00000b80       ?createConvexMesh@Cooking@physx@@UEBAPEAVPxConvexMesh@2@AEBVPxConvexMeshDesc@2@AEAVPxInsertionCallback@2@PEAW4Enum@PxConvexMeshCookingResult@2@@Z 0000000180001b80 f   Cooking.obj
 0001:00000bd0       ?validateConvexMesh@Cooking@physx@@UEBA_NAEBVPxConvexMeshDesc@2@@Z 0000000180001bd0 f   Cooking.obj
 0001:00000c00       ?computeHullPolygons@Cooking@physx@@UEBA_NAEBVPxSimpleTriangleMesh@2@AEAVPxAllocatorCallback@2@AEAIAEAPEAV?$PxVec3T@M@2@2AEAPEAI2AEAPEAUPxHullPolygon@2@@Z 0000000180001c00 f   Cooking.obj
 0001:00000c90       ?cookHeightField@Cooking@physx@@UEBA_NAEBVPxHeightFieldDesc@2@AEAVPxOutputStream@2@@Z 0000000180001c90 f   Cooking.obj
 0001:00000cc0       ?createHeightField@Cooking@physx@@UEBAPEAVPxHeightField@2@AEBVPxHeightFieldDesc@2@AEAVPxInsertionCallback@2@@Z 0000000180001cc0 f   Cooking.obj
 0001:00000cf0       ?cookBVH@Cooking@physx@@UEBA_NAEBVPxBVHDesc@2@AEAVPxOutputStream@2@@Z 0000000180001cf0 f   Cooking.obj
 0001:00000d20       ?createBVH@Cooking@physx@@UEBAPEAVPxBVH@2@AEBVPxBVHDesc@2@AEAVPxInsertionCallback@2@@Z 0000000180001d20 f   Cooking.obj
 0001:00000d50       ?getStandaloneInsertionCallback@Cooking@physx@@UEAAAEAVPxInsertionCallback@2@XZ 0000000180001d50 f   Cooking.obj
 0001:00000d70       ?createTriangleMesh@Cooking@physx@@QEBAPEAVPxTriangleMesh@2@AEBUPxTriangleMeshInternalData@2@@Z 0000000180001d70 f   Cooking.obj
 0001:00000e10       ?createBVH@Cooking@physx@@QEBAPEAVPxBVH@2@AEBUPxBVHInternalData@2@@Z 0000000180001e10 f   Cooking.obj
 0001:00000ef0       PxCreateTriangleMeshInternal 0000000180001ef0 f   Cooking.obj
 0001:00000f20       PxCreateBVHInternal        0000000180001f20 f   Cooking.obj
 0001:00000f50       ??$?2V?$PxReflectionAllocator@VCooking@physx@@@physx@@@PxUserAllocated@physx@@SAPEAX_KV?$PxReflectionAllocator@VCooking@physx@@@1@PEBDH@Z 0000000180001f50 f i Cooking.obj
 0001:00000f90       ??$?4V?$PxReflectionAllocator@USlab@NodeAllocator@Gu@physx@@@physx@@@?$PxArray@USlab@NodeAllocator@Gu@physx@@V?$PxReflectionAllocator@USlab@NodeAllocator@Gu@physx@@@4@@physx@@QEAAAEAV01@AEBV01@@Z 0000000180001f90 f i Cooking.obj
 0001:00001020       ??$PX_UNUSED@VPxFoundation@physx@@@@YAXAEBVPxFoundation@physx@@@Z 0000000180002020 f i Cooking.obj
 0001:00001030       ??$PxSwap@V?$PxVec4T@M@physx@@@physx@@YAXAEAV?$PxVec4T@M@0@0@Z 0000000180002030 f i Cooking.obj
 0001:00001070       ??$copy@V?$PxReflectionAllocator@USlab@NodeAllocator@Gu@physx@@@physx@@@?$PxArray@USlab@NodeAllocator@Gu@physx@@V?$PxReflectionAllocator@USlab@NodeAllocator@Gu@physx@@@4@@physx@@IEAAXAEBV01@@Z 0000000180002070 f i Cooking.obj
 0001:00001130       ??0?$PxArray@USlab@NodeAllocator@Gu@physx@@V?$PxReflectionAllocator@USlab@NodeAllocator@Gu@physx@@@4@@physx@@QEAA@AEBV01@AEBV?$PxReflectionAllocator@USlab@NodeAllocator@Gu@physx@@@1@@Z 0000000180002130 f i Cooking.obj
 0001:00001170       ??0?$PxFlags@W4Enum@PxMeshPreprocessingFlag@physx@@I@physx@@QEAA@AEBV01@@Z 0000000180002170 f i Cooking.obj
 0001:00001190       ??0?$PxMat33T@M@physx@@QEAA@AEBV?$PxQuatT@M@1@@Z 0000000180002190 f i Cooking.obj
 0001:00001430       ??0?$PxMat44T@M@physx@@QEAA@AEBV01@@Z 0000000180002430 f i Cooking.obj
 0001:000014b0       ??0?$PxMat44T@M@physx@@QEAA@AEBV?$PxMat33T@M@1@AEBV?$PxVec3T@M@1@@Z 00000001800024b0 f i Cooking.obj
 0001:00001540       ??0?$PxMat44T@M@physx@@QEAA@AEBV?$PxTransformT@M@1@@Z 0000000180002540 f i Cooking.obj
 0001:00001600       ??0?$PxMat44T@M@physx@@QEAA@W4PxIDENTITY@1@@Z 0000000180002600 f i Cooking.obj
 0001:000016c0       ??0?$PxReflectionAllocator@USlab@NodeAllocator@Gu@physx@@@physx@@QEAA@AEBV01@@Z 00000001800026c0 f i Cooking.obj
 0001:000016d0       ??0?$PxReflectionAllocator@USlab@NodeAllocator@Gu@physx@@@physx@@QEAA@PEBD@Z 00000001800026d0 f i Cooking.obj
 0001:000016e0       ??0?$PxReflectionAllocator@VBV4TriangleMesh@Gu@physx@@@physx@@QEAA@PEBD@Z 00000001800026e0 f i Cooking.obj
 0001:000016f0       ??0?$PxReflectionAllocator@VBVH@Gu@physx@@@physx@@QEAA@PEBD@Z 00000001800026f0 f i Cooking.obj
 0001:00001700       ??0?$PxReflectionAllocator@VCooking@physx@@@physx@@QEAA@PEBD@Z 0000000180002700 f i Cooking.obj
 0001:00001710       ??0?$PxVec3T@M@physx@@QEAA@AEBV01@@Z 0000000180002710 f i Cooking.obj
 0001:00001760       ??0?$PxVec3T@M@physx@@QEAA@M@Z 0000000180002760 f i Cooking.obj
 0001:000017a0       ??0?$PxVec3T@M@physx@@QEAA@MMM@Z 00000001800027a0 f i Cooking.obj
 0001:000017f0       ??0?$PxVec3T@M@physx@@QEAA@XZ 00000001800027f0 f i Cooking.obj
 0001:00001800       ??0?$PxVec4T@M@physx@@QEAA@AEBV01@@Z 0000000180002800 f i Cooking.obj
 0001:00001860       ??0?$PxVec4T@M@physx@@QEAA@AEBV?$PxVec3T@M@1@M@Z 0000000180002860 f i Cooking.obj
 0001:000018c0       ??0?$PxVec4T@M@physx@@QEAA@MMMM@Z 00000001800028c0 f i Cooking.obj
 0001:00001920       ??0?$PxVec4T@M@physx@@QEAA@XZ 0000000180002920 f i Cooking.obj
 0001:00001930       ??0AABBTreeBounds@Gu@physx@@QEAA@XZ 0000000180002930 f i Cooking.obj
 0001:00001960       ??0AABBTreeBuildNode@Gu@physx@@QEAA@AEBV012@@Z 0000000180002960 f i Cooking.obj
 0001:000019c0       ??0AABBTreeBuildNode@Gu@physx@@QEAA@XZ 00000001800029c0 f i Cooking.obj
 0001:000019e0       ??0AABBTreeBuildParams@Gu@physx@@QEAA@IIPEBVAABBTreeBounds@12@W4BVHBuildStrategy@12@@Z 00000001800029e0 f i Cooking.obj
 0001:00001a40       ??0Cooking@physx@@QEAA@AEBUPxCookingParams@1@@Z 0000000180002a40 f i Cooking.obj
 0001:00001a90       ??0NodeAllocator@Gu@physx@@QEAA@AEBV012@@Z 0000000180002a90 f i Cooking.obj
 0001:00001b10       ??0PxAllocator@physx@@QEAA@PEBD@Z 0000000180002b10 f i Cooking.obj
 0001:00001b20       ??0PxBounds3@physx@@QEAA@AEBV01@@Z 0000000180002b20 f i Cooking.obj
 0001:00001b90       ??0PxBounds3@physx@@QEAA@XZ 0000000180002b90 f i Cooking.obj
 0001:00001bd0       ??0PxCooking@physx@@QEAA@XZ 0000000180002bd0 f i Cooking.obj
 0001:00001bf0       ??0PxCookingParams@physx@@QEAA@AEBU01@@Z 0000000180002bf0 f i Cooking.obj
 0001:00001d00       ??0PxDebugArc@physx@@QEAA@IMMM@Z 0000000180002d00 f i Cooking.obj
 0001:00001d60       ??0PxDebugCircle@physx@@QEAA@IM@Z 0000000180002d60 f i Cooking.obj
 0001:00001d90       ??0PxDebugLine@physx@@QEAA@AEBV?$PxVec3T@M@1@0AEBI@Z 0000000180002d90 f i Cooking.obj
 0001:00001e00       ??0PxDebugPoint@physx@@QEAA@AEBV?$PxVec3T@M@1@AEBI@Z 0000000180002e00 f i Cooking.obj
 0001:00001e40       ??0PxDebugTriangle@physx@@QEAA@AEBV?$PxVec3T@M@1@00AEBI@Z 0000000180002e40 f i Cooking.obj
 0001:00001ed0       ??0PxFoundation@physx@@QEAA@AEBV01@@Z 0000000180002ed0 f i Cooking.obj
 0001:00001ef0       ??0PxFoundation@physx@@QEAA@XZ 0000000180002ef0 f i Cooking.obj
 0001:00001f10       ??0PxRenderOutput@physx@@QEAA@AEAVPxRenderBuffer@1@@Z 0000000180002f10 f i Cooking.obj
 0001:00001fa0       ??0PxRenderOutput@physx@@QEAA@AEBV01@@Z 0000000180002fa0 f i Cooking.obj
 0001:00002050       ??1AABBTreeBounds@Gu@physx@@QEAA@XZ 0000000180003050 f i Cooking.obj
 0001:00002070       ??1AABBTreeBuildNode@Gu@physx@@QEAA@XZ 0000000180003070 f i Cooking.obj
 0001:00002080       ??1AABBTreeBuildParams@Gu@physx@@QEAA@XZ 0000000180003080 f i Cooking.obj
 0001:000020a0       ??1Cooking@physx@@UEAA@XZ  00000001800030a0 f i Cooking.obj
 0001:000020c0       ??1PxCooking@physx@@MEAA@XZ 00000001800030c0 f i Cooking.obj
 0001:000020e0       ??1PxFoundation@physx@@MEAA@XZ 00000001800030e0 f i Cooking.obj
 0001:00002100       ??2@YAPEAX_KPEAX@Z         0000000180003100 f i Cooking.obj
 0001:00002110       ??2PxUserAllocated@physx@@SAPEAX_KPEAX@Z 0000000180003110 f i Cooking.obj
 0001:00002120       ??3PxUserAllocated@physx@@SAXPEAX@Z 0000000180003120 f i Cooking.obj
 0001:00002150       ??4?$PxArray@USlab@NodeAllocator@Gu@physx@@V?$PxReflectionAllocator@USlab@NodeAllocator@Gu@physx@@@4@@physx@@QEAAAEAV01@AEBV01@@Z 0000000180003150 f i Cooking.obj
 0001:00002180       ??4?$PxFlags@W4Enum@PxMeshPreprocessingFlag@physx@@I@physx@@QEAAAEAV01@AEBV01@@Z 0000000180003180 f i Cooking.obj
 0001:000021a0       ??4?$PxMat44T@M@physx@@QEAAAEAV01@AEBV01@@Z 00000001800031a0 f i Cooking.obj
 0001:00002220       ??4?$PxVec3T@M@physx@@QEAAAEAV01@AEBV01@@Z 0000000180003220 f i Cooking.obj
 0001:00002270       ??4?$PxVec4T@M@physx@@QEAAAEAV01@AEBV01@@Z 0000000180003270 f i Cooking.obj
 0001:000022d0       ??4AABBTreeBounds@Gu@physx@@QEAAAEAV012@AEBV012@@Z 00000001800032d0 f i Cooking.obj
 0001:00002300       ??4AABBTreeBuildNode@Gu@physx@@QEAAAEAV012@AEBV012@@Z 0000000180003300 f i Cooking.obj
 0001:00002360       ??4AABBTreeBuildParams@Gu@physx@@QEAAAEAV012@AEBV012@@Z 0000000180003360 f i Cooking.obj
 0001:00002390       ??4NodeAllocator@Gu@physx@@QEAAAEAV012@AEBV012@@Z 0000000180003390 f i Cooking.obj
 0001:00002400       ??4PxBounds3@physx@@QEAAXAEBV01@@Z 0000000180003400 f i Cooking.obj
 0001:00002440       ??4PxCookingParams@physx@@QEAAAEAU01@AEBU01@@Z 0000000180003440 f i Cooking.obj
 0001:00002550       ??4PxFoundation@physx@@QEAAAEAV01@AEBV01@@Z 0000000180003550 f i Cooking.obj
 0001:00002560       ??6PxRenderOutput@physx@@QEAAAEAV01@AEBV?$PxMat44T@M@1@@Z 0000000180003560 f i Cooking.obj
 0001:00002590       ??6PxRenderOutput@physx@@QEAAAEAV01@AEBV?$PxTransformT@M@1@@Z 0000000180003590 f i Cooking.obj
 0001:000025d0       ??6PxRenderOutput@physx@@QEAAAEAV01@AEBV?$PxVec3T@M@1@@Z 00000001800035d0 f i Cooking.obj
 0001:00002a00       ??6PxRenderOutput@physx@@QEAAAEAV01@I@Z 0000000180003a00 f i Cooking.obj
 0001:00002a20       ??6PxRenderOutput@physx@@QEAAAEAV01@W4Primitive@01@@Z 0000000180003a20 f i Cooking.obj
 0001:00002a50       ??6physx@@YAAEAVPxRenderOutput@0@AEAV10@AEBUPxDebugArc@0@@Z 0000000180003a50 f i Cooking.obj
 0001:00002bc0       ??6physx@@YAAEAVPxRenderOutput@0@AEAV10@AEBUPxDebugCircle@0@@Z 0000000180003bc0 f i Cooking.obj
 0001:00002ce0       ??D?$PxVec4T@M@physx@@QEBA?AV01@M@Z 0000000180003ce0 f i Cooking.obj
 0001:00002d60       ??G?$PxVec4T@M@physx@@QEBA?AV01@XZ 0000000180003d60 f i Cooking.obj
 0001:00002de0       ??H?$PxVec4T@M@physx@@QEBA?AV01@AEBV01@@Z 0000000180003de0 f i Cooking.obj
 0001:00002e70       ??Y?$PxVec4T@M@physx@@QEAAAEAV01@AEBV01@@Z 0000000180003e70 f i Cooking.obj
 0001:00002f00       ??_EPxFoundation@physx@@MEAAPEAXI@Z 0000000180003f00 f i Cooking.obj
 0001:00002fa0       ??_FAABBTreeBuildParams@Gu@physx@@QEAAXXZ 0000000180003fa0 f i Cooking.obj
 0001:00002fd0       ??_ECooking@physx@@UEAAPEAXI@Z 0000000180003fd0 f i Cooking.obj
 0001:00002fd0       ??_GCooking@physx@@UEAAPEAXI@Z 0000000180003fd0 f i Cooking.obj
 0001:00003030       ??_EPxCooking@physx@@MEAAPEAXI@Z 0000000180004030 f i Cooking.obj
 0001:00003030       ??_GPxCooking@physx@@MEAAPEAXI@Z 0000000180004030 f i Cooking.obj
 0001:00003070       ??_GPxFoundation@physx@@MEAAPEAXI@Z 0000000180004070 f i Cooking.obj
 0001:000030b0       ??_H@YAXPEAX_K1P6APEAX0@Z@Z 00000001800040b0 f i Cooking.obj
 0001:00003130       ??_I@YAXPEAX_K1P6AX0@Z@Z   0000000180004130 f i Cooking.obj
 0001:000031c0       ?FLoad@aos@physx@@YA?AT__m128@@M@Z 00000001800041c0 f i Cooking.obj
 0001:000031f0       ?PxCos@physx@@YAMM@Z       00000001800041f0 f i Cooking.obj
 0001:00003210       ?PxLittleEndian@physx@@YADXZ 0000000180004210 f i Cooking.obj
 0001:00003230       ?PxMarkSerializedMemory@physx@@YAXPEAXI@Z 0000000180004230 f i Cooking.obj
 0001:00003260       ?PxMemSet@physx@@YAPEAXPEAXHI@Z 0000000180004260 f i Cooking.obj
 0001:00003290       ?PxSin@physx@@YAMM@Z       0000000180004290 f i Cooking.obj
 0001:000032b0       ?V3Load@aos@physx@@YA?AT__m128@@M@Z 00000001800042b0 f i Cooking.obj
 0001:000032f0       ?V4Load@aos@physx@@YA?AT__m128@@M@Z 00000001800042f0 f i Cooking.obj
 0001:00003320       ?__empty_global_delete@@YAXPEAX@Z 0000000180004320 f i Cooking.obj
 0001:00003330       ?__empty_global_delete@@YAXPEAX_K@Z 0000000180004330 f i Cooking.obj
 0001:00003340       ?__global_array_delete@@YAXPEAX@Z 0000000180004340 f i Cooking.obj
 0001:00003360       ?__global_array_delete@@YAXPEAX_K@Z 0000000180004360 f i Cooking.obj
 0001:00003390       ?__global_delete@@YAXPEAX@Z 0000000180004390 f i Cooking.obj
 0001:000033b0       ?__global_delete@@YAXPEAX_K@Z 00000001800043b0 f i Cooking.obj
 0001:000033e0       ?allocate@?$PxArray@USlab@NodeAllocator@Gu@physx@@V?$PxReflectionAllocator@USlab@NodeAllocator@Gu@physx@@@4@@physx@@IEAAPEAUSlab@NodeAllocator@Gu@2@I@Z 00000001800043e0 f i Cooking.obj
 0001:00003440       ?allocate@?$PxReflectionAllocator@USlab@NodeAllocator@Gu@physx@@@physx@@QEAAPEAX_KPEBDH@Z 0000000180004440 f i Cooking.obj
 0001:000034c0       ?allocate@?$PxReflectionAllocator@VBV4TriangleMesh@Gu@physx@@@physx@@QEAAPEAX_KPEBDH@Z 00000001800044c0 f i Cooking.obj
 0001:00003540       ?allocate@?$PxReflectionAllocator@VBVH@Gu@physx@@@physx@@QEAAPEAX_KPEBDH@Z 0000000180004540 f i Cooking.obj
 0001:000035c0       ?allocate@?$PxReflectionAllocator@VCooking@physx@@@physx@@QEAAPEAX_KPEBDH@Z 00000001800045c0 f i Cooking.obj
 0001:00003640       ?begin@?$PxArray@USlab@NodeAllocator@Gu@physx@@V?$PxReflectionAllocator@USlab@NodeAllocator@Gu@physx@@@4@@physx@@QEBAPEBUSlab@NodeAllocator@Gu@2@XZ 0000000180004640 f i Cooking.obj
 0001:00003650       ?capacity@?$PxArray@USlab@NodeAllocator@Gu@physx@@V?$PxReflectionAllocator@USlab@NodeAllocator@Gu@physx@@@4@@physx@@QEBAIXZ 0000000180004650 f i Cooking.obj
 0001:00003670       ?clear@?$PxArray@USlab@NodeAllocator@Gu@physx@@V?$PxReflectionAllocator@USlab@NodeAllocator@Gu@physx@@@4@@physx@@QEAAXXZ 0000000180004670 f i Cooking.obj
 0001:000036b0       ?copy@?$PxArray@USlab@NodeAllocator@Gu@physx@@V?$PxReflectionAllocator@USlab@NodeAllocator@Gu@physx@@@4@@physx@@KAXPEAUSlab@NodeAllocator@Gu@2@0PEBU3452@@Z 00000001800046b0 f i Cooking.obj
 0001:00003730       ?cos@intrinsics@physx@@YAMM@Z 0000000180004730 f i Cooking.obj
 0001:00003750       ?deallocate@?$PxArray@USlab@NodeAllocator@Gu@physx@@V?$PxReflectionAllocator@USlab@NodeAllocator@Gu@physx@@@4@@physx@@IEAAXPEAX@Z 0000000180004750 f i Cooking.obj
 0001:00003780       ?deallocate@?$PxReflectionAllocator@USlab@NodeAllocator@Gu@physx@@@physx@@QEAAXPEAX@Z 0000000180004780 f i Cooking.obj
 0001:000037c0       ?deallocate@PxAllocator@physx@@QEAAXPEAX@Z 00000001800047c0 f i Cooking.obj
 0001:00003800       ?destroy@?$PxArray@USlab@NodeAllocator@Gu@physx@@V?$PxReflectionAllocator@USlab@NodeAllocator@Gu@physx@@@4@@physx@@KAXPEAUSlab@NodeAllocator@Gu@2@0@Z 0000000180004800 f i Cooking.obj
 0001:00003830       ?empty@?$PxArray@USlab@NodeAllocator@Gu@physx@@V?$PxReflectionAllocator@USlab@NodeAllocator@Gu@physx@@@4@@physx@@QEBA_NXZ 0000000180004830 f i Cooking.obj
 0001:00003860       ?getAABB@AABBTreeBuildNode@Gu@physx@@QEBAAEBVPxBounds3@3@XZ 0000000180004860 f i Cooking.obj
 0001:00003870       ?getBounds@AABBTreeBounds@Gu@physx@@QEAAPEAVPxBounds3@3@XZ 0000000180004870 f i Cooking.obj
 0001:00003880       ?getBounds@AABBTreeBounds@Gu@physx@@QEBAPEBVPxBounds3@3@XZ 0000000180004880 f i Cooking.obj
 0001:00003890       ?getName@?$PxReflectionAllocator@USlab@NodeAllocator@Gu@physx@@@physx@@CAPEBDXZ 0000000180004890 f i Cooking.obj
 0001:000038d0       ?getName@?$PxReflectionAllocator@VBV4TriangleMesh@Gu@physx@@@physx@@CAPEBDXZ 00000001800048d0 f i Cooking.obj
 0001:00003910       ?getName@?$PxReflectionAllocator@VBVH@Gu@physx@@@physx@@CAPEBDXZ 0000000180004910 f i Cooking.obj
 0001:00003950       ?getName@?$PxReflectionAllocator@VCooking@physx@@@physx@@CAPEBDXZ 0000000180004950 f i Cooking.obj
 0001:00003990       ?getNbPrimitives@AABBTreeBuildNode@Gu@physx@@QEBAIXZ 0000000180004990 f i Cooking.obj
 0001:000039a0       ?getNbRuntimePrimitives@AABBTreeBuildNode@Gu@physx@@QEBAIXZ 00000001800049a0 f i Cooking.obj
 0001:000039b0       ?getNeg@AABBTreeBuildNode@Gu@physx@@QEBAPEBV123@XZ 00000001800049b0 f i Cooking.obj
 0001:000039f0       ?getPos@AABBTreeBuildNode@Gu@physx@@QEBAPEBV123@XZ 00000001800049f0 f i Cooking.obj
 0001:00003a00       ?getPrimitives@AABBTreeBuildNode@Gu@physx@@QEAAPEAIPEAI@Z 0000000180004a00 f i Cooking.obj
 0001:00003a20       ?getPrimitives@AABBTreeBuildNode@Gu@physx@@QEBAPEBIPEBI@Z 0000000180004a20 f i Cooking.obj
 0001:00003a40       ?getXYZ@?$PxVec4T@M@physx@@QEBA?AV?$PxVec3T@M@2@XZ 0000000180004a40 f i Cooking.obj
 0001:00003a80       ?grow@?$PxArray@USlab@NodeAllocator@Gu@physx@@V?$PxReflectionAllocator@USlab@NodeAllocator@Gu@physx@@@4@@physx@@IEAAXI@Z 0000000180004a80 f i Cooking.obj
 0001:00003b00       ?isInUserMemory@?$PxArray@USlab@NodeAllocator@Gu@physx@@V?$PxReflectionAllocator@USlab@NodeAllocator@Gu@physx@@@4@@physx@@QEBAIXZ 0000000180004b00 f i Cooking.obj
 0001:00003b20       ?isLeaf@AABBTreeBuildNode@Gu@physx@@QEBA_NXZ 0000000180004b20 f i Cooking.obj
 0001:00003b60       ?memSet@intrinsics@physx@@YAPEAXPEAXHI@Z 0000000180004b60 f i Cooking.obj
 0001:00003b90       ?moveFrom@AABBTreeBounds@Gu@physx@@QEAAXAEAV123@@Z 0000000180004b90 f i Cooking.obj
 0001:00003bc0       ?name@type_info@@QEBAPEBDXZ 0000000180004bc0 f i Cooking.obj
 0001:00003bf0       ?outputCapsule@PxRenderOutput@physx@@QEAAAEAV12@MMAEBV?$PxMat44T@M@2@@Z 0000000180004bf0 f i Cooking.obj
 0001:00004290       ?outputSegment@PxRenderOutput@physx@@QEAAXAEBV?$PxVec3T@M@2@0@Z 0000000180005290 f i Cooking.obj
 0001:00004320       ?ownsMemory@AABBTreeBounds@Gu@physx@@QEBA_NXZ 0000000180005320 f i Cooking.obj
 0001:00004350       ?recreate@?$PxArray@USlab@NodeAllocator@Gu@physx@@V?$PxReflectionAllocator@USlab@NodeAllocator@Gu@physx@@@4@@physx@@IEAAXI@Z 0000000180005350 f i Cooking.obj
 0001:00004470       ?reserve@?$PxArray@USlab@NodeAllocator@Gu@physx@@V?$PxReflectionAllocator@USlab@NodeAllocator@Gu@physx@@@4@@physx@@QEAAXI@Z 0000000180005470 f i Cooking.obj
 0001:000044a0       ?reservePoints@PxRenderOutput@physx@@QEAAPEAUPxDebugPoint@2@I@Z 00000001800054a0 f i Cooking.obj
 0001:000044d0       ?reserveSegments@PxRenderOutput@physx@@QEAAPEAUPxDebugLine@2@I@Z 00000001800054d0 f i Cooking.obj
 0001:00004500       ?reset@AABBTreeBuildParams@Gu@physx@@QEAAXXZ 0000000180005500 f i Cooking.obj
 0001:00004570       ?rotate@?$PxMat44T@M@physx@@QEBA?BV?$PxVec3T@M@2@AEBV32@@Z 0000000180005570 f i Cooking.obj
 0001:000045d0       ?rotate@?$PxMat44T@M@physx@@QEBA?BV?$PxVec4T@M@2@AEBV32@@Z 00000001800055d0 f i Cooking.obj
 0001:00004690       ?setBounds@AABBTreeBounds@Gu@physx@@QEAAXPEAVPxBounds3@3@@Z 0000000180005690 f i Cooking.obj
 0001:000046c0       ?setNbRunTimePrimitives@AABBTreeBuildNode@Gu@physx@@QEAAXI@Z 00000001800056c0 f i Cooking.obj
 0001:000046e0       ?sin@intrinsics@physx@@YAMM@Z 00000001800056e0 f i Cooking.obj
 0001:00004700       ?size@?$PxArray@USlab@NodeAllocator@Gu@physx@@V?$PxReflectionAllocator@USlab@NodeAllocator@Gu@physx@@@4@@physx@@QEBAIXZ 0000000180005700 f i Cooking.obj
 0001:00004710       ?takeOwnership@AABBTreeBounds@Gu@physx@@QEAAXXZ 0000000180005710 f i Cooking.obj
 0001:00004730       ?transform@?$PxMat44T@M@physx@@QEBA?BV?$PxVec3T@M@2@AEBV32@@Z 0000000180005730 f i Cooking.obj
 0001:00004790       ?transform@?$PxMat44T@M@physx@@QEBA?BV?$PxVec4T@M@2@AEBV32@@Z 0000000180005790 f i Cooking.obj
 0001:000048a0       PxSetPhysXCookingDelayLoadHook 00000001800058a0 f   WindowsCookingDelayLoadHook.obj
 0001:000048c0       ?cookingDelayHook@@YAP6A_JXZIPEAUDelayLoadInfo@@@Z 00000001800058c0 f   WindowsCookingDelayLoadHook.obj
 0001:00004940       ?loadLibrary@Cm@physx@@YAPEAUHINSTANCE__@@PEBD@Z 0000000180005940 f i WindowsCookingDelayLoadHook.obj
 0001:00004960       ?physXCommonDliNotePreLoadLibrary@Cm@physx@@YAP6A_JXZPEBDPEBVPxDelayLoadHook@2@@Z 0000000180005960 f i WindowsCookingDelayLoadHook.obj
 0001:000049eb       __imp_load_getInsertionCallback 00000001800059eb f   PhysXCommon_64:PhysXCommon_64.dll
 0001:000049f7       getInsertionCallback       00000001800059f7 f   PhysXCommon_64:PhysXCommon_64.dll
 0001:000049fd       __tailMerge_physxcommon_64_dll 00000001800059fd     PhysXCommon_64:PhysXCommon_64.dll
 0001:00004a76       __imp_load_cookBVH         0000000180005a76 f   PhysXCommon_64:PhysXCommon_64.dll
 0001:00004a82       cookBVH                    0000000180005a82 f   PhysXCommon_64:PhysXCommon_64.dll
 0001:00004a88       __imp_load_createBVH       0000000180005a88 f   PhysXCommon_64:PhysXCommon_64.dll
 0001:00004a94       createBVH                  0000000180005a94 f   PhysXCommon_64:PhysXCommon_64.dll
 0001:00004a9a       __imp_load_cookHeightField 0000000180005a9a f   PhysXCommon_64:PhysXCommon_64.dll
 0001:00004aa6       cookHeightField            0000000180005aa6 f   PhysXCommon_64:PhysXCommon_64.dll
 0001:00004aac       __imp_load_createHeightField 0000000180005aac f   PhysXCommon_64:PhysXCommon_64.dll
 0001:00004ab8       createHeightField          0000000180005ab8 f   PhysXCommon_64:PhysXCommon_64.dll
 0001:00004abe       __imp_load_cookConvexMesh  0000000180005abe f   PhysXCommon_64:PhysXCommon_64.dll
 0001:00004aca       cookConvexMesh             0000000180005aca f   PhysXCommon_64:PhysXCommon_64.dll
 0001:00004ad0       __imp_load_createConvexMesh 0000000180005ad0 f   PhysXCommon_64:PhysXCommon_64.dll
 0001:00004adc       createConvexMesh           0000000180005adc f   PhysXCommon_64:PhysXCommon_64.dll
 0001:00004ae2       __imp_load_validateConvexMesh 0000000180005ae2 f   PhysXCommon_64:PhysXCommon_64.dll
 0001:00004aee       validateConvexMesh         0000000180005aee f   PhysXCommon_64:PhysXCommon_64.dll
 0001:00004af4       __imp_load_computeHullPolygons 0000000180005af4 f   PhysXCommon_64:PhysXCommon_64.dll
 0001:00004b00       computeHullPolygons        0000000180005b00 f   PhysXCommon_64:PhysXCommon_64.dll
 0001:00004b06       __imp_load_validateTriangleMesh 0000000180005b06 f   PhysXCommon_64:PhysXCommon_64.dll
 0001:00004b12       validateTriangleMesh       0000000180005b12 f   PhysXCommon_64:PhysXCommon_64.dll
 0001:00004b18       __imp_load_createTriangleMesh 0000000180005b18 f   PhysXCommon_64:PhysXCommon_64.dll
 0001:00004b24       createTriangleMesh         0000000180005b24 f   PhysXCommon_64:PhysXCommon_64.dll
 0001:00004b2a       __imp_load_cookTriangleMesh 0000000180005b2a f   PhysXCommon_64:PhysXCommon_64.dll
 0001:00004b36       cookTriangleMesh           0000000180005b36 f   PhysXCommon_64:PhysXCommon_64.dll
 0001:00004b3c       __imp_load_cookTetrahedronMesh 0000000180005b3c f   PhysXCommon_64:PhysXCommon_64.dll
 0001:00004b48       cookTetrahedronMesh        0000000180005b48 f   PhysXCommon_64:PhysXCommon_64.dll
 0001:00004b4e       __imp_load_createTetrahedronMesh 0000000180005b4e f   PhysXCommon_64:PhysXCommon_64.dll
 0001:00004b5a       createTetrahedronMesh      0000000180005b5a f   PhysXCommon_64:PhysXCommon_64.dll
 0001:00004b60       __imp_load_cookSoftBodyMesh 0000000180005b60 f   PhysXCommon_64:PhysXCommon_64.dll
 0001:00004b6c       cookSoftBodyMesh           0000000180005b6c f   PhysXCommon_64:PhysXCommon_64.dll
 0001:00004b72       __imp_load_createSoftBodyMesh 0000000180005b72 f   PhysXCommon_64:PhysXCommon_64.dll
 0001:00004b7e       createSoftBodyMesh         0000000180005b7e f   PhysXCommon_64:PhysXCommon_64.dll
 0001:00004b84       __imp_load_computeModelsMapping 0000000180005b84 f   PhysXCommon_64:PhysXCommon_64.dll
 0001:00004b90       computeModelsMapping       0000000180005b90 f   PhysXCommon_64:PhysXCommon_64.dll
 0001:00004b96       __imp_load_computeCollisionData 0000000180005b96 f   PhysXCommon_64:PhysXCommon_64.dll
 0001:00004ba2       computeCollisionData       0000000180005ba2 f   PhysXCommon_64:PhysXCommon_64.dll
 0001:00004ba8       __imp_load_computeSimulationData 0000000180005ba8 f   PhysXCommon_64:PhysXCommon_64.dll
 0001:00004bb4       computeSimulationData      0000000180005bb4 f   PhysXCommon_64:PhysXCommon_64.dll
 0001:00004bba       __imp_load_assembleSoftBodyMesh 0000000180005bba f   PhysXCommon_64:PhysXCommon_64.dll
 0001:00004bc6       assembleSoftBodyMesh       0000000180005bc6 f   PhysXCommon_64:PhysXCommon_64.dll
 0001:00004bcc       __imp_load_assembleSoftBodyMesh_Sim 0000000180005bcc f   PhysXCommon_64:PhysXCommon_64.dll
 0001:00004bd8       assembleSoftBodyMesh_Sim   0000000180005bd8 f   PhysXCommon_64:PhysXCommon_64.dll
 0001:00004bde       __imp_load_?release@AABBTreeBounds@Gu@physx@@QEAAXXZ 0000000180005bde f   PhysXCommon_64:PhysXCommon_64.dll
 0001:00004bea       ?release@AABBTreeBounds@Gu@physx@@QEAAXXZ 0000000180005bea f   PhysXCommon_64:PhysXCommon_64.dll
 0001:00004bf0       __imp_load_??0BVH@Gu@physx@@QEAA@AEBUPxBVHInternalData@2@@Z 0000000180005bf0 f   PhysXCommon_64:PhysXCommon_64.dll
 0001:00004bfc       ??0BVH@Gu@physx@@QEAA@AEBUPxBVHInternalData@2@@Z 0000000180005bfc f   PhysXCommon_64:PhysXCommon_64.dll
 0001:00004c02       __imp_load_??0BV4TriangleMesh@Gu@physx@@QEAA@AEBUPxTriangleMeshInternalData@2@@Z 0000000180005c02 f   PhysXCommon_64:PhysXCommon_64.dll
 0001:00004c0e       ??0BV4TriangleMesh@Gu@physx@@QEAA@AEBUPxTriangleMeshInternalData@2@@Z 0000000180005c0e f   PhysXCommon_64:PhysXCommon_64.dll
 0001:00004c14       __imp_load_?PxGetAssertHandler@physx@@YAAEAVPxAssertHandler@1@XZ 0000000180005c14 f   PhysXFoundation_64:PhysXFoundation_64.dll
 0001:00004c20       ?PxGetAssertHandler@physx@@YAAEAVPxAssertHandler@1@XZ 0000000180005c20 f   PhysXFoundation_64:PhysXFoundation_64.dll
 0001:00004c26       __tailMerge_physxfoundation_64_dll 0000000180005c26     PhysXFoundation_64:PhysXFoundation_64.dll
 0001:00004c9f       __imp_load_PxGetFoundation 0000000180005c9f f   PhysXFoundation_64:PhysXFoundation_64.dll
 0001:00004cab       PxGetFoundation            0000000180005cab f   PhysXFoundation_64:PhysXFoundation_64.dll
 0001:00004cb1       __imp_load_PxGetBroadcastAllocator 0000000180005cb1 f   PhysXFoundation_64:PhysXFoundation_64.dll
 0001:00004cbd       PxGetBroadcastAllocator    0000000180005cbd f   PhysXFoundation_64:PhysXFoundation_64.dll
 0001:00004cc3       __imp_load_PxDecFoundationRefCount 0000000180005cc3 f   PhysXFoundation_64:PhysXFoundation_64.dll
 0001:00004ccf       PxDecFoundationRefCount    0000000180005ccf f   PhysXFoundation_64:PhysXFoundation_64.dll
 0001:00004cd5       __imp_load_PxIncFoundationRefCount 0000000180005cd5 f   PhysXFoundation_64:PhysXFoundation_64.dll
 0001:00004ce1       PxIncFoundationRefCount    0000000180005ce1 f   PhysXFoundation_64:PhysXFoundation_64.dll
 0001:00004ce7       LoadLibraryA               0000000180005ce7 f   kernel32:KERNEL32.dll
 0001:00004cf0       ??$PFromRva@PEAP6A_JXZ@@YAPEAP6A_JXZK@Z 0000000180005cf0 f i Delayimp:delayhlp.obj
 0001:00004d00       ??$PFromRva@PEAPEAUHINSTANCE__@@@@YAPEAPEAUHINSTANCE__@@K@Z 0000000180005d00 f i Delayimp:delayhlp.obj
 0001:00004d10       ??$PFromRva@PEAU_IMAGE_IMPORT_BY_NAME@@@@YAPEAU_IMAGE_IMPORT_BY_NAME@@K@Z 0000000180005d10 f i Delayimp:delayhlp.obj
 0001:00004d20       ??$PFromRva@PEAU_IMAGE_THUNK_DATA64@@@@YAPEAU_IMAGE_THUNK_DATA64@@K@Z 0000000180005d20 f i Delayimp:delayhlp.obj
 0001:00004d30       ??$PFromRva@PEBD@@YAPEBDK@Z 0000000180005d30 f i Delayimp:delayhlp.obj
 0001:00004d40       ??$PFromRva@PEBUImgDelayDescr@@@@YAPEBUImgDelayDescr@@K@Z 0000000180005d40 f i Delayimp:delayhlp.obj
 0001:00004d50       ??$PFromRva@PEBU_IMAGE_THUNK_DATA64@@@@YAPEBU_IMAGE_THUNK_DATA64@@K@Z 0000000180005d50 f i Delayimp:delayhlp.obj
 0001:00004d60       ?CountOfImports@@YAIPEBU_IMAGE_THUNK_DATA64@@@Z 0000000180005d60 f i Delayimp:delayhlp.obj
 0001:00004d74       ?DloadAcquireSectionWriteAccess@@YAXXZ 0000000180005d74 f i Delayimp:delayhlp.obj
 0001:00004e20       ?DloadGetSRWLockFunctionPointers@@YAEXZ 0000000180005e20 f i Delayimp:delayhlp.obj
 0001:00004ebc       ?DloadLock@@YAXXZ          0000000180005ebc f i Delayimp:delayhlp.obj
 0001:00004f04       ?DloadMakePermanentImageCommit@@YAXPEAX_K@Z 0000000180005f04 f i Delayimp:delayhlp.obj
 0001:00004f9c       ?DloadObtainSection@@YAPEAXPEAK0@Z 0000000180005f9c f i Delayimp:delayhlp.obj
 0001:00005038       ?DloadProtectSection@@YAXKPEAK@Z 0000000180006038 f i Delayimp:delayhlp.obj
 0001:000050c8       ?DloadReleaseSectionWriteAccess@@YAXXZ 00000001800060c8 f i Delayimp:delayhlp.obj
 0001:0000515c       ?DloadUnlock@@YAXXZ        000000018000615c f i Delayimp:delayhlp.obj
 0001:0000519c       ?IndexFromPImgThunkData@@YAIPEBU_IMAGE_THUNK_DATA64@@0@Z 000000018000619c f i Delayimp:delayhlp.obj
 0001:000052e4       HRESULT_FROM_WIN32         00000001800062e4 f i Delayimp:delayhlp.obj
 0001:000052f4       ReadAcquire64              00000001800062f4 f i Delayimp:delayhlp.obj
 0001:000052f8       ReadPointerAcquire         00000001800062f8 f i Delayimp:delayhlp.obj
 0001:000052fc       WritePointerRelease        00000001800062fc f i Delayimp:delayhlp.obj
 0001:00005300       WriteRelease64             0000000180006300 f i Delayimp:delayhlp.obj
 0001:00005304       __FUnloadDelayLoadedDLL2   0000000180006304 f   Delayimp:delayhlp.obj
 0001:000053c0       __HrLoadAllImportsForDll   00000001800063c0 f   Delayimp:delayhlp.obj
 0001:00005434       __delayLoadHelper2         0000000180006434 f   Delayimp:delayhlp.obj
 0001:00005710       ??3@YAXPEAX@Z              0000000180006710 f   MSVCRTD:delete_scalar.obj
 0001:00005730       ??3@YAXPEAX_K@Z            0000000180006730 f   MSVCRTD:delete_scalar_size.obj
 0001:00005750       ??_V@YAXPEAX@Z             0000000180006750 f   MSVCRTD:delete_array.obj
 0001:00005770       ??_V@YAXPEAX_K@Z           0000000180006770 f   MSVCRTD:delete_array_size.obj
 0001:00005790       _CRT_RTC_INIT              0000000180006790 f   MSVCRTD:init.obj
 0001:000057a0       _CRT_RTC_INITW             00000001800067a0 f   MSVCRTD:init.obj
 0001:000057b0       _RTC_InitBase              00000001800067b0 f   MSVCRTD:init.obj
 0001:000057f0       _RTC_Shutdown              00000001800067f0 f   MSVCRTD:init.obj
 0001:00005820       ??1type_info@@UEAA@XZ      0000000180006820 f   MSVCRTD:std_type_info_static.obj
 0001:00005840       ??_Etype_info@@UEAAPEAXI@Z 0000000180006840 f i MSVCRTD:std_type_info_static.obj
 0001:00005840       ??_Gtype_info@@UEAAPEAXI@Z 0000000180006840 f i MSVCRTD:std_type_info_static.obj
 0001:00005880       ?__scrt_initialize_type_info@@YAXXZ 0000000180006880 f   MSVCRTD:tncleanup.obj
 0001:000058a0       ?__scrt_uninitialize_type_info@@YAXXZ 00000001800068a0 f   MSVCRTD:tncleanup.obj
 0001:00005cd0       _CRT_INIT                  0000000180006cd0 f   MSVCRTD:dll_dllmain.obj
 0001:00005d00       _DllMainCRTStartup         0000000180006d00 f   MSVCRTD:dll_dllmain.obj
 0001:00005d40       _guard_check_icall_nop     0000000180006d40 f i MSVCRTD:guard_support.obj
 0001:00005d50       ReadNoFence64              0000000180006d50 f i MSVCRTD:guard_support.obj
 0001:00005d70       ReadPointerNoFence         0000000180006d70 f i MSVCRTD:guard_support.obj
 0001:00005d90       __castguard_check_failure_debugbreak 0000000180006d90 f i MSVCRTD:guard_support.obj
 0001:00005db0       __castguard_check_failure_fastfail 0000000180006db0 f i MSVCRTD:guard_support.obj
 0001:00005de0       __castguard_check_failure_nop 0000000180006de0 f i MSVCRTD:guard_support.obj
 0001:00005df0       __castguard_check_failure_os_handled 0000000180006df0 f i MSVCRTD:guard_support.obj
 0001:00005eb0       __castguard_slow_path_check_debugbreak 0000000180006eb0 f i MSVCRTD:guard_support.obj
 0001:00005ef0       __castguard_slow_path_check_fastfail 0000000180006ef0 f i MSVCRTD:guard_support.obj
 0001:00005f40       __castguard_slow_path_check_nop 0000000180006f40 f i MSVCRTD:guard_support.obj
 0001:00005f50       __castguard_slow_path_check_os_handled 0000000180006f50 f i MSVCRTD:guard_support.obj
 0001:00006030       _guard_icall_checks_enforced 0000000180007030 f i MSVCRTD:guard_support.obj
 0001:00006070       _guard_rf_checks_enforced  0000000180007070 f i MSVCRTD:guard_support.obj
 0001:00006080       ?_RTC_GetErrorFunc@@YAP6AHHPEBDH00ZZPEBX@Z 0000000180007080 f   MSVCRTD:userapi.obj
 0001:00006090       ?_RTC_GetErrorFuncW@@YAP6AHHPEB_WH00ZZPEBX@Z 0000000180007090 f   MSVCRTD:userapi.obj
 0001:000060a0       _RTC_GetErrDesc            00000001800070a0 f   MSVCRTD:userapi.obj
 0001:000060c0       _RTC_NumErrors             00000001800070c0 f   MSVCRTD:userapi.obj
 0001:000060d0       _RTC_SetErrorFunc          00000001800070d0 f   MSVCRTD:userapi.obj
 0001:000060f0       _RTC_SetErrorFuncW         00000001800070f0 f   MSVCRTD:userapi.obj
 0001:00006110       _RTC_SetErrorType          0000000180007110 f   MSVCRTD:userapi.obj
 0001:000061f0       __security_init_cookie     00000001800071f0 f   MSVCRTD:gs_support.obj
 0001:00006270       DllMain                    0000000180007270 f   MSVCRTD:dll_dllmain_stub.obj
 0001:000062b0       __local_stdio_printf_options 00000001800072b0 f i MSVCRTD:default_local_stdio_options.obj
 0001:000062c0       __local_stdio_scanf_options 00000001800072c0 f i MSVCRTD:default_local_stdio_options.obj
 0001:000062d0       __scrt_initialize_default_local_stdio_options 00000001800072d0 f   MSVCRTD:default_local_stdio_options.obj
 0001:00006320       ?configure_argv@__scrt_narrow_argv_policy@@SAHXZ 0000000180007320 f i MSVCRTD:utility.obj
 0001:00006410       ?initialize_environment@__scrt_narrow_environment_policy@@SAHXZ 0000000180007410 f i MSVCRTD:utility.obj
 0001:000064b0       NtCurrentTeb               00000001800074b0 f i MSVCRTD:utility.obj
 0001:000064c0       __scrt_acquire_startup_lock 00000001800074c0 f   MSVCRTD:utility.obj
 0001:00006530       __scrt_dllmain_after_initialize_c 0000000180007530 f   MSVCRTD:utility.obj
 0001:00006560       __scrt_dllmain_before_initialize_c 0000000180007560 f   MSVCRTD:utility.obj
 0001:00006580       __scrt_dllmain_crt_thread_attach 0000000180007580 f   MSVCRTD:utility.obj
 0001:000065b0       __scrt_dllmain_crt_thread_detach 00000001800075b0 f   MSVCRTD:utility.obj
 0001:000065d0       __scrt_dllmain_exception_filter 00000001800075d0 f   MSVCRTD:utility.obj
 0001:00006640       __scrt_dllmain_uninitialize_c 0000000180007640 f   MSVCRTD:utility.obj
 0001:00006670       __scrt_dllmain_uninitialize_critical 0000000180007670 f   MSVCRTD:utility.obj
 0001:00006690       __scrt_initialize_crt      0000000180007690 f   MSVCRTD:utility.obj
 0001:000066e0       __scrt_initialize_onexit_tables 00000001800076e0 f   MSVCRTD:utility.obj
 0001:000067f0       __scrt_is_nonwritable_in_current_image 00000001800077f0 f   MSVCRTD:utility.obj
 0001:00006880       __scrt_release_startup_lock 0000000180007880 f   MSVCRTD:utility.obj
 0001:000068b0       __scrt_uninitialize_crt    00000001800078b0 f   MSVCRTD:utility.obj
 0001:000068f0       _onexit                    00000001800078f0 f   MSVCRTD:utility.obj
 0001:00006970       at_quick_exit              0000000180007970 f   MSVCRTD:utility.obj
 0001:000069c0       atexit                     00000001800079c0 f   MSVCRTD:utility.obj
 0001:00006a00       __scrt_get_dyn_tls_init_callback 0000000180007a00 f   MSVCRTD:dyn_tls_init.obj
 0001:00006a10       __crt_debugger_hook        0000000180007a10 f   MSVCRTD:utility_desktop.obj
 0001:00006a20       __scrt_fastfail            0000000180007a20 f   MSVCRTD:utility_desktop.obj
 0001:00006bc0       __scrt_get_show_window_mode 0000000180007bc0 f   MSVCRTD:utility_desktop.obj
 0001:00006c20       __scrt_initialize_mta      0000000180007c20 f   MSVCRTD:utility_desktop.obj
 0001:00006c30       __scrt_initialize_winrt    0000000180007c30 f   MSVCRTD:utility_desktop.obj
 0001:00006c40       __scrt_is_managed_app      0000000180007c40 f   MSVCRTD:utility_desktop.obj
 0001:00006cf0       __scrt_set_unhandled_exception_filter 0000000180007cf0 f   MSVCRTD:utility_desktop.obj
 0001:00006d10       __scrt_stub_for_initialize_mta 0000000180007d10 f   MSVCRTD:utility_desktop.obj
 0001:00006d10       __scrt_exe_initialize_mta  0000000180007d10 f   MSVCRTD:utility_desktop.obj
 0001:00006d20       __scrt_unhandled_exception_filter 0000000180007d20 f   MSVCRTD:utility_desktop.obj
 0001:00006dc0       _RTC_Initialize            0000000180007dc0 f   MSVCRTD:initsect.obj
 0001:00006e10       _RTC_Terminate             0000000180007e10 f   MSVCRTD:initsect.obj
 0001:00006ef0       ?_RTC_AllocaFailure@@YAXPEAXPEAU_RTC_ALLOCA_NODE@@H@Z 0000000180007ef0 f   MSVCRTD:error.obj
 0001:00007050       ?_RTC_Failure@@YAXPEAXH@Z  0000000180008050 f   MSVCRTD:error.obj
 0001:000070a0       ?_RTC_StackFailure@@YAXPEAXPEBD@Z 00000001800080a0 f   MSVCRTD:error.obj
 0001:000074d0       _RTC_UninitUse             00000001800084d0 f   MSVCRTD:error.obj
 0001:000075a0       _vsprintf_s_l              00000001800085a0 f i MSVCRTD:error.obj
 0001:00007610       sprintf_s                  0000000180008610 f i MSVCRTD:error.obj
 0001:00007640       __isa_available_init       0000000180008640 f   MSVCRTD:cpu_disp.obj
 0001:000079e0       _get_startup_argv_mode     00000001800089e0 f   MSVCRTD:argv_mode.obj
 0001:000079f0       __scrt_is_ucrt_dll_in_use  00000001800089f0 f   MSVCRTD:ucrt_detection.obj
 0001:00007f30       ?_RTC_GetSrcLine@@YAHPEAEPEA_WKPEAH1K@Z 0000000180008f30 f   MSVCRTD:pdblkup.obj
 0001:00008300       __GSHandlerCheck           0000000180009300 f   MSVCRTD:gshandler.obj
 0001:00008340       __GSHandlerCheckCommon     0000000180009340 f   MSVCRTD:gshandler.obj
 0001:00008450       __security_check_cookie    0000000180009450 f   MSVCRTD:amdsecgs.obj
 0001:00008480       __raise_securityfailure    0000000180009480 f   MSVCRTD:gs_report.obj
 0001:000084c0       __report_gsfailure         00000001800094c0 f   MSVCRTD:gs_report.obj
 0001:000085a0       __report_rangecheckfailure 00000001800095a0 f   MSVCRTD:gs_report.obj
 0001:000085c0       __report_securityfailure   00000001800095c0 f   MSVCRTD:gs_report.obj
 0001:00008660       __report_securityfailureEx 0000000180009660 f   MSVCRTD:gs_report.obj
 0001:000088c2       _purecall                  00000001800098c2 f   vcruntimed:VCRUNTIME140D.dll
 0001:000088c8       memset                     00000001800098c8 f   vcruntimed:VCRUNTIME140D.dll
 0001:000088ce       __std_type_info_name       00000001800098ce f   vcruntimed:VCRUNTIME140D.dll
 0001:000088d4       strstr                     00000001800098d4 f   vcruntimed:VCRUNTIME140D.dll
 0001:000088da       __std_type_info_destroy_list 00000001800098da f   vcruntimed:VCRUNTIME140D.dll
 0001:000088e0       __C_specific_handler       00000001800098e0 f   vcruntimed:VCRUNTIME140D.dll
 0001:000088e6       __current_exception        00000001800098e6 f   vcruntimed:VCRUNTIME140D.dll
 0001:000088ec       __current_exception_context 00000001800098ec f   vcruntimed:VCRUNTIME140D.dll
 0001:000088f2       __C_specific_handler_noexcept 00000001800098f2 f   vcruntimed:VCRUNTIME140D.dll
 0001:000088f8       __vcrt_GetModuleFileNameW  00000001800098f8 f   vcruntimed:VCRUNTIME140D.dll
 0001:000088fe       __vcrt_GetModuleHandleW    00000001800098fe f   vcruntimed:VCRUNTIME140D.dll
 0001:00008904       __vcrt_LoadLibraryExW      0000000180009904 f   vcruntimed:VCRUNTIME140D.dll
 0001:0000890a       cosf                       000000018000990a f   ucrtd:ucrtbased.dll
 0001:00008910       sinf                       0000000180009910 f   ucrtd:ucrtbased.dll
 0001:00008916       _free_dbg                  0000000180009916 f   ucrtd:ucrtbased.dll
 0001:0000891c       _CrtDbgReport              000000018000991c f   ucrtd:ucrtbased.dll
 0001:00008922       _CrtDbgReportW             0000000180009922 f   ucrtd:ucrtbased.dll
 0001:00008928       _initterm                  0000000180009928 f   ucrtd:ucrtbased.dll
 0001:0000892e       _initterm_e                000000018000992e f   ucrtd:ucrtbased.dll
 0001:00008934       _seh_filter_dll            0000000180009934 f   ucrtd:ucrtbased.dll
 0001:0000893a       _configure_narrow_argv     000000018000993a f   ucrtd:ucrtbased.dll
 0001:00008940       _initialize_narrow_environment 0000000180009940 f   ucrtd:ucrtbased.dll
 0001:00008946       _initialize_onexit_table   0000000180009946 f   ucrtd:ucrtbased.dll
 0001:0000894c       _register_onexit_function  000000018000994c f   ucrtd:ucrtbased.dll
 0001:00008952       _execute_onexit_table      0000000180009952 f   ucrtd:ucrtbased.dll
 0001:00008958       _crt_atexit                0000000180009958 f   ucrtd:ucrtbased.dll
 0001:0000895e       _crt_at_quick_exit         000000018000995e f   ucrtd:ucrtbased.dll
 0001:00008964       _cexit                     0000000180009964 f   ucrtd:ucrtbased.dll
 0001:0000896a       terminate                  000000018000996a f   ucrtd:ucrtbased.dll
 0001:00008970       strcpy_s                   0000000180009970 f   ucrtd:ucrtbased.dll
 0001:00008976       strcat_s                   0000000180009976 f   ucrtd:ucrtbased.dll
 0001:0000897c       __stdio_common_vsprintf_s  000000018000997c f   ucrtd:ucrtbased.dll
 0001:00008982       _wmakepath_s               0000000180009982 f   ucrtd:ucrtbased.dll
 0001:00008988       _wsplitpath_s              0000000180009988 f   ucrtd:ucrtbased.dll
 0001:0000898e       wcscpy_s                   000000018000998e f   ucrtd:ucrtbased.dll
 0001:00008994       RaiseException             0000000180009994 f   kernel32:KERNEL32.dll
 0001:0000899a       GetLastError               000000018000999a f   kernel32:KERNEL32.dll
 0001:000089a0       GetSystemInfo              00000001800099a0 f   kernel32:KERNEL32.dll
 0001:000089a6       VirtualProtect             00000001800099a6 f   kernel32:KERNEL32.dll
 0001:000089ac       VirtualQuery               00000001800099ac f   kernel32:KERNEL32.dll
 0001:000089b2       FreeLibrary                00000001800099b2 f   kernel32:KERNEL32.dll
 0001:000089b8       GetModuleHandleW           00000001800099b8 f   kernel32:KERNEL32.dll
 0001:000089be       GetProcAddress             00000001800099be f   kernel32:KERNEL32.dll
 0001:000089c4       LoadLibraryExA             00000001800099c4 f   kernel32:KERNEL32.dll
 0001:000089ca       InitializeSListHead        00000001800099ca f   kernel32:KERNEL32.dll
 0001:000089d0       QueryPerformanceCounter    00000001800099d0 f   kernel32:KERNEL32.dll
 0001:000089d6       GetCurrentProcessId        00000001800099d6 f   kernel32:KERNEL32.dll
 0001:000089dc       GetCurrentThreadId         00000001800099dc f   kernel32:KERNEL32.dll
 0001:000089e2       GetSystemTimeAsFileTime    00000001800099e2 f   kernel32:KERNEL32.dll
 0001:000089e8       DisableThreadLibraryCalls  00000001800099e8 f   kernel32:KERNEL32.dll
 0001:000089ee       RtlCaptureContext          00000001800099ee f   kernel32:KERNEL32.dll
 0001:000089f4       RtlLookupFunctionEntry     00000001800099f4 f   kernel32:KERNEL32.dll
 0001:000089fa       RtlVirtualUnwind           00000001800099fa f   kernel32:KERNEL32.dll
 0001:00008a00       IsDebuggerPresent          0000000180009a00 f   kernel32:KERNEL32.dll
 0001:00008a06       UnhandledExceptionFilter   0000000180009a06 f   kernel32:KERNEL32.dll
 0001:00008a0c       SetUnhandledExceptionFilter 0000000180009a0c f   kernel32:KERNEL32.dll
 0001:00008a12       GetStartupInfoW            0000000180009a12 f   kernel32:KERNEL32.dll
 0001:00008a18       IsProcessorFeaturePresent  0000000180009a18 f   kernel32:KERNEL32.dll
 0001:00008a1e       MultiByteToWideChar        0000000180009a1e f   kernel32:KERNEL32.dll
 0001:00008a24       WideCharToMultiByte        0000000180009a24 f   kernel32:KERNEL32.dll
 0001:00008a2a       HeapAlloc                  0000000180009a2a f   kernel32:KERNEL32.dll
 0001:00008a30       HeapFree                   0000000180009a30 f   kernel32:KERNEL32.dll
 0001:00008a36       GetProcessHeap             0000000180009a36 f   kernel32:KERNEL32.dll
 0001:00008a3c       GetCurrentProcess          0000000180009a3c f   kernel32:KERNEL32.dll
 0001:00008a42       TerminateProcess           0000000180009a42 f   kernel32:KERNEL32.dll
 0001:00008a50       __vcrt_initialize          0000000180009a50 f   MSVCRTD:ucrt_stubs.obj
 0001:00008a50       __scrt_stub_for_acrt_initialize 0000000180009a50 f   MSVCRTD:ucrt_stubs.obj
 0001:00008a50       __acrt_initialize          0000000180009a50 f   MSVCRTD:ucrt_stubs.obj
 0001:00008a60       __vcrt_thread_attach       0000000180009a60 f   MSVCRTD:ucrt_stubs.obj
 0001:00008a60       __acrt_thread_attach       0000000180009a60 f   MSVCRTD:ucrt_stubs.obj
 0001:00008a60       __scrt_stub_for_acrt_thread_attach 0000000180009a60 f   MSVCRTD:ucrt_stubs.obj
 0001:00008a70       __scrt_stub_for_acrt_thread_detach 0000000180009a70 f   MSVCRTD:ucrt_stubs.obj
 0001:00008a70       __vcrt_thread_detach       0000000180009a70 f   MSVCRTD:ucrt_stubs.obj
 0001:00008a70       __acrt_thread_detach       0000000180009a70 f   MSVCRTD:ucrt_stubs.obj
 0001:00008a80       __vcrt_uninitialize        0000000180009a80 f   MSVCRTD:ucrt_stubs.obj
 0001:00008a80       __scrt_stub_for_acrt_uninitialize 0000000180009a80 f   MSVCRTD:ucrt_stubs.obj
 0001:00008a80       __acrt_uninitialize        0000000180009a80 f   MSVCRTD:ucrt_stubs.obj
 0001:00008a90       __vcrt_uninitialize_critical 0000000180009a90 f   MSVCRTD:ucrt_stubs.obj
 0001:00008a90       __acrt_uninitialize_critical 0000000180009a90 f   MSVCRTD:ucrt_stubs.obj
 0001:00008a90       __scrt_stub_for_acrt_uninitialize_critical 0000000180009a90 f   MSVCRTD:ucrt_stubs.obj
 0001:00008aa0       __scrt_stub_for_is_c_termination_complete 0000000180009aa0 f   MSVCRTD:ucrt_stubs.obj
 0001:00008aa0       _is_c_termination_complete 0000000180009aa0 f   MSVCRTD:ucrt_stubs.obj
 0001:00008ac0       _guard_dispatch_icall_nop  0000000180009ac0 f   MSVCRTD:guard_dispatch.obj
 0001:00008ae0       _guard_xfg_dispatch_icall_nop 0000000180009ae0 f   MSVCRTD:guard_xfg_dispatch.obj
 0002:00000000       __imp_LoadLibraryA         000000018000a000     kernel32:KERNEL32.dll
 0002:00000008       __imp_GetCurrentProcess    000000018000a008     kernel32:KERNEL32.dll
 0002:00000010       __imp_GetProcessHeap       000000018000a010     kernel32:KERNEL32.dll
 0002:00000018       __imp_HeapFree             000000018000a018     kernel32:KERNEL32.dll
 0002:00000020       __imp_HeapAlloc            000000018000a020     kernel32:KERNEL32.dll
 0002:00000028       __imp_WideCharToMultiByte  000000018000a028     kernel32:KERNEL32.dll
 0002:00000030       __imp_MultiByteToWideChar  000000018000a030     kernel32:KERNEL32.dll
 0002:00000038       __imp_IsProcessorFeaturePresent 000000018000a038     kernel32:KERNEL32.dll
 0002:00000040       __imp_GetStartupInfoW      000000018000a040     kernel32:KERNEL32.dll
 0002:00000048       __imp_SetUnhandledExceptionFilter 000000018000a048     kernel32:KERNEL32.dll
 0002:00000050       __imp_UnhandledExceptionFilter 000000018000a050     kernel32:KERNEL32.dll
 0002:00000058       __imp_IsDebuggerPresent    000000018000a058     kernel32:KERNEL32.dll
 0002:00000060       __imp_RtlVirtualUnwind     000000018000a060     kernel32:KERNEL32.dll
 0002:00000068       __imp_RtlLookupFunctionEntry 000000018000a068     kernel32:KERNEL32.dll
 0002:00000070       __imp_RtlCaptureContext    000000018000a070     kernel32:KERNEL32.dll
 0002:00000078       __imp_DisableThreadLibraryCalls 000000018000a078     kernel32:KERNEL32.dll
 0002:00000080       __imp_GetSystemTimeAsFileTime 000000018000a080     kernel32:KERNEL32.dll
 0002:00000088       __imp_GetCurrentThreadId   000000018000a088     kernel32:KERNEL32.dll
 0002:00000090       __imp_GetCurrentProcessId  000000018000a090     kernel32:KERNEL32.dll
 0002:00000098       __imp_QueryPerformanceCounter 000000018000a098     kernel32:KERNEL32.dll
 0002:000000a0       __imp_InitializeSListHead  000000018000a0a0     kernel32:KERNEL32.dll
 0002:000000a8       __imp_LoadLibraryExA       000000018000a0a8     kernel32:KERNEL32.dll
 0002:000000b0       __imp_GetProcAddress       000000018000a0b0     kernel32:KERNEL32.dll
 0002:000000b8       __imp_GetModuleHandleW     000000018000a0b8     kernel32:KERNEL32.dll
 0002:000000c0       __imp_FreeLibrary          000000018000a0c0     kernel32:KERNEL32.dll
 0002:000000c8       __imp_VirtualQuery         000000018000a0c8     kernel32:KERNEL32.dll
 0002:000000d0       __imp_VirtualProtect       000000018000a0d0     kernel32:KERNEL32.dll
 0002:000000d8       __imp_GetSystemInfo        000000018000a0d8     kernel32:KERNEL32.dll
 0002:000000e0       __imp_GetLastError         000000018000a0e0     kernel32:KERNEL32.dll
 0002:000000e8       __imp_RaiseException       000000018000a0e8     kernel32:KERNEL32.dll
 0002:000000f0       __imp_TerminateProcess     000000018000a0f0     kernel32:KERNEL32.dll
 0002:000000f8       \177KERNEL32_NULL_THUNK_DATA 000000018000a0f8     kernel32:KERNEL32.dll
 0002:00000100       __imp_strstr               000000018000a100     vcruntimed:VCRUNTIME140D.dll
 0002:00000108       __imp___std_type_info_destroy_list 000000018000a108     vcruntimed:VCRUNTIME140D.dll
 0002:00000110       __imp___C_specific_handler 000000018000a110     vcruntimed:VCRUNTIME140D.dll
 0002:00000118       __imp___current_exception  000000018000a118     vcruntimed:VCRUNTIME140D.dll
 0002:00000120       __imp___current_exception_context 000000018000a120     vcruntimed:VCRUNTIME140D.dll
 0002:00000128       __imp___std_type_info_name 000000018000a128     vcruntimed:VCRUNTIME140D.dll
 0002:00000130       __imp__purecall            000000018000a130     vcruntimed:VCRUNTIME140D.dll
 0002:00000138       __imp___C_specific_handler_noexcept 000000018000a138     vcruntimed:VCRUNTIME140D.dll
 0002:00000140       __imp___vcrt_GetModuleFileNameW 000000018000a140     vcruntimed:VCRUNTIME140D.dll
 0002:00000148       __imp___vcrt_GetModuleHandleW 000000018000a148     vcruntimed:VCRUNTIME140D.dll
 0002:00000150       __imp___vcrt_LoadLibraryExW 000000018000a150     vcruntimed:VCRUNTIME140D.dll
 0002:00000158       __imp_memset               000000018000a158     vcruntimed:VCRUNTIME140D.dll
 0002:00000160       \177VCRUNTIME140D_NULL_THUNK_DATA 000000018000a160     vcruntimed:VCRUNTIME140D.dll
 0002:00000168       __imp__configure_narrow_argv 000000018000a168     ucrtd:ucrtbased.dll
 0002:00000170       __imp__seh_filter_dll      000000018000a170     ucrtd:ucrtbased.dll
 0002:00000178       __imp__initterm_e          000000018000a178     ucrtd:ucrtbased.dll
 0002:00000180       __imp__initialize_onexit_table 000000018000a180     ucrtd:ucrtbased.dll
 0002:00000188       __imp__CrtDbgReportW       000000018000a188     ucrtd:ucrtbased.dll
 0002:00000190       __imp__CrtDbgReport        000000018000a190     ucrtd:ucrtbased.dll
 0002:00000198       __imp__free_dbg            000000018000a198     ucrtd:ucrtbased.dll
 0002:000001a0       __imp_sinf                 000000018000a1a0     ucrtd:ucrtbased.dll
 0002:000001a8       __imp_cosf                 000000018000a1a8     ucrtd:ucrtbased.dll
 0002:000001b0       __imp__initialize_narrow_environment 000000018000a1b0     ucrtd:ucrtbased.dll
 0002:000001b8       __imp__register_onexit_function 000000018000a1b8     ucrtd:ucrtbased.dll
 0002:000001c0       __imp__execute_onexit_table 000000018000a1c0     ucrtd:ucrtbased.dll
 0002:000001c8       __imp__crt_atexit          000000018000a1c8     ucrtd:ucrtbased.dll
 0002:000001d0       __imp__crt_at_quick_exit   000000018000a1d0     ucrtd:ucrtbased.dll
 0002:000001d8       __imp_wcscpy_s             000000018000a1d8     ucrtd:ucrtbased.dll
 0002:000001e0       __imp__wsplitpath_s        000000018000a1e0     ucrtd:ucrtbased.dll
 0002:000001e8       __imp__wmakepath_s         000000018000a1e8     ucrtd:ucrtbased.dll
 0002:000001f0       __imp__cexit               000000018000a1f0     ucrtd:ucrtbased.dll
 0002:000001f8       __imp_strcat_s             000000018000a1f8     ucrtd:ucrtbased.dll
 0002:00000200       __imp_strcpy_s             000000018000a200     ucrtd:ucrtbased.dll
 0002:00000208       __imp__initterm            000000018000a208     ucrtd:ucrtbased.dll
 0002:00000210       __imp_terminate            000000018000a210     ucrtd:ucrtbased.dll
 0002:00000218       __imp___stdio_common_vsprintf_s 000000018000a218     ucrtd:ucrtbased.dll
 0002:00000220       \177ucrtbased_NULL_THUNK_DATA 000000018000a220     ucrtd:ucrtbased.dll
 0002:00000228       __guard_check_icall_fptr   000000018000a228     MSVCRTD:guard_support.obj
 0002:00000230       __guard_xfg_check_icall_fptr 000000018000a230     MSVCRTD:guard_support.obj
 0002:00000238       __guard_dispatch_icall_fptr 000000018000a238     MSVCRTD:guard_support.obj
 0002:00000240       __guard_xfg_dispatch_icall_fptr 000000018000a240     MSVCRTD:guard_support.obj
 0002:00000248       __guard_xfg_table_dispatch_icall_fptr 000000018000a248     MSVCRTD:guard_support.obj
 0002:00000250       __xc_a                     000000018000a250     MSVCRTD:initializers.obj
 0002:00000288       __xc_z                     000000018000a288     MSVCRTD:initializers.obj
 0002:00000290       __xi_a                     000000018000a290     MSVCRTD:initializers.obj
 0002:00000298       __xi_z                     000000018000a298     MSVCRTD:initializers.obj
 0002:000002a0       __xp_a                     000000018000a2a0     MSVCRTD:initializers.obj
 0002:000002a8       __xp_z                     000000018000a2a8     MSVCRTD:initializers.obj
 0002:000002b0       __xt_a                     000000018000a2b0     MSVCRTD:initializers.obj
 0002:000002b8       __xt_z                     000000018000a2b8     MSVCRTD:initializers.obj
 0002:000002c0       ?g_PXSinCoefficients0@aos@physx@@3UPX_VECTORF32@12@B 000000018000a2c0     Cooking.obj
 0002:000002d0       ?g_PXSinCoefficients1@aos@physx@@3UPX_VECTORF32@12@B 000000018000a2d0     Cooking.obj
 0002:000002e0       ?g_PXSinCoefficients2@aos@physx@@3UPX_VECTORF32@12@B 000000018000a2e0     Cooking.obj
 0002:000002f0       ?g_PXCosCoefficients0@aos@physx@@3UPX_VECTORF32@12@B 000000018000a2f0     Cooking.obj
 0002:00000300       ?g_PXCosCoefficients1@aos@physx@@3UPX_VECTORF32@12@B 000000018000a300     Cooking.obj
 0002:00000310       ?g_PXCosCoefficients2@aos@physx@@3UPX_VECTORF32@12@B 000000018000a310     Cooking.obj
 0002:00000320       ?g_PXReciprocalTwoPi@aos@physx@@3UPX_VECTORF32@12@B 000000018000a320     Cooking.obj
 0002:00000330       ?g_PXTwoPi@aos@physx@@3UPX_VECTORF32@12@B 000000018000a330     Cooking.obj
 0002:00000360       ??_7PxFoundation@physx@@6B@ 000000018000a360     Cooking.obj
 0002:000003d0       ??_7PxCooking@physx@@6B@   000000018000a3d0     Cooking.obj
 0002:000004a0       ??_7Cooking@physx@@6B@     000000018000a4a0     Cooking.obj
 0002:00000570       ??_C@_0GI@BFFBBLCK@C?3?2Users?2Ali?2Documents?2GitHub?2E@ 000000018000a570     Cooking.obj
 0002:000005d8       ??_C@_0CC@FEGBAHOK@?$CGfoundation?5?$DN?$DN?5?$CGPxGetFoundation@ 000000018000a5d8     Cooking.obj
 0002:00000600       ??_C@_0BM@OIFKLHDN@?$DMallocation?5names?5disabled?$DO@ 000000018000a600     Cooking.obj
 0002:00000620       ??_C@_0GB@EKENMOFF@C?3?2Users?2Ali?2Documents?2GitHub?2E@ 000000018000a620     Cooking.obj
 0002:00000688       ??_C@_0BM@BMFMDKFG@this?9?$DOcapacity?$CI?$CJ?5?$DM?5capacity@ 000000018000a688     Cooking.obj
 0002:000006a8       ??_C@_0CP@CPGGIPKL@?$CI?$CBcapacity?$CJ?5?$HM?$HM?5?$CInewData?5?$CG?$CG?5?$CInew@ 000000018000a6a8     Cooking.obj
 0002:000006d8       __real@3a83126f            000000018000a6d8     Cooking.obj
 0002:000006dc       __real@3f800000            000000018000a6dc     Cooking.obj
 0002:000006e0       __real@40490fdb            000000018000a6e0     Cooking.obj
 0002:000006e4       __real@40c90fdb            000000018000a6e4     Cooking.obj
 0002:000006e8       __real@ba83126f            000000018000a6e8     Cooking.obj
 0002:000006f0       __xmm@80000000800000008000000080000000 000000018000a6f0     Cooking.obj
 0002:00000700       ??_C@_0BA@EGLNOO@PhysXFoundation@ 000000018000a700     WindowsCookingDelayLoadHook.obj
 0002:00000710       ??_C@_0M@ILKNCJKN@PhysXCommon@ 000000018000a710     WindowsCookingDelayLoadHook.obj
 0002:00000720       __sz_PhysXCommon_64_dll    000000018000a720     PhysXCommon_64:PhysXCommon_64.dll
 0002:00000740       __sz_PhysXFoundation_64_dll 000000018000a740     PhysXFoundation_64:PhysXFoundation_64.dll
 0002:00000758       ??_C@_1BK@DBDEIDLH@?$AAK?$AAE?$AAR?$AAN?$AAE?$AAL?$AA3?$AA2?$AA?4?$AAD?$AAL?$AAL@ 000000018000a758     Delayimp:delayhlp.obj
 0002:00000778       ??_C@_0BI@OMNLIJDB@AcquireSRWLockExclusive@ 000000018000a778     Delayimp:delayhlp.obj
 0002:00000790       ??_C@_0BI@HMIEPCNJ@ReleaseSRWLockExclusive@ 000000018000a790     Delayimp:delayhlp.obj
 0002:000007a8       __pfnDliFailureHook2       000000018000a7a8     Delayimp:delayhk1.obj
 0002:000007b8       ??_7type_info@@6B@         000000018000a7b8     MSVCRTD:std_type_info_static.obj
 0002:000007c0       _pRawDllMain               000000018000a7c0     MSVCRTD:dll_dllmain.obj
 0002:000007c0       _pDefaultRawDllMain        000000018000a7c0     MSVCRTD:dll_dllmain.obj
 0002:000007d0       _load_config_used          000000018000a7d0     MSVCRTD:loadcfg.obj
 0002:00000930       ??_C@_0BJ@HEGAHDFO@Stack?5pointer?5corruption@ 000000018000a930     MSVCRTD:userapi.obj
 0002:00000950       ??_C@_0CK@FEGOIOPB@Cast?5to?5smaller?5type?5causing?5lo@ 000000018000a950     MSVCRTD:userapi.obj
 0002:00000980       ??_C@_0BI@CIGMDCBH@Stack?5memory?5corruption@ 000000018000a980     MSVCRTD:userapi.obj
 0002:00000998       ??_C@_0CK@CNLNOEPB@Local?5variable?5used?5before?5init@ 000000018000a998     MSVCRTD:userapi.obj
 0002:000009c8       ??_C@_0BP@OGBCLIBO@Stack?5around?5_alloca?5corrupted@ 000000018000a9c8     MSVCRTD:userapi.obj
 0002:00000ab0       ??_C@_0NN@JMPELKLB@The?5value?5of?5ESP?5was?5not?5proper@ 000000018000aab0     MSVCRTD:error.obj
 0002:00000b90       ??_C@_0BBN@ELNNILBE@A?5cast?5to?5a?5smaller?5data?5type?5h@ 000000018000ab90     MSVCRTD:error.obj
 0002:00000cb0       ??_C@_0BN@BPOGFMJL@Stack?5memory?5was?5corrupted?$AN?6@ 000000018000acb0     MSVCRTD:error.obj
 0002:00000cd0       ??_C@_0DG@DAJCDLPN@A?5local?5variable?5was?5used?5befor@ 000000018000acd0     MSVCRTD:error.obj
 0002:00000d08       ??_C@_0CM@JMIDGKLA@Stack?5memory?5around?5_alloca?5was@ 000000018000ad08     MSVCRTD:error.obj
 0002:00000d38       ??_C@_0BO@CHIONIOI@Unknown?5Runtime?5Check?5Error?$AN?6@ 000000018000ad38     MSVCRTD:error.obj
 0002:00000d60       ??_C@_1GM@CNOOJIHC@?$AAR?$AAu?$AAn?$AAt?$AAi?$AAm?$AAe?$AA?5?$AAC?$AAh?$AAe?$AAc?$AAk?$AA?5?$AAE@ 000000018000ad60     MSVCRTD:error.obj
 0002:00000dd0       ??_C@_1EA@NFKNIFJP@?$AAR?$AAu?$AAn?$AA?9?$AAT?$AAi?$AAm?$AAe?$AA?5?$AAC?$AAh?$AAe?$AAc?$AAk?$AA?5@ 000000018000add0     MSVCRTD:error.obj
 0002:00000e10       ??_C@_0BB@PFFGGCJP@Unknown?5Filename@ 000000018000ae10     MSVCRTD:error.obj
 0002:00000e28       ??_C@_0BE@GNBOBNCK@Unknown?5Module?5Name@ 000000018000ae28     MSVCRTD:error.obj
 0002:00000e40       ??_C@_0CA@IODNCDPG@Run?9Time?5Check?5Failure?5?$CD?$CFd?5?9?5?$CFs@ 000000018000ae40     MSVCRTD:error.obj
 0002:00000e60       ??_C@_0CG@IAFNJNEE@Stack?5corrupted?5near?5unknown?5va@ 000000018000ae60     MSVCRTD:error.obj
 0002:00000e88       ??_C@_05MKKEDADM@?$CF?42X?5@ 000000018000ae88     MSVCRTD:error.obj
 0002:00000e90       ??_C@_0EJ@LJKNEOLN@Stack?5area?5around?5_alloca?5memor@ 000000018000ae90     MSVCRTD:error.obj
 0002:00000edc       ??_C@_01EEMJAFIK@?6@       000000018000aedc     MSVCRTD:error.obj
 0002:00000ee0       ??_C@_02LLMPMKNF@?$DO?5@   000000018000aee0     MSVCRTD:error.obj
 0002:00000ee8       ??_C@_08OMAHNMHJ@?6Data?3?5?$DM@ 000000018000aee8     MSVCRTD:error.obj
 0002:00000ef8       ??_C@_0CK@DKGBICFE@?6Allocation?5number?5within?5this?5@ 000000018000aef8     MSVCRTD:error.obj
 0002:00000f28       ??_C@_07DFDJCKFN@?6Size?3?5@ 000000018000af28     MSVCRTD:error.obj
 0002:00000f30       ??_C@_0N@MHFFIMFG@?6Address?3?50x@ 000000018000af30     MSVCRTD:error.obj
 0002:00000f40       ??_C@_0EI@CLEPFNGI@Stack?5area?5around?5_alloca?5memor@ 000000018000af40     MSVCRTD:error.obj
 0002:00000f88       ??_C@_0BK@ODNDAGKB@?$CFs?$CFs?$CFp?$CFs?$CFzd?$CFs?$CFd?$CFs?$CFs?$CFs?$CFs?$CFs@ 000000018000af88     MSVCRTD:error.obj
 0002:00000fa8       ??_C@_0DE@OHJBPMBP@A?5variable?5is?5being?5used?5withou@ 000000018000afa8     MSVCRTD:error.obj
 0002:00001040       ??_C@_1EI@MLPKHBGE@?$AAa?$AAp?$AAi?$AA?9?$AAm?$AAs?$AA?9?$AAw?$AAi?$AAn?$AA?9?$AAc?$AAo?$AAr?$AAe@ 000000018000b040     MSVCRTD:pdblkup.obj
 0002:00001088       ??_C@_1BK@JHLNAEJL@?$AAa?$AAd?$AAv?$AAa?$AAp?$AAi?$AA3?$AA2?$AA?4?$AAd?$AAl?$AAl@ 000000018000b088     MSVCRTD:pdblkup.obj
 0002:000010a8       ??_C@_0O@COHOBMLB@RegOpenKeyExW@ 000000018000b0a8     MSVCRTD:pdblkup.obj
 0002:000010b8       ??_C@_0BB@GLNAEDBD@RegQueryValueExW@ 000000018000b0b8     MSVCRTD:pdblkup.obj
 0002:000010d0       ??_C@_0M@HLOHPNFA@RegCloseKey@ 000000018000b0d0     MSVCRTD:pdblkup.obj
 0002:000010e0       ??_C@_1HE@EBEAGLFB@?$AAS?$AAO?$AAF?$AAT?$AAW?$AAA?$AAR?$AAE?$AA?2?$AAW?$AAo?$AAw?$AA6?$AA4?$AA3@ 000000018000b0e0     MSVCRTD:pdblkup.obj
 0002:00001158       ??_C@_1BG@EABPBLLF@?$AAP?$AAr?$AAo?$AAd?$AAu?$AAc?$AAt?$AAD?$AAi?$AAr@ 000000018000b158     MSVCRTD:pdblkup.obj
 0002:00001190       ??_C@_1BC@JINFINNJ@?$AAM?$AAS?$AAP?$AAD?$AAB?$AA1?$AA4?$AA0@ 000000018000b190     MSVCRTD:pdblkup.obj
 0002:000011a8       ??_C@_0BB@KCIACLNC@PDBOpenValidate5@ 000000018000b1a8     MSVCRTD:pdblkup.obj
 0002:000011bc       ??_C@_01KDCPPGHE@r@        000000018000b1bc     MSVCRTD:pdblkup.obj
 0002:00001280       __CastGuardVftablesStart   000000018000b280     MSVCRTD:guard_support.obj
 0002:00001288       __CastGuardVftablesEnd     000000018000b288     MSVCRTD:guard_support.obj
 0002:00001290       ??_R4type_info@@6B@        000000018000b290     MSVCRTD:std_type_info_static.obj
 0002:000012b8       ??_R3type_info@@8          000000018000b2b8     MSVCRTD:std_type_info_static.obj
 0002:000012d0       ??_R2type_info@@8          000000018000b2d0     MSVCRTD:std_type_info_static.obj
 0002:000012e0       ??_R1A@?0A@EA@type_info@@8 000000018000b2e0     MSVCRTD:std_type_info_static.obj
 0002:00001720       __rtc_iaa                  000000018000b720     MSVCRTD:initsect.obj
 0002:00001738       __rtc_izz                  000000018000b738     MSVCRTD:initsect.obj
 0002:00001740       __rtc_taa                  000000018000b740     MSVCRTD:initsect.obj
 0002:00001758       __rtc_tzz                  000000018000b758     MSVCRTD:initsect.obj
 0002:00002184       __DELAY_IMPORT_DESCRIPTOR_physxcommon_64_dll 000000018000c184     PhysXCommon_64:PhysXCommon_64.dll
 0002:000021a4       __DELAY_IMPORT_DESCRIPTOR_physxfoundation_64_dll 000000018000c1a4     PhysXFoundation_64:PhysXFoundation_64.dll
 0002:000021c4       __NULL_DELAY_IMPORT_DESCRIPTOR 000000018000c1c4     PhysXCommon_64:PhysXCommon_64.dll
 0002:000022a8       \177PhysXCommon_64_NULL_THUNK_DATA_DLN 000000018000c2a8     PhysXCommon_64:PhysXCommon_64.dll
 0002:000022d8       \177PhysXFoundation_64_NULL_THUNK_DATA_DLN 000000018000c2d8     PhysXFoundation_64:PhysXFoundation_64.dll
 0002:000025e8       \177PhysXCommon_64_NULL_THUNK_DATA_DLB 000000018000c5e8     PhysXCommon_64:PhysXCommon_64.dll
 0002:000026b0       \177PhysXFoundation_64_NULL_THUNK_DATA_DLB 000000018000c6b0     PhysXFoundation_64:PhysXFoundation_64.dll
 0002:000034e4       __IMPORT_DESCRIPTOR_KERNEL32 000000018000d4e4     kernel32:KERNEL32.dll
 0002:000034f8       __IMPORT_DESCRIPTOR_VCRUNTIME140D 000000018000d4f8     vcruntimed:VCRUNTIME140D.dll
 0002:0000350c       __IMPORT_DESCRIPTOR_ucrtbased 000000018000d50c     ucrtd:ucrtbased.dll
 0002:00003520       __NULL_IMPORT_DESCRIPTOR   000000018000d520     kernel32:KERNEL32.dll
 0003:00000000       __pfnDliNotifyHook2        000000018000e000     WindowsCookingDelayLoadHook.obj
 0003:00000008       _fltused                   000000018000e008     MSVCRTD:fltused.obj
 0003:0000000c       __scrt_native_dllmain_reason 000000018000e00c     MSVCRTD:utility.obj
 0003:00000010       __security_cookie_complement 000000018000e010     MSVCRTD:gs_cookie.obj
 0003:00000018       __security_cookie          000000018000e018     MSVCRTD:gs_cookie.obj
 0003:00000020       ?_RTC_ErrorLevels@@3PAHA   000000018000e020     MSVCRTD:error.obj
 0003:00000038       __isa_available            000000018000e038     MSVCRTD:cpu_disp.obj
 0003:0000003c       __isa_enabled              000000018000e03c     MSVCRTD:cpu_disp.obj
 0003:00000040       __memcpy_nt_iters          000000018000e040     MSVCRTD:cpu_disp.obj
 0003:00000048       __memset_nt_iters          000000018000e048     MSVCRTD:cpu_disp.obj
 0003:00000050       __scrt_ucrt_dll_is_in_use  000000018000e050     MSVCRTD:ucrt_stubs.obj
 0003:00000058       ??_R0?AVBVH@Gu@physx@@@8   000000018000e058     Cooking.obj
 0003:00000080       ??_R0?AVBV4TriangleMesh@Gu@physx@@@8 000000018000e080     Cooking.obj
 0003:000000b0       ??_R0?AVCooking@physx@@@8  000000018000e0b0     Cooking.obj
 0003:000000d8       ??_R0?AUSlab@NodeAllocator@Gu@physx@@@8 000000018000e0d8     Cooking.obj
 0003:00000110       ??_R0?AVtype_info@@@8      000000018000e110     MSVCRTD:std_type_info_static.obj
 0003:00000130       __imp_getInsertionCallback 000000018000e130     PhysXCommon_64:PhysXCommon_64.dll
 0003:00000138       __imp_??0BV4TriangleMesh@Gu@physx@@QEAA@AEBUPxTriangleMeshInternalData@2@@Z 000000018000e138     PhysXCommon_64:PhysXCommon_64.dll
 0003:00000140       __imp_cookBVH              000000018000e140     PhysXCommon_64:PhysXCommon_64.dll
 0003:00000148       __imp_createBVH            000000018000e148     PhysXCommon_64:PhysXCommon_64.dll
 0003:00000150       __imp_cookHeightField      000000018000e150     PhysXCommon_64:PhysXCommon_64.dll
 0003:00000158       __imp_createHeightField    000000018000e158     PhysXCommon_64:PhysXCommon_64.dll
 0003:00000160       __imp_cookConvexMesh       000000018000e160     PhysXCommon_64:PhysXCommon_64.dll
 0003:00000168       __imp_createConvexMesh     000000018000e168     PhysXCommon_64:PhysXCommon_64.dll
 0003:00000170       __imp_validateConvexMesh   000000018000e170     PhysXCommon_64:PhysXCommon_64.dll
 0003:00000178       __imp_computeHullPolygons  000000018000e178     PhysXCommon_64:PhysXCommon_64.dll
 0003:00000180       __imp_validateTriangleMesh 000000018000e180     PhysXCommon_64:PhysXCommon_64.dll
 0003:00000188       __imp_createTriangleMesh   000000018000e188     PhysXCommon_64:PhysXCommon_64.dll
 0003:00000190       __imp_cookTriangleMesh     000000018000e190     PhysXCommon_64:PhysXCommon_64.dll
 0003:00000198       __imp_cookTetrahedronMesh  000000018000e198     PhysXCommon_64:PhysXCommon_64.dll
 0003:000001a0       __imp_createTetrahedronMesh 000000018000e1a0     PhysXCommon_64:PhysXCommon_64.dll
 0003:000001a8       __imp_cookSoftBodyMesh     000000018000e1a8     PhysXCommon_64:PhysXCommon_64.dll
 0003:000001b0       __imp_createSoftBodyMesh   000000018000e1b0     PhysXCommon_64:PhysXCommon_64.dll
 0003:000001b8       __imp_computeModelsMapping 000000018000e1b8     PhysXCommon_64:PhysXCommon_64.dll
 0003:000001c0       __imp_computeCollisionData 000000018000e1c0     PhysXCommon_64:PhysXCommon_64.dll
 0003:000001c8       __imp_computeSimulationData 000000018000e1c8     PhysXCommon_64:PhysXCommon_64.dll
 0003:000001d0       __imp_assembleSoftBodyMesh 000000018000e1d0     PhysXCommon_64:PhysXCommon_64.dll
 0003:000001d8       __imp_assembleSoftBodyMesh_Sim 000000018000e1d8     PhysXCommon_64:PhysXCommon_64.dll
 0003:000001e0       __imp_?release@AABBTreeBounds@Gu@physx@@QEAAXXZ 000000018000e1e0     PhysXCommon_64:PhysXCommon_64.dll
 0003:000001e8       __imp_??0BVH@Gu@physx@@QEAA@AEBUPxBVHInternalData@2@@Z 000000018000e1e8     PhysXCommon_64:PhysXCommon_64.dll
 0003:000001f0       \177PhysXCommon_64_NULL_THUNK_DATA_DLA 000000018000e1f0     PhysXCommon_64:PhysXCommon_64.dll
 0003:000001f8       __imp_PxIncFoundationRefCount 000000018000e1f8     PhysXFoundation_64:PhysXFoundation_64.dll
 0003:00000200       __imp_PxGetFoundation      000000018000e200     PhysXFoundation_64:PhysXFoundation_64.dll
 0003:00000208       __imp_PxGetBroadcastAllocator 000000018000e208     PhysXFoundation_64:PhysXFoundation_64.dll
 0003:00000210       __imp_PxDecFoundationRefCount 000000018000e210     PhysXFoundation_64:PhysXFoundation_64.dll
 0003:00000218       __imp_?PxGetAssertHandler@physx@@YAAEAVPxAssertHandler@1@XZ 000000018000e218     PhysXFoundation_64:PhysXFoundation_64.dll
 0003:00000220       \177PhysXFoundation_64_NULL_THUNK_DATA_DLA 000000018000e220     PhysXFoundation_64:PhysXFoundation_64.dll
 0003:00000291       ?_ignore@?2??grow@?$PxArray@USlab@NodeAllocator@Gu@physx@@V?$PxReflectionAllocator@USlab@NodeAllocator@Gu@physx@@@4@@physx@@IEAAXI@Z@4_NA 000000018000e291     Cooking.obj
 0003:00000292       ?_ignore@?2??recreate@?$PxArray@USlab@NodeAllocator@Gu@physx@@V?$PxReflectionAllocator@USlab@NodeAllocator@Gu@physx@@@4@@physx@@IEAAXI@Z@4_NA 000000018000e292     Cooking.obj
 0003:000002a0       __hmod__PhysXCommon_64_dll 000000018000e2a0     PhysXCommon_64:PhysXCommon_64.dll
 0003:000002a8       __hmod__PhysXFoundation_64_dll 000000018000e2a8     PhysXFoundation_64:PhysXFoundation_64.dll
 0003:000002b0       ?DloadKernel32@@3PEAUHINSTANCE__@@EA 000000018000e2b0     Delayimp:delayhlp.obj
 0003:000002b8       ?DloadAcquireSRWLockExclusive@@3P6AXPEA_K@ZEA 000000018000e2b8     Delayimp:delayhlp.obj
 0003:000002c0       ?DloadReleaseSRWLockExclusive@@3P6AXPEA_K@ZEA 000000018000e2c0     Delayimp:delayhlp.obj
 0003:000002c8       ?DloadSrwLock@@3_KA        000000018000e2c8     Delayimp:delayhlp.obj
 0003:000002d0       ?DloadSectionLockCount@@3KA 000000018000e2d0     Delayimp:delayhlp.obj
 0003:000002d4       ?DloadSectionOldProtection@@3KA 000000018000e2d4     Delayimp:delayhlp.obj
 0003:000002d8       ?DloadSectionCommitPermanent@@3KA 000000018000e2d8     Delayimp:delayhlp.obj
 0003:000002e0       ?__type_info_root_node@@3U__type_info_node@@A 000000018000e2e0     MSVCRTD:tncleanup.obj
 0003:000002f8       __castguard_check_failure_os_handled_fptr 000000018000e2f8     MSVCRTD:guard_support.obj
 0003:00000310       ?_OptionsStorage@?1??__local_stdio_printf_options@@9@4_KA 000000018000e310     MSVCRTD:default_local_stdio_options.obj
 0003:00000318       ?_OptionsStorage@?1??__local_stdio_scanf_options@@9@4_KA 000000018000e318     MSVCRTD:default_local_stdio_options.obj
 0003:00000320       __scrt_current_native_startup_state 000000018000e320     MSVCRTD:utility.obj
 0003:00000328       __scrt_native_startup_lock 000000018000e328     MSVCRTD:utility.obj
 0003:00000368       __scrt_debugger_hook_flag  000000018000e368     MSVCRTD:utility_desktop.obj
 0003:0000036c       __favor                    000000018000e36c     MSVCRTD:cpu_disp.obj
 0003:000008f0       __dyn_tls_init_callback    000000018000e8f0     <common>

 entry point at        0001:00005d00

 Static symbols

 0000:fffee000       .debug$S                   0000000180000000     PhysXCooking_64.exp
 0002:ffff6000       __guard_ehcont_?dllmain_dispatch@@YAHQEAUHINSTANCE__@@KQEAX@Z 0000000180000000     MSVCRTD:dll_dllmain.obj
 0002:ffff6000       __guard_fids_?dllmain_dispatch@@YAHQEAUHINSTANCE__@@KQEAX@Z 0000000180000000     MSVCRTD:dll_dllmain.obj
[...]
 0002:00001ccc       $unwind$?DloadAcquireSectionWriteAccess@@YAXXZ 000000018000bccc     Delayimp:delayhlp.obj
 0002:00001cd4       $unwind$?DloadReleaseSectionWriteAccess@@YAXXZ 000000018000bcd4     Delayimp:delayhlp.obj
 0002:00001cdc       $unwind$?PiddFromDllName@@YAPEBUImgDelayDescr@@PEBD@Z 000000018000bcdc     Delayimp:delayhlp.obj
 0002:00001ce4       $unwind$__delayLoadHelper2 000000018000bce4     Delayimp:delayhlp.obj
 0002:00001d00       $unwind$??3@YAXPEAX@Z      000000018000bd00     MSVCRTD:delete_scalar.obj
 0002:00001d08       $unwind$??3@YAXPEAX_K@Z    000000018000bd08     MSVCRTD:delete_scalar_size.obj
 0002:00001d10       $unwind$??_V@YAXPEAX@Z     000000018000bd10     MSVCRTD:delete_array.obj
 0002:00001d18       $unwind$??_V@YAXPEAX_K@Z   000000018000bd18     MSVCRTD:delete_array_size.obj
 0002:00001d20       $unwind$_RTC_Shutdown      000000018000bd20     MSVCRTD:init.obj
 0002:00001d28       $unwind$_RTC_InitBase      000000018000bd28     MSVCRTD:init.obj
 0002:00001d30       $unwind$??_Gtype_info@@UEAAPEAXI@Z 000000018000bd30     MSVCRTD:std_type_info_static.obj
 0002:00001d38       $unwind$?__scrt_initialize_type_info@@YAXXZ 000000018000bd38     MSVCRTD:tncleanup.obj
 0002:00001d40       $unwind$?__scrt_uninitialize_type_info@@YAXXZ 000000018000bd40     MSVCRTD:tncleanup.obj
 0002:00001d48       $unwind$?dllmain_crt_process_attach@@YAHQEAUHINSTANCE__@@QEAX@Z 000000018000bd48     MSVCRTD:dll_dllmain.obj
 0002:00001d68       $unwind$?fin$0@?0??dllmain_crt_process_attach@@YAHQEAUHINSTANCE__@@QEAX@Z@4HA 000000018000bd68     MSVCRTD:dll_dllmain.obj
 0002:00001d70       $unwind$?dllmain_crt_process_detach@@YAH_N@Z 000000018000bd70     MSVCRTD:dll_dllmain.obj
 0002:00001da0       $unwind$?fin$0@?0??dllmain_crt_process_detach@@YAH_N@Z@4HA 000000018000bda0     MSVCRTD:dll_dllmain.obj
 0002:00001da8       $unwind$?fin$1@?0??dllmain_crt_process_detach@@YAH_N@Z@4HA 000000018000bda8     MSVCRTD:dll_dllmain.obj
 0002:00001db0       $unwind$?dllmain_crt_dispatch@@YAHQEAUHINSTANCE__@@KQEAX@Z 000000018000bdb0     MSVCRTD:dll_dllmain.obj
 0002:00001db8       $unwind$_CRT_INIT          000000018000bdb8     MSVCRTD:dll_dllmain.obj
 0002:00001dc0       $unwind$?dllmain_raw@@YAHQEAUHINSTANCE__@@KQEAX@Z 000000018000bdc0     MSVCRTD:dll_dllmain.obj
 0002:00001dc8       $unwind$?dllmain_dispatch@@YAHQEAUHINSTANCE__@@KQEAX@Z 000000018000bdc8     MSVCRTD:dll_dllmain.obj
 0002:00001de8       $unwind$?filt$0@?0??dllmain_dispatch@@YAHQEAUHINSTANCE__@@KQEAX@Z@4HA 000000018000bde8     MSVCRTD:dll_dllmain.obj
 0002:00001df0       $unwind$_DllMainCRTStartup 000000018000bdf0     MSVCRTD:dll_dllmain.obj
 0002:00001df8       $unwind$ReadNoFence64      000000018000bdf8     MSVCRTD:guard_support.obj
 0002:00001e00       $unwind$ReadPointerNoFence 000000018000be00     MSVCRTD:guard_support.obj
 0002:00001e08       $unwind$_guard_icall_checks_enforced 000000018000be08     MSVCRTD:guard_support.obj
 0002:00001e10       $unwind$__castguard_compat_check 000000018000be10     MSVCRTD:guard_support.obj
 0002:00001e18       $unwind$__castguard_check_failure_debugbreak 000000018000be18     MSVCRTD:guard_support.obj
 0002:00001e20       $unwind$__castguard_check_failure_fastfail 000000018000be20     MSVCRTD:guard_support.obj
 0002:00001e28       $unwind$__castguard_check_failure_os_handled 000000018000be28     MSVCRTD:guard_support.obj
 0002:00001e30       $unwind$__castguard_slow_path_compat_check 000000018000be30     MSVCRTD:guard_support.obj
 0002:00001e38       $unwind$__castguard_slow_path_check_debugbreak 000000018000be38     MSVCRTD:guard_support.obj
 0002:00001e40       $unwind$__castguard_slow_path_check_fastfail 000000018000be40     MSVCRTD:guard_support.obj
 0002:00001e48       $unwind$__castguard_slow_path_check_os_handled 000000018000be48     MSVCRTD:guard_support.obj
 0002:00001e50       $unwind$__security_init_cookie 000000018000be50     MSVCRTD:gs_support.obj
 0002:00001e58       $unwind$__get_entropy      000000018000be58     MSVCRTD:gs_support.obj
 0002:00001e60       $unwind$DllMain            000000018000be60     MSVCRTD:dll_dllmain_stub.obj
 0002:00001e68       $unwind$__scrt_initialize_default_local_stdio_options 000000018000be68     MSVCRTD:default_local_stdio_options.obj
 0002:00001e70       $unwind$atexit             000000018000be70     MSVCRTD:utility.obj
 0002:00001e78       $unwind$_onexit            000000018000be78     MSVCRTD:utility.obj
 0002:00001e80       $unwind$at_quick_exit      000000018000be80     MSVCRTD:utility.obj
 0002:00001e88       $unwind$__scrt_is_nonwritable_in_current_image 000000018000be88     MSVCRTD:utility.obj
 0002:00001ea8       $unwind$__scrt_is_nonwritable_in_current_image$filt$0 000000018000bea8     MSVCRTD:utility.obj
 0002:00001eb0       $unwind$__scrt_acquire_startup_lock 000000018000beb0     MSVCRTD:utility.obj
 0002:00001eb8       $unwind$__scrt_release_startup_lock 000000018000beb8     MSVCRTD:utility.obj
 0002:00001ec0       $unwind$__scrt_initialize_crt 000000018000bec0     MSVCRTD:utility.obj
 0002:00001ec8       $unwind$__scrt_uninitialize_crt 000000018000bec8     MSVCRTD:utility.obj
 0002:00001ed0       $unwind$__scrt_initialize_onexit_tables 000000018000bed0     MSVCRTD:utility.obj
 0002:00001edc       $unwind$__scrt_dllmain_exception_filter 000000018000bedc     MSVCRTD:utility.obj
 0002:00001ee4       $unwind$__scrt_dllmain_before_initialize_c 000000018000bee4     MSVCRTD:utility.obj
 0002:00001eec       $unwind$__scrt_dllmain_after_initialize_c 000000018000beec     MSVCRTD:utility.obj
 0002:00001ef4       $unwind$__scrt_dllmain_uninitialize_c 000000018000bef4     MSVCRTD:utility.obj
 0002:00001efc       $unwind$__scrt_dllmain_uninitialize_critical 000000018000befc     MSVCRTD:utility.obj
 0002:00001f04       $unwind$__scrt_dllmain_crt_thread_attach 000000018000bf04     MSVCRTD:utility.obj
 0002:00001f0c       $unwind$__scrt_dllmain_crt_thread_detach 000000018000bf0c     MSVCRTD:utility.obj
 0002:00001f14       $unwind$?configure_argv@__scrt_narrow_argv_policy@@SAHXZ 000000018000bf14     MSVCRTD:utility.obj
 0002:00001f1c       $unwind$?initialize_environment@__scrt_narrow_environment_policy@@SAHXZ 000000018000bf1c     MSVCRTD:utility.obj
 0002:00001f24       $unwind$?is_potentially_valid_image_base@@YA_NQEAX@Z 000000018000bf24     MSVCRTD:utility.obj
 0002:00001f2c       $unwind$?find_pe_section@@YAPEAU_IMAGE_SECTION_HEADER@@QEAE_K@Z 000000018000bf2c     MSVCRTD:utility.obj
 0002:00001f34       $unwind$__scrt_get_show_window_mode 000000018000bf34     MSVCRTD:utility_desktop.obj
 0002:00001f40       $unwind$__scrt_is_managed_app 000000018000bf40     MSVCRTD:utility_desktop.obj
 0002:00001f48       $unwind$__scrt_initialize_mta 000000018000bf48     MSVCRTD:utility_desktop.obj
 0002:00001f50       $unwind$__scrt_set_unhandled_exception_filter 000000018000bf50     MSVCRTD:utility_desktop.obj
 0002:00001f58       $unwind$__scrt_fastfail    000000018000bf58     MSVCRTD:utility_desktop.obj
 0002:00001f64       $unwind$__scrt_unhandled_exception_filter 000000018000bf64     MSVCRTD:utility_desktop.obj
 0002:00001f6c       $unwind$_RTC_Initialize    000000018000bf6c     MSVCRTD:initsect.obj
 0002:00001f78       $unwind$_RTC_Terminate     000000018000bf78     MSVCRTD:initsect.obj
 0002:00001f88       $xdatasym                  000000018000bf88     MSVCRTD:guard_dispatch.obj
 0002:00001f90       $xdatasym                  000000018000bf90     MSVCRTD:guard_xfg_dispatch.obj
 0002:00001f94       $unwind$_RTC_UninitUse     000000018000bf94     MSVCRTD:error.obj
 0002:00001fac       $unwind$?_RTC_StackFailure@@YAXPEAXPEBD@Z 000000018000bfac     MSVCRTD:error.obj
 0002:00001fc8       $unwind$?_RTC_AllocaFailure@@YAXPEAXPEAU_RTC_ALLOCA_NODE@@H@Z 000000018000bfc8     MSVCRTD:error.obj
 0002:00001fe0       $chain$0$?_RTC_AllocaFailure@@YAXPEAXPEAU_RTC_ALLOCA_NODE@@H@Z 000000018000bfe0     MSVCRTD:error.obj
 0002:00001ff4       $chain$1$?_RTC_AllocaFailure@@YAXPEAXPEAU_RTC_ALLOCA_NODE@@H@Z 000000018000bff4     MSVCRTD:error.obj
 0002:00002004       $unwind$_vsprintf_s_l      000000018000c004     MSVCRTD:error.obj
 0002:00002018       $unwind$sprintf_s          000000018000c018     MSVCRTD:error.obj
 0002:00002020       $unwind$?notify_debugger@@YAXAEBUtagEXCEPTION_VISUALCPP_DEBUG_INFO@@@Z 000000018000c020     MSVCRTD:error.obj
 0002:00002040       $unwind$?filt$0@?0??notify_debugger@@YAXAEBUtagEXCEPTION_VISUALCPP_DEBUG_INFO@@@Z@4HA 000000018000c040     MSVCRTD:error.obj
 0002:00002048       $unwind$?DebuggerProbe@@YA_NK@Z 000000018000c048     MSVCRTD:error.obj
 0002:00002050       $unwind$?DebuggerRuntime@@YA_NKHPEAXPEB_W@Z 000000018000c050     MSVCRTD:error.obj
 0002:00002058       $unwind$?failwithmessage@@YAXPEAXHHPEBD@Z 000000018000c058     MSVCRTD:error.obj
 0002:0000207c       $unwind$?_getMemBlockDataString@@YAXPEAD0PEBD_K@Z 000000018000c07c     MSVCRTD:error.obj
 0002:0000208c       $chain$3$?_getMemBlockDataString@@YAXPEAD0PEBD_K@Z 000000018000c08c     MSVCRTD:error.obj
 0002:000020ac       $chain$4$?_getMemBlockDataString@@YAXPEAD0PEBD_K@Z 000000018000c0ac     MSVCRTD:error.obj
 0002:000020bc       $unwind$__isa_available_init 000000018000c0bc     MSVCRTD:cpu_disp.obj
 0002:000020cc       $unwind$__scrt_is_ucrt_dll_in_use 000000018000c0cc     MSVCRTD:ucrt_detection.obj
 0002:000020d4       $unwind$?_RTC_GetSrcLine@@YAHPEAEPEA_WKPEAH1K@Z 000000018000c0d4     MSVCRTD:pdblkup.obj
 0002:000020ec       $unwind$?GetPdbDllFromInstallPath@@YAPEAUHINSTANCE__@@XZ 000000018000c0ec     MSVCRTD:pdblkup.obj
 0002:00002110       $unwind$?GetPdbDllPathFromFilePath@@YAHPEB_WPEA_W_K@Z 000000018000c110     MSVCRTD:pdblkup.obj
 0002:00002128       $unwind$?GetPdbDll@@YAPEAUHINSTANCE__@@XZ 000000018000c128     MSVCRTD:pdblkup.obj
 0002:00002138       $unwind$__GSHandlerCheckCommon 000000018000c138     MSVCRTD:gshandler.obj
 0002:00002140       $unwind$__GSHandlerCheck   000000018000c140     MSVCRTD:gshandler.obj
 0002:00002148       $xdatasym                  000000018000c148     MSVCRTD:amdsecgs.obj
 0002:0000214c       $unwind$__report_securityfailure 000000018000c14c     MSVCRTD:gs_report.obj
 0002:00002154       $unwind$__report_securityfailureEx 000000018000c154     MSVCRTD:gs_report.obj
 0002:0000215c       $unwind$__report_rangecheckfailure 000000018000c15c     MSVCRTD:gs_report.obj
 0002:00002164       $unwind$__report_gsfailure 000000018000c164     MSVCRTD:gs_report.obj
 0002:0000216c       $unwind$capture_current_context 000000018000c16c     MSVCRTD:gs_report.obj
 0002:00002174       $unwind$capture_previous_context 000000018000c174     MSVCRTD:gs_report.obj
 0002:0000217c       $unwind$__raise_securityfailure 000000018000c17c     MSVCRTD:gs_report.obj
 0002:000026e0       .edata                     000000018000c6e0     PhysXCooking_64.exp
 0002:00002708       rgpv                       000000018000c708     PhysXCooking_64.exp
 0002:00002820       rgszName                   000000018000c820     PhysXCooking_64.exp
 0002:00002938       rgwOrd                     000000018000c938     PhysXCooking_64.exp
 0002:000029c4       szName                     000000018000c9c4     PhysXCooking_64.exp
 0002:000029d8       $N00001                    000000018000c9d8     PhysXCooking_64.exp
 0002:000029fc       $N00002                    000000018000c9fc     PhysXCooking_64.exp
 0002:00002a2b       $N00003                    000000018000ca2b     PhysXCooking_64.exp
 0002:00002a52       $N00004                    000000018000ca52     PhysXCooking_64.exp
 0002:00002aa9       $N00005                    000000018000caa9     PhysXCooking_64.exp
 0002:00002ad4       $N00006                    000000018000cad4     PhysXCooking_64.exp
 0002:00002afa       $N00007                    000000018000cafa     PhysXCooking_64.exp
 0002:00002b19       $N00008                    000000018000cb19     PhysXCooking_64.exp
 0002:00002b4f       $N00009                    000000018000cb4f     PhysXCooking_64.exp
 0002:00002b77       $N00010                    000000018000cb77     PhysXCooking_64.exp
 0002:00002b9b       $N00011                    000000018000cb9b     PhysXCooking_64.exp
 0002:00002bc2       $N00012                    000000018000cbc2     PhysXCooking_64.exp
 0002:00002beb       $N00013                    000000018000cbeb     PhysXCooking_64.exp
 0002:00002c0a       $N00014                    000000018000cc0a     PhysXCooking_64.exp
 0002:00002c3d       $N00015                    000000018000cc3d     PhysXCooking_64.exp
 0002:00002c73       $N00016                    000000018000cc73     PhysXCooking_64.exp
 0002:00002cab       $N00017                    000000018000ccab     PhysXCooking_64.exp
 0002:00002cdd       $N00018                    000000018000ccdd     PhysXCooking_64.exp
 0002:00002d09       $N00019                    000000018000cd09     PhysXCooking_64.exp
 0002:00002d43       $N00020                    000000018000cd43     PhysXCooking_64.exp
 0002:00002d81       $N00021                    000000018000cd81     PhysXCooking_64.exp
 0002:00002dba       $N00022                    000000018000cdba     PhysXCooking_64.exp
 0002:00002de2       $N00023                    000000018000cde2     PhysXCooking_64.exp
 0002:00002e18       $N00024                    000000018000ce18     PhysXCooking_64.exp
 0002:00002e34       $N00025                    000000018000ce34     PhysXCooking_64.exp
 0002:00002e5e       $N00026                    000000018000ce5e     PhysXCooking_64.exp
 0002:00002e9a       $N00027                    000000018000ce9a     PhysXCooking_64.exp
 0002:00002ed5       $N00028                    000000018000ced5     PhysXCooking_64.exp
 0002:00002f10       $N00029                    000000018000cf10     PhysXCooking_64.exp
 0002:00002f45       $N00030                    000000018000cf45     PhysXCooking_64.exp
 0002:00002f81       $N00031                    000000018000cf81     PhysXCooking_64.exp
 0002:00002fb4       $N00032                    000000018000cfb4     PhysXCooking_64.exp
 0002:00002fe7       $N00033                    000000018000cfe7     PhysXCooking_64.exp
 0002:00003021       $N00034                    000000018000d021     PhysXCooking_64.exp
 0002:0000305b       $N00035                    000000018000d05b     PhysXCooking_64.exp
 0002:00003088       $N00036                    000000018000d088     PhysXCooking_64.exp
 0002:000030bb       $N00037                    000000018000d0bb     PhysXCooking_64.exp
 0002:00003103       $N00038                    000000018000d103     PhysXCooking_64.exp
 0002:00003143       $N00039                    000000018000d143     PhysXCooking_64.exp
 0002:00003171       $N00040                    000000018000d171     PhysXCooking_64.exp
 0002:000031b1       $N00041                    000000018000d1b1     PhysXCooking_64.exp
 0002:000031f2       $N00042                    000000018000d1f2     PhysXCooking_64.exp
 0002:0000321f       $N00043                    000000018000d21f     PhysXCooking_64.exp
 0002:0000325b       $N00044                    000000018000d25b     PhysXCooking_64.exp
 0002:00003298       $N00045                    000000018000d298     PhysXCooking_64.exp
 0002:000032c8       $N00046                    000000018000d2c8     PhysXCooking_64.exp
 0002:000032df       $N00047                    000000018000d2df     PhysXCooking_64.exp
 0002:000032fa       $N00048                    000000018000d2fa     PhysXCooking_64.exp
 0002:00003311       $N00049                    000000018000d311     PhysXCooking_64.exp
 0002:00003327       $N00050                    000000018000d327     PhysXCooking_64.exp
 0002:0000333e       $N00051                    000000018000d33e     PhysXCooking_64.exp
 0002:00003356       $N00052                    000000018000d356     PhysXCooking_64.exp
 0002:00003360       $N00053                    000000018000d360     PhysXCooking_64.exp
 0002:00003371       $N00054                    000000018000d371     PhysXCooking_64.exp
 0002:00003383       $N00055                    000000018000d383     PhysXCooking_64.exp
 0002:00003396       $N00056                    000000018000d396     PhysXCooking_64.exp
 0002:000033ac       $N00057                    000000018000d3ac     PhysXCooking_64.exp
 0002:000033bf       $N00058                    000000018000d3bf     PhysXCooking_64.exp
 0002:000033cb       $N00059                    000000018000d3cb     PhysXCooking_64.exp
 0002:000033df       $N00060                    000000018000d3df     PhysXCooking_64.exp
 0002:000033f2       $N00061                    000000018000d3f2     PhysXCooking_64.exp
 0002:00003402       $N00062                    000000018000d402     PhysXCooking_64.exp
 0002:00003416       $N00063                    000000018000d416     PhysXCooking_64.exp
 0002:0000342b       $N00064                    000000018000d42b     PhysXCooking_64.exp
 0002:00003443       $N00065                    000000018000d443     PhysXCooking_64.exp
 0002:00003458       $N00066                    000000018000d458     PhysXCooking_64.exp
 0002:00003475       $N00067                    000000018000d475     PhysXCooking_64.exp
 0002:00003496       $N00068                    000000018000d496     PhysXCooking_64.exp
 0002:000034b5       $N00069                    000000018000d4b5     PhysXCooking_64.exp
 0002:000034ca       $N00070                    000000018000d4ca     PhysXCooking_64.exp
 0002:00003770       .idata$6                   000000018000d770     kernel32:KERNEL32.dll
 0002:00003890       .idata$6                   000000018000d890     vcruntimed:VCRUNTIME140D.dll
 0002:00003a32       .idata$6                   000000018000da32     ucrtd:ucrtbased.dll
 0003:00000230       ?maxV3Error@vecMathTests@aos@physx@@3T__m128@@B 000000018000e230     Cooking.obj
 0003:00000240       ?minFError@vecMathTests@aos@physx@@3T__m128@@B 000000018000e240     Cooking.obj
 0003:00000250       ?maxV4Error@vecMathTests@aos@physx@@3T__m128@@B 000000018000e250     Cooking.obj
 0003:00000260       ?minV4Error@vecMathTests@aos@physx@@3T__m128@@B 000000018000e260     Cooking.obj
 0003:00000270       ?minV3Error@vecMathTests@aos@physx@@3T__m128@@B 000000018000e270     Cooking.obj
 0003:00000280       ?maxFError@vecMathTests@aos@physx@@3T__m128@@B 000000018000e280     Cooking.obj
 0003:00000290       ?_ignore@?2??PxCreateCooking@@9@4_NA 000000018000e290     Cooking.obj
 0003:00000298       ?gCookingDelayLoadHook@@3PEBVPxDelayLoadHook@physx@@EB 000000018000e298     WindowsCookingDelayLoadHook.obj
 0003:000002dc       ?init@?1??_RTC_InitBase@@9@4_NA 000000018000e2dc     MSVCRTD:init.obj
 0003:000002f0       ?__proc_attached@@3HA      000000018000e2f0     MSVCRTD:dll_dllmain.obj
 0003:00000300       ?_RTC_ErrorReportFunc@@3P6AHHPEBDH00ZZEA 000000018000e300     MSVCRTD:userapi.obj
 0003:00000308       ?_RTC_ErrorReportFuncW@@3P6AHHPEB_WH00ZZEA 000000018000e308     MSVCRTD:userapi.obj
 0003:00000330       ?is_initialized_as_dll@@3_NA 000000018000e330     MSVCRTD:utility.obj
 0003:00000331       ?module_local_atexit_table_initialized@@3_NA 000000018000e331     MSVCRTD:utility.obj
 0003:00000338       ?module_local_atexit_table@@3U_onexit_table_t@@A 000000018000e338     MSVCRTD:utility.obj
 0003:00000350       ?module_local_at_quick_exit_table@@3U_onexit_table_t@@A 000000018000e350     MSVCRTD:utility.obj
 0003:00000370       ?mspdb@@3PEAUHINSTANCE__@@EA 000000018000e370     MSVCRTD:pdblkup.obj
 0003:00000378       ?alreadyTried@?1??GetPdbDll@@YAPEAUHINSTANCE__@@XZ@4_NA 000000018000e378     MSVCRTD:pdblkup.obj
 0003:00000379       ?PDBOK@?1??_RTC_GetSrcLine@@YAHPEAEPEA_WKPEAH1K@Z@4_NA 000000018000e379     MSVCRTD:pdblkup.obj
 0003:00000380       GS_ExceptionRecord         000000018000e380     MSVCRTD:gs_report.obj
 0003:00000420       GS_ContextRecord           000000018000e420     MSVCRTD:gs_report.obj
 0005:000000a0       $R000000                   00000001800100a0     PhysXCooking.res
 0005:000003d0       $R000330                   00000001800103d0     PhysXCooking.res
